2025-03-12T12:41:32.523+07:00  INFO 7052 --- [restartedMain] c.b.backend_java.BackendJavaApplication  : Starting BackendJavaApplication using Java 17.0.12 with PID 7052 (D:\projects\web2-java\backend-java\target\classes started by nguyen phat dat in D:\projects\web2-java\backend-java)
2025-03-12T12:41:32.558+07:00 DEBUG 7052 --- [restartedMain] c.b.backend_java.BackendJavaApplication  : Running with Spring Boot v3.4.3, Spring v6.2.3
2025-03-12T12:41:32.567+07:00  INFO 7052 --- [restartedMain] c.b.backend_java.BackendJavaApplication  : No active profile set, falling back to 1 default profile: "default"
2025-03-12T12:41:32.891+07:00  INFO 7052 --- [restartedMain] .e.DevToolsPropertyDefaultsPostProcessor : Devtools property defaults active! Set 'spring.devtools.add-properties' to 'false' to disable
2025-03-12T12:41:32.892+07:00  INFO 7052 --- [restartedMain] .e.DevToolsPropertyDefaultsPostProcessor : For additional web related logging consider setting the 'logging.level.web' property to 'DEBUG'
2025-03-12T12:41:36.241+07:00  INFO 7052 --- [restartedMain] .s.d.r.c.RepositoryConfigurationDelegate : Bootstrapping Spring Data JPA repositories in DEFAULT mode.
2025-03-12T12:41:36.462+07:00  INFO 7052 --- [restartedMain] .s.d.r.c.RepositoryConfigurationDelegate : Finished Spring Data repository scanning in 183 ms. Found 4 JPA repository interfaces.
2025-03-12T12:41:38.637+07:00  INFO 7052 --- [restartedMain] o.s.b.w.embedded.tomcat.TomcatWebServer  : Tomcat initialized with port 8080 (http)
2025-03-12T12:41:38.673+07:00  INFO 7052 --- [restartedMain] o.apache.catalina.core.StandardService   : Starting service [Tomcat]
2025-03-12T12:41:38.675+07:00  INFO 7052 --- [restartedMain] o.apache.catalina.core.StandardEngine    : Starting Servlet engine: [Apache Tomcat/10.1.36]
2025-03-12T12:41:38.816+07:00  INFO 7052 --- [restartedMain] o.a.c.c.C.[Tomcat].[localhost].[/]       : Initializing Spring embedded WebApplicationContext
2025-03-12T12:41:38.819+07:00  INFO 7052 --- [restartedMain] w.s.c.ServletWebServerApplicationContext : Root WebApplicationContext: initialization completed in 5925 ms
2025-03-12T12:41:39.584+07:00  INFO 7052 --- [restartedMain] o.hibernate.jpa.internal.util.LogHelper  : HHH000204: Processing PersistenceUnitInfo [name: default]
2025-03-12T12:41:39.733+07:00  INFO 7052 --- [restartedMain] org.hibernate.Version                    : HHH000412: Hibernate ORM core version 6.6.8.Final
2025-03-12T12:41:39.818+07:00  INFO 7052 --- [restartedMain] o.h.c.internal.RegionFactoryInitiator    : HHH000026: Second-level cache disabled
2025-03-12T12:41:40.371+07:00  INFO 7052 --- [restartedMain] o.s.o.j.p.SpringPersistenceUnitInfo      : No LoadTimeWeaver setup: ignoring JPA class transformer
2025-03-12T12:41:40.441+07:00  INFO 7052 --- [restartedMain] com.zaxxer.hikari.HikariDataSource       : HikariPool-1 - Starting...
2025-03-12T12:41:41.014+07:00  INFO 7052 --- [restartedMain] com.zaxxer.hikari.pool.HikariPool        : HikariPool-1 - Added connection com.mysql.cj.jdbc.ConnectionImpl@3d05d260
2025-03-12T12:41:41.018+07:00  INFO 7052 --- [restartedMain] com.zaxxer.hikari.HikariDataSource       : HikariPool-1 - Start completed.
2025-03-12T12:41:41.116+07:00  WARN 7052 --- [restartedMain] org.hibernate.orm.deprecation            : HHH90000025: MySQL8Dialect does not need to be specified explicitly using 'hibernate.dialect' (remove the property setting and it will be selected by default)
2025-03-12T12:41:41.120+07:00  WARN 7052 --- [restartedMain] org.hibernate.orm.deprecation            : HHH90000026: MySQL8Dialect has been deprecated; use org.hibernate.dialect.MySQLDialect instead
2025-03-12T12:41:41.202+07:00  INFO 7052 --- [restartedMain] org.hibernate.orm.connections.pooling    : HHH10001005: Database info:
	Database JDBC URL [Connecting through datasource 'HikariDataSource (HikariPool-1)']
	Database driver: undefined/unknown
	Database version: 8.0
	Autocommit mode: undefined/unknown
	Isolation level: undefined/unknown
	Minimum pool size: undefined/unknown
	Maximum pool size: undefined/unknown
2025-03-12T12:41:43.655+07:00  INFO 7052 --- [restartedMain] o.h.e.t.j.p.i.JtaPlatformInitiator       : HHH000489: No JTA platform available (set 'hibernate.transaction.jta.platform' to enable JTA platform integration)
2025-03-12T12:41:43.965+07:00  INFO 7052 --- [restartedMain] j.LocalContainerEntityManagerFactoryBean : Initialized JPA EntityManagerFactory for persistence unit 'default'
2025-03-12T12:41:44.507+07:00  INFO 7052 --- [restartedMain] o.s.d.j.r.query.QueryEnhancerFactory     : Hibernate is in classpath; If applicable, HQL parser will be used.
2025-03-12T12:41:45.399+07:00 DEBUG 7052 --- [restartedMain] o.s.w.f.ServerHttpObservationFilter      : Filter 'webMvcObservationFilter' configured for use
2025-03-12T12:41:45.400+07:00 DEBUG 7052 --- [restartedMain] c.b.backend_java.security.JWTFilter      : Filter 'JWTFilter' configured for use
2025-03-12T12:41:46.124+07:00  INFO 7052 --- [restartedMain] eAuthenticationProviderManagerConfigurer : Global AuthenticationManager configured with AuthenticationProvider bean with name daoAuthenticationProvider
2025-03-12T12:41:46.127+07:00  WARN 7052 --- [restartedMain] r$InitializeUserDetailsManagerConfigurer : Global AuthenticationManager configured with an AuthenticationProvider bean. UserDetailsService beans will not be used by Spring Security for automatically configuring username/password login. Consider removing the AuthenticationProvider bean. Alternatively, consider using the UserDetailsService in a manually instantiated DaoAuthenticationProvider. If the current configuration is intentional, to turn off this warning, increase the logging level of 'org.springframework.security.config.annotation.authentication.configuration.InitializeUserDetailsBeanManagerConfigurer' to ERROR
2025-03-12T12:41:46.592+07:00 DEBUG 7052 --- [restartedMain] s.w.s.m.m.a.RequestMappingHandlerMapping : 31 mappings in 'requestMappingHandlerMapping'
2025-03-12T12:41:46.951+07:00 DEBUG 7052 --- [restartedMain] o.s.w.s.handler.SimpleUrlHandlerMapping  : Patterns [/webjars/**, /**, /swagger-ui/swagger-ui*/*swagger-initializer.js, /swagger-ui/swagger-ui*/**] in 'resourceHandlerMapping'
2025-03-12T12:41:47.378+07:00  INFO 7052 --- [restartedMain] o.s.b.a.e.web.EndpointLinksResolver      : Exposing 1 endpoint beneath base path '/actuator'
2025-03-12T12:41:47.561+07:00 DEBUG 7052 --- [restartedMain] o.s.s.web.DefaultSecurityFilterChain     : Will secure any request with filters: DisableEncodeUrlFilter, WebAsyncManagerIntegrationFilter, SecurityContextHolderFilter, HeaderWriterFilter, CorsFilter, LogoutFilter, JWTFilter, RequestCacheAwareFilter, SecurityContextHolderAwareRequestFilter, AnonymousAuthenticationFilter, SessionManagementFilter, ExceptionTranslationFilter, AuthorizationFilter
2025-03-12T12:41:47.796+07:00 DEBUG 7052 --- [restartedMain] s.w.s.m.m.a.RequestMappingHandlerAdapter : ControllerAdvice beans: 0 @ModelAttribute, 0 @InitBinder, 1 RequestBodyAdvice, 1 ResponseBodyAdvice
2025-03-12T12:41:47.884+07:00 DEBUG 7052 --- [restartedMain] .m.m.a.ExceptionHandlerExceptionResolver : ControllerAdvice beans: 2 @ExceptionHandler, 1 ResponseBodyAdvice
2025-03-12T12:41:48.517+07:00  INFO 7052 --- [restartedMain] o.s.b.d.a.OptionalLiveReloadServer       : LiveReload server is running on port 35729
2025-03-12T12:41:48.642+07:00  INFO 7052 --- [restartedMain] o.s.b.w.embedded.tomcat.TomcatWebServer  : Tomcat started on port 8080 (http) with context path '/'
2025-03-12T12:41:48.667+07:00  INFO 7052 --- [restartedMain] c.b.backend_java.BackendJavaApplication  : Started BackendJavaApplication in 17.563 seconds (process running for 18.726)
2025-03-12T12:41:50.388+07:00  INFO 7052 --- [RMI TCP Connection(3)-127.0.0.1] o.a.c.c.C.[Tomcat].[localhost].[/]       : Initializing Spring DispatcherServlet 'dispatcherServlet'
2025-03-12T12:41:50.389+07:00  INFO 7052 --- [RMI TCP Connection(3)-127.0.0.1] o.s.web.servlet.DispatcherServlet        : Initializing Servlet 'dispatcherServlet'
2025-03-12T12:41:50.390+07:00 DEBUG 7052 --- [RMI TCP Connection(3)-127.0.0.1] o.s.web.servlet.DispatcherServlet        : Detected StandardServletMultipartResolver
2025-03-12T12:41:50.390+07:00 DEBUG 7052 --- [RMI TCP Connection(3)-127.0.0.1] o.s.web.servlet.DispatcherServlet        : Detected AcceptHeaderLocaleResolver
2025-03-12T12:41:50.391+07:00 DEBUG 7052 --- [RMI TCP Connection(3)-127.0.0.1] o.s.web.servlet.DispatcherServlet        : Detected FixedThemeResolver
2025-03-12T12:41:50.393+07:00 DEBUG 7052 --- [RMI TCP Connection(3)-127.0.0.1] o.s.web.servlet.DispatcherServlet        : Detected org.springframework.web.servlet.view.DefaultRequestToViewNameTranslator@2b7a522b
2025-03-12T12:41:50.395+07:00 DEBUG 7052 --- [RMI TCP Connection(3)-127.0.0.1] o.s.web.servlet.DispatcherServlet        : Detected org.springframework.web.servlet.support.SessionFlashMapManager@14502b7a
2025-03-12T12:41:50.396+07:00 DEBUG 7052 --- [RMI TCP Connection(3)-127.0.0.1] o.s.web.servlet.DispatcherServlet        : enableLoggingRequestDetails='false': request parameters and headers will be masked to prevent unsafe logging of potentially sensitive data
2025-03-12T12:41:50.397+07:00  INFO 7052 --- [RMI TCP Connection(3)-127.0.0.1] o.s.web.servlet.DispatcherServlet        : Completed initialization in 6 ms
2025-03-12T19:20:40.396+07:00  INFO 10608 --- [restartedMain] c.b.backend_java.BackendJavaApplication  : Starting BackendJavaApplication using Java 17.0.12 with PID 10608 (D:\projects\web2-java\backend-java\target\classes started by nguyen phat dat in D:\projects\web2-java\backend-java)
2025-03-12T19:20:40.401+07:00 DEBUG 10608 --- [restartedMain] c.b.backend_java.BackendJavaApplication  : Running with Spring Boot v3.4.3, Spring v6.2.3
2025-03-12T19:20:40.405+07:00  INFO 10608 --- [restartedMain] c.b.backend_java.BackendJavaApplication  : No active profile set, falling back to 1 default profile: "default"
2025-03-12T19:20:40.663+07:00  INFO 10608 --- [restartedMain] .e.DevToolsPropertyDefaultsPostProcessor : Devtools property defaults active! Set 'spring.devtools.add-properties' to 'false' to disable
2025-03-12T19:20:40.665+07:00  INFO 10608 --- [restartedMain] .e.DevToolsPropertyDefaultsPostProcessor : For additional web related logging consider setting the 'logging.level.web' property to 'DEBUG'
2025-03-12T19:20:43.319+07:00  INFO 10608 --- [restartedMain] .s.d.r.c.RepositoryConfigurationDelegate : Bootstrapping Spring Data JPA repositories in DEFAULT mode.
2025-03-12T19:20:43.542+07:00  INFO 10608 --- [restartedMain] .s.d.r.c.RepositoryConfigurationDelegate : Finished Spring Data repository scanning in 181 ms. Found 4 JPA repository interfaces.
2025-03-12T19:20:45.746+07:00  INFO 10608 --- [restartedMain] o.s.b.w.embedded.tomcat.TomcatWebServer  : Tomcat initialized with port 8080 (http)
2025-03-12T19:20:45.770+07:00  INFO 10608 --- [restartedMain] o.apache.catalina.core.StandardService   : Starting service [Tomcat]
2025-03-12T19:20:45.771+07:00  INFO 10608 --- [restartedMain] o.apache.catalina.core.StandardEngine    : Starting Servlet engine: [Apache Tomcat/10.1.36]
2025-03-12T19:20:45.902+07:00  INFO 10608 --- [restartedMain] o.a.c.c.C.[Tomcat].[localhost].[/]       : Initializing Spring embedded WebApplicationContext
2025-03-12T19:20:45.904+07:00  INFO 10608 --- [restartedMain] w.s.c.ServletWebServerApplicationContext : Root WebApplicationContext: initialization completed in 5238 ms
2025-03-12T19:20:46.974+07:00  INFO 10608 --- [restartedMain] o.hibernate.jpa.internal.util.LogHelper  : HHH000204: Processing PersistenceUnitInfo [name: default]
2025-03-12T19:20:47.179+07:00  INFO 10608 --- [restartedMain] org.hibernate.Version                    : HHH000412: Hibernate ORM core version 6.6.8.Final
2025-03-12T19:20:47.287+07:00  INFO 10608 --- [restartedMain] o.h.c.internal.RegionFactoryInitiator    : HHH000026: Second-level cache disabled
2025-03-12T19:20:48.104+07:00  INFO 10608 --- [restartedMain] o.s.o.j.p.SpringPersistenceUnitInfo      : No LoadTimeWeaver setup: ignoring JPA class transformer
2025-03-12T19:20:48.212+07:00  INFO 10608 --- [restartedMain] com.zaxxer.hikari.HikariDataSource       : HikariPool-1 - Starting...
2025-03-12T19:20:48.785+07:00  INFO 10608 --- [restartedMain] com.zaxxer.hikari.pool.HikariPool        : HikariPool-1 - Added connection com.mysql.cj.jdbc.ConnectionImpl@447aa0c3
2025-03-12T19:20:48.822+07:00  INFO 10608 --- [restartedMain] com.zaxxer.hikari.HikariDataSource       : HikariPool-1 - Start completed.
2025-03-12T19:20:49.075+07:00  WARN 10608 --- [restartedMain] org.hibernate.orm.deprecation            : HHH90000025: MySQL8Dialect does not need to be specified explicitly using 'hibernate.dialect' (remove the property setting and it will be selected by default)
2025-03-12T19:20:49.118+07:00  WARN 10608 --- [restartedMain] org.hibernate.orm.deprecation            : HHH90000026: MySQL8Dialect has been deprecated; use org.hibernate.dialect.MySQLDialect instead
2025-03-12T19:20:49.183+07:00  INFO 10608 --- [restartedMain] org.hibernate.orm.connections.pooling    : HHH10001005: Database info:
	Database JDBC URL [Connecting through datasource 'HikariDataSource (HikariPool-1)']
	Database driver: undefined/unknown
	Database version: 8.0
	Autocommit mode: undefined/unknown
	Isolation level: undefined/unknown
	Minimum pool size: undefined/unknown
	Maximum pool size: undefined/unknown
2025-03-12T19:20:52.736+07:00  INFO 10608 --- [restartedMain] o.h.e.t.j.p.i.JtaPlatformInitiator       : HHH000489: No JTA platform available (set 'hibernate.transaction.jta.platform' to enable JTA platform integration)
2025-03-12T19:20:53.193+07:00  INFO 10608 --- [restartedMain] j.LocalContainerEntityManagerFactoryBean : Initialized JPA EntityManagerFactory for persistence unit 'default'
2025-03-12T19:20:53.873+07:00  INFO 10608 --- [restartedMain] o.s.d.j.r.query.QueryEnhancerFactory     : Hibernate is in classpath; If applicable, HQL parser will be used.
2025-03-12T19:20:55.242+07:00 DEBUG 10608 --- [restartedMain] o.s.w.f.ServerHttpObservationFilter      : Filter 'webMvcObservationFilter' configured for use
2025-03-12T19:20:55.245+07:00 DEBUG 10608 --- [restartedMain] c.b.backend_java.security.JWTFilter      : Filter 'JWTFilter' configured for use
2025-03-12T19:20:56.348+07:00  INFO 10608 --- [restartedMain] eAuthenticationProviderManagerConfigurer : Global AuthenticationManager configured with AuthenticationProvider bean with name daoAuthenticationProvider
2025-03-12T19:20:56.350+07:00  WARN 10608 --- [restartedMain] r$InitializeUserDetailsManagerConfigurer : Global AuthenticationManager configured with an AuthenticationProvider bean. UserDetailsService beans will not be used by Spring Security for automatically configuring username/password login. Consider removing the AuthenticationProvider bean. Alternatively, consider using the UserDetailsService in a manually instantiated DaoAuthenticationProvider. If the current configuration is intentional, to turn off this warning, increase the logging level of 'org.springframework.security.config.annotation.authentication.configuration.InitializeUserDetailsBeanManagerConfigurer' to ERROR
2025-03-12T19:20:56.848+07:00 DEBUG 10608 --- [restartedMain] s.w.s.m.m.a.RequestMappingHandlerMapping : 31 mappings in 'requestMappingHandlerMapping'
2025-03-12T19:20:57.622+07:00 DEBUG 10608 --- [restartedMain] o.s.w.s.handler.SimpleUrlHandlerMapping  : Patterns [/webjars/**, /**, /swagger-ui/swagger-ui*/*swagger-initializer.js, /swagger-ui/swagger-ui*/**] in 'resourceHandlerMapping'
2025-03-12T19:20:58.052+07:00  INFO 10608 --- [restartedMain] o.s.b.a.e.web.EndpointLinksResolver      : Exposing 1 endpoint beneath base path '/actuator'
2025-03-12T19:20:58.316+07:00 DEBUG 10608 --- [restartedMain] o.s.s.web.DefaultSecurityFilterChain     : Will secure any request with filters: DisableEncodeUrlFilter, WebAsyncManagerIntegrationFilter, SecurityContextHolderFilter, HeaderWriterFilter, CorsFilter, LogoutFilter, JWTFilter, RequestCacheAwareFilter, SecurityContextHolderAwareRequestFilter, AnonymousAuthenticationFilter, SessionManagementFilter, ExceptionTranslationFilter, AuthorizationFilter
2025-03-12T19:20:58.632+07:00 DEBUG 10608 --- [restartedMain] s.w.s.m.m.a.RequestMappingHandlerAdapter : ControllerAdvice beans: 0 @ModelAttribute, 0 @InitBinder, 1 RequestBodyAdvice, 1 ResponseBodyAdvice
2025-03-12T19:20:58.756+07:00 DEBUG 10608 --- [restartedMain] .m.m.a.ExceptionHandlerExceptionResolver : ControllerAdvice beans: 2 @ExceptionHandler, 1 ResponseBodyAdvice
2025-03-12T19:21:00.114+07:00  INFO 10608 --- [restartedMain] o.s.b.d.a.OptionalLiveReloadServer       : LiveReload server is running on port 35729
2025-03-12T19:21:00.310+07:00  INFO 10608 --- [restartedMain] o.s.b.w.embedded.tomcat.TomcatWebServer  : Tomcat started on port 8080 (http) with context path '/'
2025-03-12T19:21:00.345+07:00  INFO 10608 --- [restartedMain] c.b.backend_java.BackendJavaApplication  : Started BackendJavaApplication in 20.624 seconds (process running for 21.649)
2025-03-12T19:24:52.039+07:00  INFO 10608 --- [http-nio-8080-exec-2] o.a.c.c.C.[Tomcat].[localhost].[/]       : Initializing Spring DispatcherServlet 'dispatcherServlet'
2025-03-12T19:24:52.046+07:00  INFO 10608 --- [http-nio-8080-exec-2] o.s.web.servlet.DispatcherServlet        : Initializing Servlet 'dispatcherServlet'
2025-03-12T19:24:52.048+07:00 DEBUG 10608 --- [http-nio-8080-exec-2] o.s.web.servlet.DispatcherServlet        : Detected StandardServletMultipartResolver
2025-03-12T19:24:52.049+07:00 DEBUG 10608 --- [http-nio-8080-exec-2] o.s.web.servlet.DispatcherServlet        : Detected AcceptHeaderLocaleResolver
2025-03-12T19:24:52.133+07:00 DEBUG 10608 --- [http-nio-8080-exec-2] o.s.web.servlet.DispatcherServlet        : Detected FixedThemeResolver
2025-03-12T19:24:52.155+07:00 DEBUG 10608 --- [http-nio-8080-exec-2] o.s.web.servlet.DispatcherServlet        : Detected org.springframework.web.servlet.view.DefaultRequestToViewNameTranslator@4fef0c9b
2025-03-12T19:24:52.169+07:00 DEBUG 10608 --- [http-nio-8080-exec-2] o.s.web.servlet.DispatcherServlet        : Detected org.springframework.web.servlet.support.SessionFlashMapManager@18514f6f
2025-03-12T19:24:52.171+07:00 DEBUG 10608 --- [http-nio-8080-exec-2] o.s.web.servlet.DispatcherServlet        : enableLoggingRequestDetails='false': request parameters and headers will be masked to prevent unsafe logging of potentially sensitive data
2025-03-12T19:24:52.171+07:00  INFO 10608 --- [http-nio-8080-exec-2] o.s.web.servlet.DispatcherServlet        : Completed initialization in 123 ms
2025-03-12T19:24:52.226+07:00 DEBUG 10608 --- [http-nio-8080-exec-2] o.s.security.web.FilterChainProxy        : Securing GET /api/public/users
2025-03-12T19:24:52.282+07:00 DEBUG 10608 --- [http-nio-8080-exec-2] o.s.s.w.a.AnonymousAuthenticationFilter  : Set SecurityContextHolder to anonymous SecurityContext
2025-03-12T19:24:52.302+07:00 DEBUG 10608 --- [http-nio-8080-exec-2] o.s.security.web.FilterChainProxy        : Secured GET /api/public/users
2025-03-12T19:24:52.351+07:00 DEBUG 10608 --- [http-nio-8080-exec-2] o.s.web.servlet.DispatcherServlet        : GET "/api/public/users", parameters={}
2025-03-12T19:24:52.368+07:00 DEBUG 10608 --- [http-nio-8080-exec-2] s.w.s.m.m.a.RequestMappingHandlerMapping : Mapped to com.backend.backend_java.controller.UserController#getUsers(Integer, Integer, String, String)
2025-03-12T19:24:52.917+07:00 DEBUG 10608 --- [http-nio-8080-exec-2] o.s.w.s.m.m.a.HttpEntityMethodProcessor  : Using 'application/json', given [application/json] and supported [application/json, application/*+json, application/yaml]
2025-03-12T19:24:52.970+07:00 DEBUG 10608 --- [http-nio-8080-exec-2] o.s.w.s.m.m.a.HttpEntityMethodProcessor  : Writing [UserReponse(content=[UserDTO(userId=2, fullname=Nguy?n Phát ??t, email=dat48421@gmail.com, username= (truncated)...]
2025-03-12T19:24:53.061+07:00 DEBUG 10608 --- [http-nio-8080-exec-2] o.s.web.servlet.DispatcherServlet        : Completed 200 OK
2025-03-12T19:26:32.986+07:00 DEBUG 10608 --- [http-nio-8080-exec-5] o.s.security.web.FilterChainProxy        : Securing PUT /api/public/users/2
2025-03-12T19:26:32.991+07:00 DEBUG 10608 --- [http-nio-8080-exec-5] o.s.s.w.a.AnonymousAuthenticationFilter  : Set SecurityContextHolder to anonymous SecurityContext
2025-03-12T19:26:32.998+07:00 DEBUG 10608 --- [http-nio-8080-exec-5] o.s.security.web.FilterChainProxy        : Secured PUT /api/public/users/2
2025-03-12T19:26:32.999+07:00 DEBUG 10608 --- [http-nio-8080-exec-5] o.s.web.servlet.DispatcherServlet        : PUT "/api/public/users/2", parameters={}
2025-03-12T19:26:33.001+07:00 DEBUG 10608 --- [http-nio-8080-exec-5] s.w.s.m.m.a.RequestMappingHandlerMapping : Mapped to com.backend.backend_java.controller.UserController#updateUser(UserDTO, Long)
2025-03-12T19:26:33.123+07:00 DEBUG 10608 --- [http-nio-8080-exec-5] m.m.a.RequestResponseBodyMethodProcessor : Read "application/json;charset=UTF-8" to [UserDTO(userId=null, fullname=Nguy?n Phát ??t ddax sua, email=dat48421@gmail.com, username=fatdat04, (truncated)...]
2025-03-12T19:26:33.425+07:00 DEBUG 10608 --- [http-nio-8080-exec-5] o.s.w.s.m.m.a.HttpEntityMethodProcessor  : Using 'application/json', given [application/json] and supported [application/json, application/*+json, application/yaml]
2025-03-12T19:26:33.434+07:00 DEBUG 10608 --- [http-nio-8080-exec-5] o.s.w.s.m.m.a.HttpEntityMethodProcessor  : Writing [UserDTO(userId=2, fullname=Nguy?n Phát ??t ddax sua, email=dat48421@gmail.com, username=fatdat04, ph (truncated)...]
2025-03-12T19:26:33.445+07:00 DEBUG 10608 --- [http-nio-8080-exec-5] o.s.web.servlet.DispatcherServlet        : Completed 200 OK
