#
# There is insufficient memory for the Java Runtime Environment to continue.
# Native memory allocation (malloc) failed to allocate 335216 bytes. Error detail: Chunk::new
# Possible reasons:
#   The system is out of physical RAM or swap space
#   This process is running with CompressedOops enabled, and the Java Heap may be blocking the growth of the native heap
# Possible solutions:
#   Reduce memory load on the system
#   Increase physical memory or swap space
#   Check if swap backing store is full
#   Decrease Java heap size (-Xmx/-Xms)
#   Decrease number of Java threads
#   Decrease Java thread stack sizes (-Xss)
#   Set larger code cache with -XX:ReservedCodeCacheSize=
#   JVM is running with Unscaled Compressed Oops mode in which the Java heap is
#     placed in the first 4GB address space. The Java Heap base address is the
#     maximum limit for the native heap growth. Please use -XX:HeapBaseMinAddress
#     to set the Java Heap base and to place the Java Heap above 4GB virtual address.
# This output file may be truncated or incomplete.
#
#  Out of Memory Error (arena.cpp:168), pid=9508, tid=4860
#
# JRE version: OpenJDK Runtime Environment Temurin-21.0.6+7 (21.0.6+7) (build 21.0.6+7-LTS)
# Java VM: OpenJDK 64-Bit Server VM Temurin-21.0.6+7 (21.0.6+7-LTS, mixed mode, sharing, tiered, compressed oops, compressed class ptrs, parallel gc, windows-amd64)
# No core dump will be written. Minidumps are not enabled by default on client versions of Windows
#

---------------  S U M M A R Y ------------

Command Line: --add-modules=ALL-SYSTEM --add-opens=java.base/java.util=ALL-UNNAMED --add-opens=java.base/java.lang=ALL-UNNAMED --add-opens=java.base/sun.nio.fs=ALL-UNNAMED -Declipse.application=org.eclipse.jdt.ls.core.id1 -Dosgi.bundles.defaultStartLevel=4 -Declipse.product=org.eclipse.jdt.ls.core.product -Djava.import.generatesMetadataFilesAtProjectRoot=false -DDetectVMInstallationsJob.disabled=true -Dfile.encoding=utf8 -XX:+UseParallelGC -XX:GCTimeRatio=4 -XX:AdaptiveSizePolicyWeight=90 -Dsun.zip.disableMemoryMapping=true -Xmx1G -Xms100m -Xlog:disable -javaagent:c:\Users\nguyen phat dat\.vscode\extensions\redhat.java-1.41.1-win32-x64\lombok\lombok-1.18.36.jar c:\Users\nguyen phat dat\.vscode\extensions\redhat.java-1.41.1-win32-x64\server\plugins\org.eclipse.equinox.launcher_1.7.0.v20250331-1702.jar -configuration c:\Users\nguyen phat dat\AppData\Roaming\Code\User\globalStorage\redhat.java\1.41.1\config_ss_win -data c:\Users\nguyen phat dat\AppData\Roaming\Code\User\workspaceStorage\d9761c6cf0865b2f3b179032c507731e\redhat.java\ss_ws --pipe=\\.\pipe\lsp-a563c21f68596516485562f77b0f40d8-sock

Host: 11th Gen Intel(R) Core(TM) i3-1115G4 @ 3.00GHz, 4 cores, 7G,  Windows 11 , 64 bit Build 22621 (10.0.22621.5124)
Time: Wed Apr  2 13:55:29 2025 SE Asia Standard Time elapsed time: 1.086487 seconds (0d 0h 0m 1s)

---------------  T H R E A D  ---------------

Current thread (0x00000242942a1a40):  JavaThread "C2 CompilerThread0" daemon [_thread_in_native, id=4860, stack(0x00000084a1100000,0x00000084a1200000) (1024K)]


Current CompileTask:
C2:1086  897   !   4       java.util.jar.Attributes::read (494 bytes)

Stack: [0x00000084a1100000,0x00000084a1200000]
Native frames: (J=compiled Java code, j=interpreted, Vv=VM code, C=native code)
V  [jvm.dll+0x6cdee9]
V  [jvm.dll+0x8a83d1]
V  [jvm.dll+0x8aa8fe]
V  [jvm.dll+0x8aafe3]
V  [jvm.dll+0x27f706]
V  [jvm.dll+0xc500d]
V  [jvm.dll+0xc5543]
V  [jvm.dll+0x2f2acd]
V  [jvm.dll+0x5f6a2a]
V  [jvm.dll+0x250bb2]
V  [jvm.dll+0x250f6f]
V  [jvm.dll+0x249834]
V  [jvm.dll+0x246ec4]
V  [jvm.dll+0x1c75ee]
V  [jvm.dll+0x25685a]
V  [jvm.dll+0x254dfa]
V  [jvm.dll+0x3f0256]
V  [jvm.dll+0x851f8b]
V  [jvm.dll+0x6cc5ed]
C  [ucrtbase.dll+0x29333]
C  [KERNEL32.DLL+0x1259d]
C  [ntdll.dll+0x5af38]


---------------  P R O C E S S  ---------------

Threads class SMR info:
_java_thread_list=0x00000242da29d2b0, length=12, elements={
0x00000242fc858600, 0x00000242fecaabb0, 0x00000242fecac300, 0x0000024294272060,
0x0000024294272d70, 0x00000242942742c0, 0x0000024294295d30, 0x00000242942a1a40,
0x00000242942b98f0, 0x00000242da058530, 0x00000242da2f1af0, 0x00000242da307ea0
}

Java Threads: ( => current thread )
  0x00000242fc858600 JavaThread "main"                              [_thread_in_vm, id=15436, stack(0x00000084a0700000,0x00000084a0800000) (1024K)]
  0x00000242fecaabb0 JavaThread "Reference Handler"          daemon [_thread_blocked, id=1412, stack(0x00000084a0b00000,0x00000084a0c00000) (1024K)]
  0x00000242fecac300 JavaThread "Finalizer"                  daemon [_thread_blocked, id=9892, stack(0x00000084a0c00000,0x00000084a0d00000) (1024K)]
  0x0000024294272060 JavaThread "Signal Dispatcher"          daemon [_thread_blocked, id=1672, stack(0x00000084a0d00000,0x00000084a0e00000) (1024K)]
  0x0000024294272d70 JavaThread "Attach Listener"            daemon [_thread_blocked, id=15772, stack(0x00000084a0e00000,0x00000084a0f00000) (1024K)]
  0x00000242942742c0 JavaThread "Service Thread"             daemon [_thread_blocked, id=10848, stack(0x00000084a0f00000,0x00000084a1000000) (1024K)]
  0x0000024294295d30 JavaThread "Monitor Deflation Thread"   daemon [_thread_blocked, id=8696, stack(0x00000084a1000000,0x00000084a1100000) (1024K)]
=>0x00000242942a1a40 JavaThread "C2 CompilerThread0"         daemon [_thread_in_native, id=4860, stack(0x00000084a1100000,0x00000084a1200000) (1024K)]
  0x00000242942b98f0 JavaThread "C1 CompilerThread0"         daemon [_thread_blocked, id=11480, stack(0x00000084a1200000,0x00000084a1300000) (1024K)]
  0x00000242da058530 JavaThread "Common-Cleaner"             daemon [_thread_blocked, id=13940, stack(0x00000084a1300000,0x00000084a1400000) (1024K)]
  0x00000242da2f1af0 JavaThread "Notification Thread"        daemon [_thread_blocked, id=12968, stack(0x00000084a1500000,0x00000084a1600000) (1024K)]
  0x00000242da307ea0 JavaThread "C2 CompilerThread1"         daemon [_thread_in_native, id=7372, stack(0x00000084a1400000,0x00000084a1500000) (1024K)]
Total: 12

Other Threads:
  0x00000242fec8e9d0 VMThread "VM Thread"                           [id=14204, stack(0x00000084a0a00000,0x00000084a0b00000) (1024K)]
  0x000002429420c950 WatcherThread "VM Periodic Task Thread"        [id=11604, stack(0x00000084a0900000,0x00000084a0a00000) (1024K)]
  0x00000242fec0e710 WorkerThread "GC Thread#0"                     [id=14964, stack(0x00000084a0800000,0x00000084a0900000) (1024K)]
Total: 3

Threads with active compile tasks:
C2 CompilerThread0  1106  897   !   4       java.util.jar.Attributes::read (494 bytes)
C2 CompilerThread1  1106  909       4       sun.security.provider.SHA2::implCompress0 (448 bytes)
Total: 2

VM state: not at safepoint (normal execution)

VM Mutex/Monitor currently owned by a thread: None

Heap address: 0x00000000c0000000, size: 1024 MB, Compressed Oops mode: 32-bit

CDS archive(s) mapped at: [0x0000024295000000-0x0000024295ba0000-0x0000024295ba0000), size 12189696, SharedBaseAddress: 0x0000024295000000, ArchiveRelocationMode: 1.
Compressed class space mapped at: 0x0000024296000000-0x00000242d6000000, reserved size: 1073741824
Narrow klass base: 0x0000024295000000, Narrow klass shift: 0, Narrow klass range: 0x100000000

GC Precious Log:
 CardTable entry size: 512
 CPUs: 4 total, 4 available
 Memory: 7886M
 Large Page Support: Disabled
 NUMA Support: Disabled
 Compressed Oops: Enabled (32-bit)
 Alignments: Space 512K, Generation 512K, Heap 2M
 Heap Min Capacity: 100M
 Heap Initial Capacity: 100M
 Heap Max Capacity: 1G
 Pre-touch: Disabled
 Parallel Workers: 4

Heap:
 PSYoungGen      total 29696K, used 19456K [0x00000000eab00000, 0x00000000ecc00000, 0x0000000100000000)
  eden space 25600K, 76% used [0x00000000eab00000,0x00000000ebe003c0,0x00000000ec400000)
  from space 4096K, 0% used [0x00000000ec800000,0x00000000ec800000,0x00000000ecc00000)
  to   space 4096K, 0% used [0x00000000ec400000,0x00000000ec400000,0x00000000ec800000)
 ParOldGen       total 68608K, used 0K [0x00000000c0000000, 0x00000000c4300000, 0x00000000eab00000)
  object space 68608K, 0% used [0x00000000c0000000,0x00000000c0000000,0x00000000c4300000)
 Metaspace       used 3339K, committed 3584K, reserved 1114112K
  class space    used 333K, committed 448K, reserved 1048576K

Card table byte_map: [0x00000242fe590000,0x00000242fe7a0000] _byte_map_base: 0x00000242fdf90000

Marking Bits: (ParMarkBitMap*) 0x00007ff8db163260
 Begin Bits: [0x0000024292130000, 0x0000024293130000)
 End Bits:   [0x0000024293130000, 0x0000024294130000)

Polling page: 0x00000242fcbd0000

Metaspace:

Usage:
  Non-class:      2.94 MB used.
      Class:    334.16 KB used.
       Both:      3.26 MB used.

Virtual space:
  Non-class space:       64.00 MB reserved,       3.06 MB (  5%) committed,  1 nodes.
      Class space:        1.00 GB reserved,     448.00 KB ( <1%) committed,  1 nodes.
             Both:        1.06 GB reserved,       3.50 MB ( <1%) committed. 

Chunk freelists:
   Non-Class:  11.45 MB
       Class:  15.51 MB
        Both:  26.96 MB

MaxMetaspaceSize: unlimited
CompressedClassSpaceSize: 1.00 GB
Initial GC threshold: 21.00 MB
Current GC threshold: 21.00 MB
CDS: on
 - commit_granule_bytes: 65536.
 - commit_granule_words: 8192.
 - virtual_space_node_default_size: 8388608.
 - enlarge_chunks_in_place: 1.
 - use_allocation_guard: 0.


Internal statistics:

num_allocs_failed_limit: 0.
num_arena_births: 134.
num_arena_deaths: 0.
num_vsnodes_births: 2.
num_vsnodes_deaths: 0.
num_space_committed: 56.
num_space_uncommitted: 0.
num_chunks_returned_to_freelist: 0.
num_chunks_taken_from_freelist: 179.
num_chunk_merges: 0.
num_chunk_splits: 114.
num_chunks_enlarged: 62.
num_inconsistent_stats: 0.

CodeHeap 'non-profiled nmethods': size=120000Kb used=353Kb max_used=353Kb free=119646Kb
 bounds [0x000002428ac00000, 0x000002428ae70000, 0x0000024292130000]
CodeHeap 'profiled nmethods': size=120000Kb used=1502Kb max_used=1502Kb free=118497Kb
 bounds [0x0000024283130000, 0x00000242833a0000, 0x000002428a660000]
CodeHeap 'non-nmethods': size=5760Kb used=1198Kb max_used=1216Kb free=4561Kb
 bounds [0x000002428a660000, 0x000002428a8d0000, 0x000002428ac00000]
 total_blobs=1370 nmethods=921 adapters=356
 compilation: enabled
              stopped_count=0, restarted_count=0
 full_count=0

Compilation events (20 events):
Event: 1.058 Thread 0x00000242942b98f0 nmethod 906% 0x000002428329c590 code [0x000002428329c7a0, 0x000002428329ce88]
Event: 1.058 Thread 0x00000242942b98f0  907       3       java.math.BigInteger::implMultiplyToLen (216 bytes)
Event: 1.058 Thread 0x00000242da307ea0 nmethod 905 0x000002428ac55290 code [0x000002428ac55420, 0x000002428ac55590]
Event: 1.058 Thread 0x00000242da307ea0  898   !   4       java.lang.String::<init> (890 bytes)
Event: 1.058 Thread 0x00000242942b98f0 nmethod 907 0x000002428329d310 code [0x000002428329d500, 0x000002428329daa8]
Event: 1.070 Thread 0x00000242942b98f0  911       3       java.util.Objects::checkFromToIndex (8 bytes)
Event: 1.070 Thread 0x00000242942b98f0 nmethod 911 0x000002428329de90 code [0x000002428329e040, 0x000002428329e268]
Event: 1.071 Thread 0x00000242942b98f0  912       3       sun.security.util.DerOutputStream::putLength (147 bytes)
Event: 1.073 Thread 0x00000242942b98f0 nmethod 912 0x000002428329e390 code [0x000002428329e760, 0x00000242832a0bd8]
Event: 1.082 Thread 0x00000242942b98f0  915  s    3       java.util.Hashtable::get (69 bytes)
Event: 1.082 Thread 0x00000242942b98f0 nmethod 915 0x00000242832a1b10 code [0x00000242832a1d00, 0x00000242832a2250]
Event: 1.083 Thread 0x00000242942b98f0  916  s    3       java.util.Hashtable::put (104 bytes)
Event: 1.083 Thread 0x00000242942b98f0 nmethod 916 0x00000242832a2410 code [0x00000242832a2620, 0x00000242832a2cf8]
Event: 1.083 Thread 0x00000242942b98f0  917       3       java.util.Hashtable::addEntry (87 bytes)
Event: 1.084 Thread 0x00000242942b98f0 nmethod 917 0x00000242832a2f90 code [0x00000242832a3180, 0x00000242832a37b0]
Event: 1.084 Thread 0x00000242942b98f0  918       3       java.util.Hashtable$Entry::<init> (26 bytes)
Event: 1.084 Thread 0x00000242942b98f0 nmethod 918 0x00000242832a3a10 code [0x00000242832a3bc0, 0x00000242832a3d70]
Event: 1.084 Thread 0x00000242942b98f0  919       3       sun.security.util.SignatureFileVerifier::updateSigners (132 bytes)
Event: 1.084 Thread 0x00000242942b98f0 nmethod 919 0x00000242832a3e10 code [0x00000242832a40c0, 0x00000242832a4f60]
Event: 1.084 Thread 0x00000242942b98f0  920       3       sun.security.util.SignatureFileVerifier::matches (89 bytes)

GC Heap History (0 events):
No events

Dll operation events (8 events):
Event: 0.009 Loaded shared library c:\Users\nguyen phat dat\.vscode\extensions\redhat.java-1.41.1-win32-x64\jre\21.0.6-win32-x86_64\bin\java.dll
Event: 0.086 Loaded shared library c:\Users\nguyen phat dat\.vscode\extensions\redhat.java-1.41.1-win32-x64\jre\21.0.6-win32-x86_64\bin\zip.dll
Event: 0.108 Loaded shared library C:\Users\nguyen phat dat\.vscode\extensions\redhat.java-1.41.1-win32-x64\jre\21.0.6-win32-x86_64\bin\instrument.dll
Event: 0.113 Loaded shared library C:\Users\nguyen phat dat\.vscode\extensions\redhat.java-1.41.1-win32-x64\jre\21.0.6-win32-x86_64\bin\net.dll
Event: 0.116 Loaded shared library C:\Users\nguyen phat dat\.vscode\extensions\redhat.java-1.41.1-win32-x64\jre\21.0.6-win32-x86_64\bin\nio.dll
Event: 0.120 Loaded shared library C:\Users\nguyen phat dat\.vscode\extensions\redhat.java-1.41.1-win32-x64\jre\21.0.6-win32-x86_64\bin\zip.dll
Event: 0.145 Loaded shared library C:\Users\nguyen phat dat\.vscode\extensions\redhat.java-1.41.1-win32-x64\jre\21.0.6-win32-x86_64\bin\jimage.dll
Event: 0.238 Loaded shared library c:\Users\nguyen phat dat\.vscode\extensions\redhat.java-1.41.1-win32-x64\jre\21.0.6-win32-x86_64\bin\verify.dll

Deoptimization events (20 events):
Event: 1.073 Thread 0x00000242fc858600 DEOPT PACKING pc=0x000002428324bbdd sp=0x00000084a07fe500
Event: 1.073 Thread 0x00000242fc858600 DEOPT UNPACKING pc=0x000002428a6b78e2 sp=0x00000084a07fd978 mode 0
Event: 1.073 Thread 0x00000242fc858600 DEOPT PACKING pc=0x000002428324bbdd sp=0x00000084a07fe500
Event: 1.073 Thread 0x00000242fc858600 DEOPT UNPACKING pc=0x000002428a6b78e2 sp=0x00000084a07fd978 mode 0
Event: 1.074 Thread 0x00000242fc858600 DEOPT PACKING pc=0x000002428324bbdd sp=0x00000084a07fe500
Event: 1.074 Thread 0x00000242fc858600 DEOPT UNPACKING pc=0x000002428a6b78e2 sp=0x00000084a07fd978 mode 0
Event: 1.075 Thread 0x00000242fc858600 DEOPT PACKING pc=0x000002428324bbdd sp=0x00000084a07fe500
Event: 1.075 Thread 0x00000242fc858600 DEOPT UNPACKING pc=0x000002428a6b78e2 sp=0x00000084a07fd978 mode 0
Event: 1.075 Thread 0x00000242fc858600 DEOPT PACKING pc=0x000002428324bbdd sp=0x00000084a07fe500
Event: 1.075 Thread 0x00000242fc858600 DEOPT UNPACKING pc=0x000002428a6b78e2 sp=0x00000084a07fd978 mode 0
Event: 1.076 Thread 0x00000242fc858600 DEOPT PACKING pc=0x000002428324bbdd sp=0x00000084a07fe500
Event: 1.076 Thread 0x00000242fc858600 DEOPT UNPACKING pc=0x000002428a6b78e2 sp=0x00000084a07fd978 mode 0
Event: 1.076 Thread 0x00000242fc858600 DEOPT PACKING pc=0x000002428324bbdd sp=0x00000084a07fe500
Event: 1.076 Thread 0x00000242fc858600 DEOPT UNPACKING pc=0x000002428a6b78e2 sp=0x00000084a07fd978 mode 0
Event: 1.077 Thread 0x00000242fc858600 DEOPT PACKING pc=0x000002428324bbdd sp=0x00000084a07fe500
Event: 1.077 Thread 0x00000242fc858600 DEOPT UNPACKING pc=0x000002428a6b78e2 sp=0x00000084a07fd978 mode 0
Event: 1.078 Thread 0x00000242fc858600 DEOPT PACKING pc=0x000002428324bbdd sp=0x00000084a07fe500
Event: 1.078 Thread 0x00000242fc858600 DEOPT UNPACKING pc=0x000002428a6b78e2 sp=0x00000084a07fd978 mode 0
Event: 1.078 Thread 0x00000242fc858600 DEOPT PACKING pc=0x000002428324bbdd sp=0x00000084a07fe500
Event: 1.078 Thread 0x00000242fc858600 DEOPT UNPACKING pc=0x000002428a6b78e2 sp=0x00000084a07fd978 mode 0

Classes loaded (20 events):
Event: 1.009 Loading class sun/nio/fs/WindowsFileSystemProvider$1
Event: 1.009 Loading class sun/nio/fs/WindowsFileSystemProvider$1 done
Event: 1.009 Loading class sun/nio/fs/WindowsLinkSupport
Event: 1.010 Loading class sun/nio/fs/WindowsLinkSupport done
Event: 1.010 Loading class sun/nio/fs/WindowsAclFileAttributeView
Event: 1.010 Loading class sun/nio/fs/AbstractAclFileAttributeView
Event: 1.010 Loading class java/nio/file/attribute/AclFileAttributeView
Event: 1.010 Loading class java/nio/file/attribute/FileOwnerAttributeView
Event: 1.010 Loading class java/nio/file/attribute/FileOwnerAttributeView done
Event: 1.010 Loading class java/nio/file/attribute/AclFileAttributeView done
Event: 1.010 Loading class sun/nio/fs/AbstractAclFileAttributeView done
Event: 1.010 Loading class sun/nio/fs/WindowsAclFileAttributeView done
Event: 1.010 Loading class sun/nio/fs/WindowsSecurity
Event: 1.010 Loading class sun/nio/fs/WindowsSecurity done
Event: 1.011 Loading class sun/nio/fs/WindowsFileStore
Event: 1.011 Loading class java/nio/file/FileStore
Event: 1.011 Loading class java/nio/file/FileStore done
Event: 1.011 Loading class sun/nio/fs/WindowsFileStore done
Event: 1.015 Loading class java/net/URLClassLoader$1
Event: 1.015 Loading class java/net/URLClassLoader$1 done

Classes unloaded (0 events):
No events

Classes redefined (0 events):
No events

Internal exceptions (20 events):
Event: 0.080 Thread 0x00000242fc858600 Exception <a 'java/lang/NoSuchMethodError'{0x00000000ead2a2e8}: 'void java.lang.invoke.DirectMethodHandle$Holder.invokeStatic(java.lang.Object, java.lang.Object, java.lang.Object)'> (0x00000000ead2a2e8) 
thrown [s\src\hotspot\share\interpreter\linkResolver.cpp, line 773]
Event: 0.136 Thread 0x00000242fc858600 Exception <a 'java/lang/NoSuchMethodError'{0x00000000eae93d70}: 'java.lang.Object java.lang.invoke.Invokers$Holder.invokeExact_MT(java.lang.Object, java.lang.Object, java.lang.Object, java.lang.Object, java.lang.Object)'> (0x00000000eae93d70) 
thrown [s\src\hotspot\share\interpreter\linkResolver.cpp, line 773]
Event: 0.192 Thread 0x00000242fc858600 Exception <a 'java/lang/NoSuchMethodError'{0x00000000eaf518f8}: 'int java.lang.invoke.DirectMethodHandle$Holder.invokeSpecial(java.lang.Object, java.lang.Object, java.lang.Object, int)'> (0x00000000eaf518f8) 
thrown [s\src\hotspot\share\interpreter\linkResolver.cpp, line 773]
Event: 0.194 Thread 0x00000242fc858600 Exception <a 'java/lang/NoSuchMethodError'{0x00000000eaf642e0}: 'java.lang.Object java.lang.invoke.DirectMethodHandle$Holder.invokeStatic(java.lang.Object, java.lang.Object, java.lang.Object, java.lang.Object, int)'> (0x00000000eaf642e0) 
thrown [s\src\hotspot\share\interpreter\linkResolver.cpp, line 773]
Event: 0.197 Thread 0x00000242fc858600 Exception <a 'java/lang/NoSuchMethodError'{0x00000000eaf6f788}: 'void java.lang.invoke.DelegatingMethodHandle$Holder.reinvoke_L(java.lang.Object, java.lang.Object, java.lang.Object, int, java.lang.Object)'> (0x00000000eaf6f788) 
thrown [s\src\hotspot\share\interpreter\linkResolver.cpp, line 773]
Event: 0.197 Thread 0x00000242fc858600 Exception <a 'java/lang/NoSuchMethodError'{0x00000000eaf731c0}: 'int java.lang.invoke.DirectMethodHandle$Holder.invokeSpecial(java.lang.Object, java.lang.Object, java.lang.Object)'> (0x00000000eaf731c0) 
thrown [s\src\hotspot\share\interpreter\linkResolver.cpp, line 773]
Event: 0.201 Thread 0x00000242fc858600 Exception <a 'java/lang/NoSuchMethodError'{0x00000000eaf8beb0}: 'java.lang.Object java.lang.invoke.DirectMethodHandle$Holder.invokeStatic(java.lang.Object, java.lang.Object, int)'> (0x00000000eaf8beb0) 
thrown [s\src\hotspot\share\interpreter\linkResolver.cpp, line 773]
Event: 0.202 Thread 0x00000242fc858600 Exception <a 'java/lang/NoSuchMethodError'{0x00000000eaf90800}: 'void java.lang.invoke.DirectMethodHandle$Holder.invokeStatic(java.lang.Object, java.lang.Object, int, java.lang.Object)'> (0x00000000eaf90800) 
thrown [s\src\hotspot\share\interpreter\linkResolver.cpp, line 773]
Event: 0.203 Thread 0x00000242fc858600 Exception <a 'java/lang/NoSuchMethodError'{0x00000000eaf945f8}: 'void java.lang.invoke.DirectMethodHandle$Holder.invokeSpecial(java.lang.Object, java.lang.Object, java.lang.Object, int, java.lang.Object)'> (0x00000000eaf945f8) 
thrown [s\src\hotspot\share\interpreter\linkResolver.cpp, line 773]
Event: 0.204 Thread 0x00000242fc858600 Exception <a 'java/lang/NoSuchMethodError'{0x00000000eaf97a68}: 'void java.lang.invoke.DelegatingMethodHandle$Holder.delegate(java.lang.Object, java.lang.Object, int, java.lang.Object)'> (0x00000000eaf97a68) 
thrown [s\src\hotspot\share\interpreter\linkResolver.cpp, line 773]
Event: 0.270 Thread 0x00000242fc858600 Exception <a 'java/lang/NoSuchMethodError'{0x00000000eb1635b8}: 'void java.lang.invoke.DelegatingMethodHandle$Holder.reinvoke_L(java.lang.Object, java.lang.Object, java.lang.Object, int)'> (0x00000000eb1635b8) 
thrown [s\src\hotspot\share\interpreter\linkResolver.cpp, line 773]
Event: 0.721 Thread 0x00000242fc858600 Exception <a 'java/lang/NoSuchMethodError'{0x00000000eb5fbcc0}: 'void java.lang.invoke.DirectMethodHandle$Holder.invokeVirtual(java.lang.Object, java.lang.Object)'> (0x00000000eb5fbcc0) 
thrown [s\src\hotspot\share\interpreter\linkResolver.cpp, line 773]
Event: 0.951 Thread 0x00000242fc858600 Exception <a 'java/lang/ClassNotFoundException'{0x00000000eb9f0600}: sun/net/www/protocol/c/Handler> (0x00000000eb9f0600) 
thrown [s\src\hotspot\share\classfile\systemDictionary.cpp, line 312]
Event: 0.955 Thread 0x00000242fc858600 Exception <a 'java/io/FileNotFoundException'{0x00000000eba05710}> (0x00000000eba05710) 
thrown [s\src\hotspot\share\prims\jni.cpp, line 520]
Event: 0.956 Thread 0x00000242fc858600 Exception <a 'java/io/FileNotFoundException'{0x00000000eba0a3e8}> (0x00000000eba0a3e8) 
thrown [s\src\hotspot\share\prims\jni.cpp, line 520]
Event: 0.957 Thread 0x00000242fc858600 Exception <a 'java/io/FileNotFoundException'{0x00000000eba0b0b8}> (0x00000000eba0b0b8) 
thrown [s\src\hotspot\share\prims\jni.cpp, line 520]
Event: 0.957 Thread 0x00000242fc858600 Exception <a 'java/io/FileNotFoundException'{0x00000000eba0bc58}> (0x00000000eba0bc58) 
thrown [s\src\hotspot\share\prims\jni.cpp, line 520]
Event: 0.961 Thread 0x00000242fc858600 Implicit null exception at 0x000002428ac2ea24 to 0x000002428ac2f024
Event: 0.961 Thread 0x00000242fc858600 Implicit null exception at 0x000002428ac2f6a0 to 0x000002428ac2fc98
Event: 0.966 Thread 0x00000242fc858600 Exception <a 'java/io/FileNotFoundException'{0x00000000eba44388}> (0x00000000eba44388) 
thrown [s\src\hotspot\share\prims\jni.cpp, line 520]

ZGC Phase Switch (0 events):
No events

VM Operations (8 events):
Event: 0.084 Executing VM operation: HandshakeAllThreads (Deoptimize)
Event: 0.084 Executing VM operation: HandshakeAllThreads (Deoptimize) done
Event: 0.172 Executing VM operation: HandshakeAllThreads (Deoptimize)
Event: 0.172 Executing VM operation: HandshakeAllThreads (Deoptimize) done
Event: 0.892 Executing VM operation: HandshakeAllThreads (Deoptimize)
Event: 0.892 Executing VM operation: HandshakeAllThreads (Deoptimize) done
Event: 0.943 Executing VM operation: HandshakeAllThreads (Deoptimize)
Event: 0.943 Executing VM operation: HandshakeAllThreads (Deoptimize) done

Memory protections (0 events):
No events

Nmethod flushes (0 events):
No events

Events (14 events):
Event: 0.027 Thread 0x00000242fc858600 Thread added: 0x00000242fc858600
Event: 0.042 Thread 0x00000242fc858600 Thread added: 0x00000242fecaabb0
Event: 0.042 Thread 0x00000242fc858600 Thread added: 0x00000242fecac300
Event: 0.043 Thread 0x00000242fc858600 Thread added: 0x0000024294272060
Event: 0.043 Thread 0x00000242fc858600 Thread added: 0x0000024294272d70
Event: 0.043 Thread 0x00000242fc858600 Thread added: 0x00000242942742c0
Event: 0.043 Thread 0x00000242fc858600 Thread added: 0x0000024294295d30
Event: 0.043 Thread 0x00000242fc858600 Thread added: 0x00000242942a1a40
Event: 0.043 Thread 0x00000242fc858600 Thread added: 0x00000242942b98f0
Event: 0.071 Thread 0x00000242fc858600 Thread added: 0x00000242da058530
Event: 0.232 Thread 0x00000242942b98f0 Thread added: 0x00000242da217020
Event: 0.452 Thread 0x00000242fc858600 Thread added: 0x00000242da2f1af0
Event: 0.577 Thread 0x00000242da217020 Thread exited: 0x00000242da217020
Event: 0.854 Thread 0x00000242942b98f0 Thread added: 0x00000242da307ea0


Dynamic libraries:
0x00007ff7a3620000 - 0x00007ff7a362e000 	c:\Users\nguyen phat dat\.vscode\extensions\redhat.java-1.41.1-win32-x64\jre\21.0.6-win32-x86_64\bin\java.exe
0x00007ff944ed0000 - 0x00007ff9450e7000 	C:\WINDOWS\SYSTEM32\ntdll.dll
0x00007ff943a20000 - 0x00007ff943ae4000 	C:\WINDOWS\System32\KERNEL32.DLL
0x00007ff9424c0000 - 0x00007ff942893000 	C:\WINDOWS\System32\KERNELBASE.dll
0x00007ff9423a0000 - 0x00007ff9424b1000 	C:\WINDOWS\System32\ucrtbase.dll
0x00007ff919870000 - 0x00007ff91988e000 	c:\Users\nguyen phat dat\.vscode\extensions\redhat.java-1.41.1-win32-x64\jre\21.0.6-win32-x86_64\bin\VCRUNTIME140.dll
0x00007ff9193e0000 - 0x00007ff9193f8000 	c:\Users\nguyen phat dat\.vscode\extensions\redhat.java-1.41.1-win32-x64\jre\21.0.6-win32-x86_64\bin\jli.dll
0x00007ff942d90000 - 0x00007ff942f41000 	C:\WINDOWS\System32\USER32.dll
0x00007ff92e470000 - 0x00007ff92e708000 	C:\WINDOWS\WinSxS\amd64_microsoft.windows.common-controls_6595b64144ccf1df_6.0.22621.5124_none_270e8f4f7386d69d\COMCTL32.dll
0x00007ff942b80000 - 0x00007ff942c27000 	C:\WINDOWS\System32\msvcrt.dll
0x00007ff9422f0000 - 0x00007ff942316000 	C:\WINDOWS\System32\win32u.dll
0x00007ff944ca0000 - 0x00007ff944cc9000 	C:\WINDOWS\System32\GDI32.dll
0x00007ff9421d0000 - 0x00007ff9422eb000 	C:\WINDOWS\System32\gdi32full.dll
0x00007ff942130000 - 0x00007ff9421ca000 	C:\WINDOWS\System32\msvcp_win.dll
0x00007ff944c60000 - 0x00007ff944c91000 	C:\WINDOWS\System32\IMM32.DLL
0x00007ff925b70000 - 0x00007ff925b7c000 	c:\Users\nguyen phat dat\.vscode\extensions\redhat.java-1.41.1-win32-x64\jre\21.0.6-win32-x86_64\bin\vcruntime140_1.dll
0x00007ff8f7830000 - 0x00007ff8f78bd000 	c:\Users\nguyen phat dat\.vscode\extensions\redhat.java-1.41.1-win32-x64\jre\21.0.6-win32-x86_64\bin\msvcp140.dll
0x00007ff8da4b0000 - 0x00007ff8db240000 	c:\Users\nguyen phat dat\.vscode\extensions\redhat.java-1.41.1-win32-x64\jre\21.0.6-win32-x86_64\bin\server\jvm.dll
0x00007ff9433f0000 - 0x00007ff9434a1000 	C:\WINDOWS\System32\ADVAPI32.dll
0x00007ff943bd0000 - 0x00007ff943c78000 	C:\WINDOWS\System32\sechost.dll
0x00007ff942b50000 - 0x00007ff942b78000 	C:\WINDOWS\System32\bcrypt.dll
0x00007ff943220000 - 0x00007ff943334000 	C:\WINDOWS\System32\RPCRT4.dll
0x00007ff944b50000 - 0x00007ff944bc1000 	C:\WINDOWS\System32\WS2_32.dll
0x00007ff941960000 - 0x00007ff9419ad000 	C:\WINDOWS\SYSTEM32\POWRPROF.dll
0x00007ff93ab10000 - 0x00007ff93ab44000 	C:\WINDOWS\SYSTEM32\WINMM.dll
0x00007ff9378c0000 - 0x00007ff9378ca000 	C:\WINDOWS\SYSTEM32\VERSION.dll
0x00007ff941940000 - 0x00007ff941953000 	C:\WINDOWS\SYSTEM32\UMPDC.dll
0x00007ff940ff0000 - 0x00007ff941008000 	C:\WINDOWS\SYSTEM32\kernel.appcore.dll
0x00007ff91a7c0000 - 0x00007ff91a7ca000 	c:\Users\nguyen phat dat\.vscode\extensions\redhat.java-1.41.1-win32-x64\jre\21.0.6-win32-x86_64\bin\jimage.dll
0x00007ff93f8b0000 - 0x00007ff93fae2000 	C:\WINDOWS\SYSTEM32\DBGHELP.DLL
0x00007ff943570000 - 0x00007ff943902000 	C:\WINDOWS\System32\combase.dll
0x00007ff943af0000 - 0x00007ff943bc7000 	C:\WINDOWS\System32\OLEAUT32.dll
0x00007ff9368d0000 - 0x00007ff936902000 	C:\WINDOWS\SYSTEM32\dbgcore.DLL
0x00007ff941ff0000 - 0x00007ff94206b000 	C:\WINDOWS\System32\bcryptPrimitives.dll
0x00007ff919c10000 - 0x00007ff919c1f000 	c:\Users\nguyen phat dat\.vscode\extensions\redhat.java-1.41.1-win32-x64\jre\21.0.6-win32-x86_64\bin\instrument.dll
0x00007ff917e10000 - 0x00007ff917e2f000 	c:\Users\nguyen phat dat\.vscode\extensions\redhat.java-1.41.1-win32-x64\jre\21.0.6-win32-x86_64\bin\java.dll
0x00007ff9441a0000 - 0x00007ff944a36000 	C:\WINDOWS\System32\SHELL32.dll
0x00007ff942a10000 - 0x00007ff942b4f000 	C:\WINDOWS\System32\wintypes.dll
0x00007ff93fed0000 - 0x00007ff9407ea000 	C:\WINDOWS\SYSTEM32\windows.storage.dll
0x00007ff943910000 - 0x00007ff943a1a000 	C:\WINDOWS\System32\SHCORE.dll
0x00007ff943100000 - 0x00007ff943163000 	C:\WINDOWS\System32\shlwapi.dll
0x00007ff941f20000 - 0x00007ff941f4b000 	C:\WINDOWS\SYSTEM32\profapi.dll
0x00007ff917df0000 - 0x00007ff917e08000 	c:\Users\nguyen phat dat\.vscode\extensions\redhat.java-1.41.1-win32-x64\jre\21.0.6-win32-x86_64\bin\zip.dll
0x00007ff919900000 - 0x00007ff919910000 	C:\Users\nguyen phat dat\.vscode\extensions\redhat.java-1.41.1-win32-x64\jre\21.0.6-win32-x86_64\bin\net.dll
0x00007ff93be30000 - 0x00007ff93bf5c000 	C:\WINDOWS\SYSTEM32\WINHTTP.dll
0x00007ff941480000 - 0x00007ff9414ea000 	C:\WINDOWS\system32\mswsock.dll
0x00007ff9144d0000 - 0x00007ff9144e6000 	C:\Users\nguyen phat dat\.vscode\extensions\redhat.java-1.41.1-win32-x64\jre\21.0.6-win32-x86_64\bin\nio.dll
0x00007ff9193d0000 - 0x00007ff9193e0000 	c:\Users\nguyen phat dat\.vscode\extensions\redhat.java-1.41.1-win32-x64\jre\21.0.6-win32-x86_64\bin\verify.dll

dbghelp: loaded successfully - version: 4.0.5 - missing functions: none
symbol engine: initialized successfully - sym options: 0x614 - pdb path: .;c:\Users\nguyen phat dat\.vscode\extensions\redhat.java-1.41.1-win32-x64\jre\21.0.6-win32-x86_64\bin;C:\WINDOWS\SYSTEM32;C:\WINDOWS\WinSxS\amd64_microsoft.windows.common-controls_6595b64144ccf1df_6.0.22621.5124_none_270e8f4f7386d69d;c:\Users\nguyen phat dat\.vscode\extensions\redhat.java-1.41.1-win32-x64\jre\21.0.6-win32-x86_64\bin\server

VM Arguments:
jvm_args: --add-modules=ALL-SYSTEM --add-opens=java.base/java.util=ALL-UNNAMED --add-opens=java.base/java.lang=ALL-UNNAMED --add-opens=java.base/sun.nio.fs=ALL-UNNAMED -Declipse.application=org.eclipse.jdt.ls.core.id1 -Dosgi.bundles.defaultStartLevel=4 -Declipse.product=org.eclipse.jdt.ls.core.product -Djava.import.generatesMetadataFilesAtProjectRoot=false -DDetectVMInstallationsJob.disabled=true -Dfile.encoding=utf8 -XX:+UseParallelGC -XX:GCTimeRatio=4 -XX:AdaptiveSizePolicyWeight=90 -Dsun.zip.disableMemoryMapping=true -Xmx1G -Xms100m -Xlog:disable -javaagent:c:\Users\nguyen phat dat\.vscode\extensions\redhat.java-1.41.1-win32-x64\lombok\lombok-1.18.36.jar 
java_command: c:\Users\nguyen phat dat\.vscode\extensions\redhat.java-1.41.1-win32-x64\server\plugins\org.eclipse.equinox.launcher_1.7.0.v20250331-1702.jar -configuration c:\Users\nguyen phat dat\AppData\Roaming\Code\User\globalStorage\redhat.java\1.41.1\config_ss_win -data c:\Users\nguyen phat dat\AppData\Roaming\Code\User\workspaceStorage\d9761c6cf0865b2f3b179032c507731e\redhat.java\ss_ws --pipe=\\.\pipe\lsp-a563c21f68596516485562f77b0f40d8-sock
java_class_path (initial): c:\Users\nguyen phat dat\.vscode\extensions\redhat.java-1.41.1-win32-x64\server\plugins\org.eclipse.equinox.launcher_1.7.0.v20250331-1702.jar
Launcher Type: SUN_STANDARD

[Global flags]
    uintx AdaptiveSizePolicyWeight                 = 90                                        {product} {command line}
     intx CICompilerCount                          = 3                                         {product} {ergonomic}
    uintx GCTimeRatio                              = 4                                         {product} {command line}
   size_t InitialHeapSize                          = 104857600                                 {product} {command line}
   size_t MaxHeapSize                              = 1073741824                                {product} {command line}
   size_t MaxNewSize                               = 357564416                                 {product} {ergonomic}
   size_t MinHeapDeltaBytes                        = 524288                                    {product} {ergonomic}
   size_t MinHeapSize                              = 104857600                                 {product} {command line}
   size_t NewSize                                  = 34603008                                  {product} {ergonomic}
    uintx NonNMethodCodeHeapSize                   = 5832780                                {pd product} {ergonomic}
    uintx NonProfiledCodeHeapSize                  = 122912730                              {pd product} {ergonomic}
   size_t OldSize                                  = 70254592                                  {product} {ergonomic}
    uintx ProfiledCodeHeapSize                     = 122912730                              {pd product} {ergonomic}
    uintx ReservedCodeCacheSize                    = 251658240                              {pd product} {ergonomic}
     bool SegmentedCodeCache                       = true                                      {product} {ergonomic}
   size_t SoftMaxHeapSize                          = 1073741824                             {manageable} {ergonomic}
     bool UseCompressedOops                        = true                           {product lp64_product} {ergonomic}
     bool UseLargePagesIndividualAllocation        = false                                  {pd product} {ergonomic}
     bool UseParallelGC                            = true                                      {product} {command line}

Logging:
Log output configuration:
 #0: stdout all=off uptime,level,tags foldmultilines=false
 #1: stderr all=off uptime,level,tags foldmultilines=false

Environment Variables:
PATH=d:\dowload\cursor\resources\app\bin;C:\Program Files (x86)\Common Files\Oracle\Java\javapath;C:\Program Files\Common Files\Oracle\Java\javapath;C:\WINDOWS\system32;C:\WINDOWS;C:\WINDOWS\System32\Wbem;C:\WINDOWS\System32\WindowsPowerShell\v1.0\;C:\WINDOWS\System32\OpenSSH\;C:\Program Files\Azure Data Studio\bin;C:\Program Files\nodejs\;C:\Program Files\dotnet\;C:\Program Files (x86)\Microsoft SQL Server\160\Tools\Binn\;C:\Program Files\Microsoft SQL Server\160\Tools\Binn\;C:\Program Files\Microsoft SQL Server\Client SDK\ODBC\170\Tools\Binn\;C:\Program Files\Microsoft SQL Server\160\DTS\Binn\;C:\Program Files (x86)\Microsoft SQL Server\160\DTS\Binn\;D:\dowload\Git\Git\cmd;D:\dowload\Git\Git\bin;C:\Program Files\Microsoft SQL Server\150\Tools\Binn\;D:\dowload\xampp\php;D:\dowload\xampp;D:\dowload\7-Zip;D:\dowload\ffmpeg-7.1-full_build\ffmpeg-7.1-full_build\bin;D:\dowload\laragon\laragon\bin\mysql\mysql-8.0.30-winx64\bin;C:\Users\nguyen phat dat\AppData\Local\Microsoft\WindowsApps;C:\Program Files\Docker\Docker\resources\bin;C:\Users\nguyen phat dat\AppData\Local\Microsoft\WindowsApps;C:\Program Files\Azure Data Studio\bin;C:\Users\nguyen phat dat\AppData\Local\Programs\Microsoft VS Code\bin;D:\dowload\JAVA\IntelliJ IDEA Community Edition 2022.3\bin;;C:\Users\nguyen phat dat\AppData\Roaming\npm;C:\Program Files\nodejs;C:\Users\nguyen phat dat\.dotnet\tools;C:\Program Files\Git\bin;D:\dowload\7-Zip
USERNAME=nguyen phat dat
OS=Windows_NT
PROCESSOR_IDENTIFIER=Intel64 Family 6 Model 140 Stepping 1, GenuineIntel
TMP=C:\Users\NGUYEN~1\AppData\Local\Temp
TEMP=C:\Users\NGUYEN~1\AppData\Local\Temp




Periodic native trim disabled

---------------  S Y S T E M  ---------------

OS:
 Windows 11 , 64 bit Build 22621 (10.0.22621.5124)
OS uptime: 0 days 1:01 hours
Hyper-V role detected

CPU: total 4 (initial active 4) (2 cores per cpu, 2 threads per core) family 6 model 140 stepping 1 microcode 0x86, cx8, cmov, fxsr, ht, mmx, 3dnowpref, sse, sse2, sse3, ssse3, sse4.1, sse4.2, popcnt, lzcnt, tsc, tscinvbit, avx, avx2, aes, erms, clmul, bmi1, bmi2, adx, avx512f, avx512dq, avx512cd, avx512bw, avx512vl, sha, fma, vzeroupper, avx512_vpopcntdq, avx512_vpclmulqdq, avx512_vaes, avx512_vnni, clflush, clflushopt, clwb, avx512_vbmi2, avx512_vbmi, hv, rdtscp, rdpid, fsrm, gfni, avx512_bitalg, f16c, cet_ibt, cet_ss, avx512_ifma
Processor Information for the first 4 processors :
  Max Mhz: 2995, Current Mhz: 2995, Mhz Limit: 2995

Memory: 4k page, system-wide physical 7886M (411M free)
TotalPageFile size 14636M (AvailPageFile size 168M)
current process WorkingSet (physical memory assigned to process): 69M, peak: 69M
current process commit charge ("private bytes"): 188M, peak: 188M

vm_info: OpenJDK 64-Bit Server VM (21.0.6+7-LTS) for windows-amd64 JRE (21.0.6+7-LTS), built on 2025-01-21T00:00:00Z by "admin" with MS VC++ 17.7 (VS2022)

END.
