#
# There is insufficient memory for the Java Runtime Environment to continue.
# Native memory allocation (malloc) failed to allocate 79216 bytes for Chunk::new
# Possible reasons:
#   The system is out of physical RAM or swap space
#   The process is running with CompressedOops enabled, and the Java Heap may be blocking the growth of the native heap
# Possible solutions:
#   Reduce memory load on the system
#   Increase physical memory or swap space
#   Check if swap backing store is full
#   Decrease Java heap size (-Xmx/-Xms)
#   Decrease number of Java threads
#   Decrease Java thread stack sizes (-Xss)
#   Set larger code cache with -XX:ReservedCodeCacheSize=
#   JVM is running with Unscaled Compressed Oops mode in which the Java heap is
#     placed in the first 4GB address space. The Java Heap base address is the
#     maximum limit for the native heap growth. Please use -XX:HeapBaseMinAddress
#     to set the Java Heap base and to place the Java Heap above 4GB virtual address.
# This output file may be truncated or incomplete.
#
#  Out of Memory Error (arena.cpp:189), pid=10824, tid=17336
#
# JRE version: Java(TM) SE Runtime Environment (17.0.12+8) (build 17.0.12+8-LTS-286)
# Java VM: Java HotSpot(TM) 64-Bit Server VM (17.0.12+8-LTS-286, mixed mode, sharing, tiered, compressed oops, compressed class ptrs, g1 gc, windows-amd64)
# No core dump will be written. Minidumps are not enabled by default on client versions of Windows
#

---------------  S U M M A R Y ------------

Command Line: -XX:+ShowCodeDetailsInExceptionMessages -Dspring.jmx.enabled=true -Dmanagement.endpoints.jmx.exposure.include=* -Dspring.application.admin.enabled=true -Dspring.boot.project.name=backend-java -Djava.rmi.server.hostname=localhost -Dcom.sun.management.jmxremote.port=45556 -Dcom.sun.management.jmxremote.authenticate=false -Dcom.sun.management.jmxremote.ssl=false com.backend.backend_java.BackendJavaApplication

Host: 11th Gen Intel(R) Core(TM) i3-1115G4 @ 3.00GHz, 4 cores, 7G,  Windows 11 , 64 bit Build 22621 (10.0.22621.4974)
Time: Sat Mar 22 22:40:22 2025 SE Asia Standard Time elapsed time: 235.355321 seconds (0d 0h 3m 55s)

---------------  T H R E A D  ---------------

Current thread (0x0000018a367f9a60):  JavaThread "C2 CompilerThread0" daemon [_thread_in_native, id=17336, stack(0x0000001199900000,0x0000001199a00000)]


Current CompileTask:
C2: 235355 13418       4       org.springframework.beans.factory.support.AbstractBeanFactory::isSingleton (170 bytes)

Stack: [0x0000001199900000,0x0000001199a00000]
Native frames: (J=compiled Java code, j=interpreted, Vv=VM code, C=native code)
V  [jvm.dll+0x67a04a]
V  [jvm.dll+0x7da4ed]
V  [jvm.dll+0x7dbe33]
V  [jvm.dll+0x7dc4a3]
V  [jvm.dll+0x24508f]
V  [jvm.dll+0xab773]
V  [jvm.dll+0xabd3c]
V  [jvm.dll+0x56362b]
V  [jvm.dll+0x32c460]
V  [jvm.dll+0x32b8ca]
V  [jvm.dll+0x21683f]
V  [jvm.dll+0x215c6f]
V  [jvm.dll+0x1a2960]
V  [jvm.dll+0x22610b]
V  [jvm.dll+0x2242ab]
V  [jvm.dll+0x79075c]
V  [jvm.dll+0x78abea]
V  [jvm.dll+0x678f35]
C  [ucrtbase.dll+0x29333]
C  [KERNEL32.DLL+0x1259d]
C  [ntdll.dll+0x5af38]


---------------  P R O C E S S  ---------------

Threads class SMR info:
_java_thread_list=0x0000018a7e0e7d30, length=40, elements={
0x0000018a367e18d0, 0x0000018a367e2290, 0x0000018a367f41c0, 0x0000018a367f4b80,
0x0000018a367f7550, 0x0000018a367f8520, 0x0000018a367f9a60, 0x0000018a367fe740,
0x0000018a3682a9c0, 0x0000018a36a08ae0, 0x0000018a36a839e0, 0x0000018a7c3121c0,
0x0000018a7c3267e0, 0x0000018a7c328430, 0x0000018a7cc69130, 0x0000018a7cc672d0,
0x0000018a7cc68c20, 0x0000018a7cc69b50, 0x0000018a008cb670, 0x0000018a008cf840,
0x0000018a008c9d20, 0x0000018a008ccfc0, 0x0000018a008c83d0, 0x0000018a008ce910,
0x0000018a008cee20, 0x0000018a008ce400, 0x0000018a008cd9e0, 0x0000018a008ca740,
0x0000018a008cb160, 0x0000018a008cbb80, 0x0000018a008cc090, 0x0000018a008ccab0,
0x0000018a008cdef0, 0x0000018a008cf330, 0x0000018a008c8df0, 0x0000018a008c9300,
0x0000018a7cc6a060, 0x0000018a7cc6a570, 0x0000018a7d3f0590, 0x0000018a7d3f3320
}

Java Threads: ( => current thread )
  0x0000018a367e18d0 JavaThread "Reference Handler" daemon [_thread_blocked, id=15288, stack(0x0000001199300000,0x0000001199400000)]
  0x0000018a367e2290 JavaThread "Finalizer" daemon [_thread_blocked, id=7516, stack(0x0000001199400000,0x0000001199500000)]
  0x0000018a367f41c0 JavaThread "Signal Dispatcher" daemon [_thread_blocked, id=13440, stack(0x0000001199500000,0x0000001199600000)]
  0x0000018a367f4b80 JavaThread "Attach Listener" daemon [_thread_blocked, id=18484, stack(0x0000001199600000,0x0000001199700000)]
  0x0000018a367f7550 JavaThread "Service Thread" daemon [_thread_blocked, id=10540, stack(0x0000001199700000,0x0000001199800000)]
  0x0000018a367f8520 JavaThread "Monitor Deflation Thread" daemon [_thread_blocked, id=2292, stack(0x0000001199800000,0x0000001199900000)]
=>0x0000018a367f9a60 JavaThread "C2 CompilerThread0" daemon [_thread_in_native, id=17336, stack(0x0000001199900000,0x0000001199a00000)]
  0x0000018a367fe740 JavaThread "C1 CompilerThread0" daemon [_thread_blocked, id=16588, stack(0x0000001199a00000,0x0000001199b00000)]
  0x0000018a3682a9c0 JavaThread "Sweeper thread" daemon [_thread_blocked, id=15540, stack(0x0000001199b00000,0x0000001199c00000)]
  0x0000018a36a08ae0 JavaThread "Common-Cleaner" daemon [_thread_blocked, id=2972, stack(0x0000001199c00000,0x0000001199d00000)]
  0x0000018a36a839e0 JavaThread "Notification Thread" daemon [_thread_blocked, id=11072, stack(0x0000001199d00000,0x0000001199e00000)]
  0x0000018a7c3121c0 JavaThread "RMI TCP Accept-0" daemon [_thread_in_native, id=9892, stack(0x0000001199e00000,0x0000001199f00000)]
  0x0000018a7c3267e0 JavaThread "RMI TCP Accept-45556" daemon [_thread_in_native, id=14744, stack(0x0000001199f00000,0x000000119a000000)]
  0x0000018a7c328430 JavaThread "RMI TCP Accept-0" daemon [_thread_in_native, id=8960, stack(0x000000119a000000,0x000000119a100000)]
  0x0000018a7cc69130 JavaThread "RMI Scheduler(0)" daemon [_thread_blocked, id=3844, stack(0x000000119ab00000,0x000000119ac00000)]
  0x0000018a7cc672d0 JavaThread "RMI TCP Connection(4)-127.0.0.1" daemon [_thread_in_native, id=12060, stack(0x000000119ac00000,0x000000119ad00000)]
  0x0000018a7cc68c20 JavaThread "JMX server connection timeout 26" daemon [_thread_blocked, id=3468, stack(0x000000119ad00000,0x000000119ae00000)]
  0x0000018a7cc69b50 JavaThread "mysql-cj-abandoned-connection-cleanup" daemon [_thread_blocked, id=11948, stack(0x000000119ae00000,0x000000119af00000)]
  0x0000018a008cb670 JavaThread "HikariPool-1 housekeeper" daemon [_thread_blocked, id=14004, stack(0x000000119b000000,0x000000119b100000)]
  0x0000018a008cf840 JavaThread "Catalina-utility-1" [_thread_blocked, id=10752, stack(0x000000119b100000,0x000000119b200000)]
  0x0000018a008c9d20 JavaThread "Catalina-utility-2" [_thread_blocked, id=11548, stack(0x000000119b200000,0x000000119b300000)]
  0x0000018a008ccfc0 JavaThread "container-0" [_thread_blocked, id=15124, stack(0x000000119b300000,0x000000119b400000)]
  0x0000018a008c83d0 JavaThread "File Watcher" daemon [_thread_blocked, id=11368, stack(0x000000119b600000,0x000000119b700000)]
  0x0000018a008ce910 JavaThread "Live Reload Server" daemon [_thread_in_native, id=19068, stack(0x000000119b800000,0x000000119b900000)]
  0x0000018a008cee20 JavaThread "http-nio-8080-exec-1" daemon [_thread_blocked, id=10024, stack(0x000000119b700000,0x000000119b800000)]
  0x0000018a008ce400 JavaThread "http-nio-8080-exec-2" daemon [_thread_blocked, id=16432, stack(0x000000119b900000,0x000000119ba00000)]
  0x0000018a008cd9e0 JavaThread "http-nio-8080-exec-3" daemon [_thread_blocked, id=12336, stack(0x000000119ba00000,0x000000119bb00000)]
  0x0000018a008ca740 JavaThread "http-nio-8080-exec-4" daemon [_thread_blocked, id=18164, stack(0x000000119bb00000,0x000000119bc00000)]
  0x0000018a008cb160 JavaThread "http-nio-8080-exec-5" daemon [_thread_blocked, id=4664, stack(0x000000119bc00000,0x000000119bd00000)]
  0x0000018a008cbb80 JavaThread "http-nio-8080-exec-6" daemon [_thread_blocked, id=12256, stack(0x000000119bd00000,0x000000119be00000)]
  0x0000018a008cc090 JavaThread "http-nio-8080-exec-7" daemon [_thread_blocked, id=16960, stack(0x000000119be00000,0x000000119bf00000)]
  0x0000018a008ccab0 JavaThread "http-nio-8080-exec-8" daemon [_thread_blocked, id=6756, stack(0x000000119bf00000,0x000000119c000000)]
  0x0000018a008cdef0 JavaThread "http-nio-8080-exec-9" daemon [_thread_blocked, id=13772, stack(0x000000119c000000,0x000000119c100000)]
  0x0000018a008cf330 JavaThread "http-nio-8080-exec-10" daemon [_thread_blocked, id=14320, stack(0x000000119c100000,0x000000119c200000)]
  0x0000018a008c8df0 JavaThread "http-nio-8080-Poller" daemon [_thread_in_native, id=17008, stack(0x000000119c200000,0x000000119c300000)]
  0x0000018a008c9300 JavaThread "http-nio-8080-Acceptor" daemon [_thread_in_native, id=1284, stack(0x000000119c300000,0x000000119c400000)]
  0x0000018a7cc6a060 JavaThread "DestroyJavaVM" [_thread_blocked, id=3720, stack(0x0000001198c00000,0x0000001198d00000)]
  0x0000018a7cc6a570 JavaThread "SIGINT handler" daemon [_thread_blocked, id=676, stack(0x0000001198a00000,0x0000001198b00000)]
  0x0000018a7d3f0590 JavaThread "SpringApplicationShutdownHook" [_thread_blocked, id=10388, stack(0x0000001198b00000,0x0000001198c00000)]
  0x0000018a7d3f3320 JavaThread "tomcat-shutdown" [_thread_in_native, id=13896, stack(0x000000119a600000,0x000000119a700000)]

Other Threads:
  0x0000018a367d9770 VMThread "VM Thread" [stack: 0x0000001199200000,0x0000001199300000] [id=13072]
  0x0000018a191592f0 WatcherThread [stack: 0x000000119a100000,0x000000119a200000] [id=5044]
  0x0000018a191b9140 GCTaskThread "GC Thread#0" [stack: 0x0000001198d00000,0x0000001198e00000] [id=16448]
  0x0000018a7c493c90 GCTaskThread "GC Thread#1" [stack: 0x000000119a200000,0x000000119a300000] [id=10420]
  0x0000018a7c4ae770 GCTaskThread "GC Thread#2" [stack: 0x000000119a300000,0x000000119a400000] [id=560]
  0x0000018a7c46be00 GCTaskThread "GC Thread#3" [stack: 0x000000119a400000,0x000000119a500000] [id=12040]
  0x0000018a191c9710 ConcurrentGCThread "G1 Main Marker" [stack: 0x0000001198e00000,0x0000001198f00000] [id=17104]
  0x0000018a191ca8d0 ConcurrentGCThread "G1 Conc#0" [stack: 0x0000001198f00000,0x0000001199000000] [id=992]
  0x0000018a1920de80 ConcurrentGCThread "G1 Refine#0" [stack: 0x0000001199000000,0x0000001199100000] [id=9384]
  0x0000018a7c502b50 ConcurrentGCThread "G1 Refine#1" [stack: 0x000000119a500000,0x000000119a600000] [id=18752]
  0x0000018a1920e8b0 ConcurrentGCThread "G1 Service" [stack: 0x0000001199100000,0x0000001199200000] [id=12792]

Threads with active compile tasks:
C2 CompilerThread0   235385 13418       4       org.springframework.beans.factory.support.AbstractBeanFactory::isSingleton (170 bytes)

VM state: not at safepoint (normal execution)

VM Mutex/Monitor currently owned by a thread: None

Heap address: 0x0000000084c00000, size: 1972 MB, Compressed Oops mode: 32-bit

CDS archive(s) mapped at: [0x0000018a37000000-0x0000018a37bd0000-0x0000018a37bd0000), size 12386304, SharedBaseAddress: 0x0000018a37000000, ArchiveRelocationMode: 1.
Compressed class space mapped at: 0x0000018a38000000-0x0000018a78000000, reserved size: 1073741824
Narrow klass base: 0x0000018a37000000, Narrow klass shift: 0, Narrow klass range: 0x100000000

GC Precious Log:
 CPUs: 4 total, 4 available
 Memory: 7886M
 Large Page Support: Disabled
 NUMA Support: Disabled
 Compressed Oops: Enabled (32-bit)
 Heap Region Size: 1M
 Heap Min Capacity: 8M
 Heap Initial Capacity: 124M
 Heap Max Capacity: 1972M
 Pre-touch: Disabled
 Parallel Workers: 4
 Concurrent Workers: 1
 Concurrent Refinement Workers: 4
 Periodic GC: Disabled

Heap:
 garbage-first heap   total 128000K, used 77044K [0x0000000084c00000, 0x0000000100000000)
  region size 1024K, 25 young (25600K), 5 survivors (5120K)
 Metaspace       used 101613K, committed 102592K, reserved 1179648K
  class space    used 13853K, committed 14336K, reserved 1048576K

Heap Regions: E=young(eden), S=young(survivor), O=old, HS=humongous(starts), HC=humongous(continues), CS=collection set, F=free, OA=open archive, CA=closed archive, TAMS=top-at-mark-start (previous, next)
|   0|0x0000000084c00000, 0x0000000084d00000, 0x0000000084d00000|100%|HS|  |TAMS 0x0000000084d00000, 0x0000000084c00000| Complete 
|   1|0x0000000084d00000, 0x0000000084e00000, 0x0000000084e00000|100%|HS|  |TAMS 0x0000000084e00000, 0x0000000084d00000| Complete 
|   2|0x0000000084e00000, 0x0000000084f00000, 0x0000000084f00000|100%| O|  |TAMS 0x0000000084f00000, 0x0000000084e00000| Untracked 
|   3|0x0000000084f00000, 0x0000000085000000, 0x0000000085000000|100%| O|  |TAMS 0x0000000085000000, 0x0000000084f00000| Untracked 
|   4|0x0000000085000000, 0x0000000085100000, 0x0000000085100000|100%| O|  |TAMS 0x0000000085100000, 0x0000000085000000| Untracked 
|   5|0x0000000085100000, 0x0000000085200000, 0x0000000085200000|100%| O|  |TAMS 0x0000000085200000, 0x0000000085100000| Untracked 
|   6|0x0000000085200000, 0x0000000085300000, 0x0000000085300000|100%| O|  |TAMS 0x0000000085300000, 0x0000000085200000| Untracked 
|   7|0x0000000085300000, 0x0000000085400000, 0x0000000085400000|100%| O|  |TAMS 0x0000000085400000, 0x0000000085300000| Untracked 
|   8|0x0000000085400000, 0x0000000085500000, 0x0000000085500000|100%| O|  |TAMS 0x0000000085500000, 0x0000000085400000| Untracked 
|   9|0x0000000085500000, 0x0000000085600000, 0x0000000085600000|100%| O|  |TAMS 0x0000000085600000, 0x0000000085500000| Untracked 
|  10|0x0000000085600000, 0x0000000085700000, 0x0000000085700000|100%| O|  |TAMS 0x0000000085700000, 0x0000000085600000| Untracked 
|  11|0x0000000085700000, 0x0000000085800000, 0x0000000085800000|100%| O|  |TAMS 0x0000000085800000, 0x0000000085700000| Untracked 
|  12|0x0000000085800000, 0x0000000085900000, 0x0000000085900000|100%| O|  |TAMS 0x0000000085900000, 0x0000000085800000| Untracked 
|  13|0x0000000085900000, 0x0000000085a00000, 0x0000000085a00000|100%| O|  |TAMS 0x0000000085a00000, 0x0000000085900000| Untracked 
|  14|0x0000000085a00000, 0x0000000085b00000, 0x0000000085b00000|100%| O|  |TAMS 0x0000000085b00000, 0x0000000085a00000| Untracked 
|  15|0x0000000085b00000, 0x0000000085c00000, 0x0000000085c00000|100%| O|  |TAMS 0x0000000085c00000, 0x0000000085b00000| Untracked 
|  16|0x0000000085c00000, 0x0000000085d00000, 0x0000000085d00000|100%| O|  |TAMS 0x0000000085d00000, 0x0000000085c00000| Untracked 
|  17|0x0000000085d00000, 0x0000000085e00000, 0x0000000085e00000|100%| O|  |TAMS 0x0000000085e00000, 0x0000000085d00000| Untracked 
|  18|0x0000000085e00000, 0x0000000085f00000, 0x0000000085f00000|100%| O|  |TAMS 0x0000000085f00000, 0x0000000085e00000| Untracked 
|  19|0x0000000085f00000, 0x0000000086000000, 0x0000000086000000|100%| O|  |TAMS 0x0000000086000000, 0x0000000085f00000| Untracked 
|  20|0x0000000086000000, 0x0000000086100000, 0x0000000086100000|100%| O|  |TAMS 0x0000000086100000, 0x0000000086000000| Untracked 
|  21|0x0000000086100000, 0x0000000086200000, 0x0000000086200000|100%| O|  |TAMS 0x0000000086200000, 0x0000000086100000| Untracked 
|  22|0x0000000086200000, 0x0000000086300000, 0x0000000086300000|100%| O|  |TAMS 0x0000000086200000, 0x0000000086200000| Untracked 
|  23|0x0000000086300000, 0x0000000086400000, 0x0000000086400000|100%| O|  |TAMS 0x0000000086400000, 0x0000000086300000| Untracked 
|  24|0x0000000086400000, 0x0000000086500000, 0x0000000086500000|100%| O|  |TAMS 0x0000000086500000, 0x0000000086400000| Untracked 
|  25|0x0000000086500000, 0x0000000086600000, 0x0000000086600000|100%| O|  |TAMS 0x0000000086600000, 0x0000000086500000| Untracked 
|  26|0x0000000086600000, 0x0000000086700000, 0x0000000086700000|100%| O|  |TAMS 0x0000000086700000, 0x0000000086600000| Untracked 
|  27|0x0000000086700000, 0x0000000086800000, 0x0000000086800000|100%| O|  |TAMS 0x0000000086800000, 0x0000000086700000| Untracked 
|  28|0x0000000086800000, 0x0000000086900000, 0x0000000086900000|100%| O|  |TAMS 0x0000000086900000, 0x0000000086800000| Untracked 
|  29|0x0000000086900000, 0x0000000086a00000, 0x0000000086a00000|100%| O|  |TAMS 0x0000000086a00000, 0x0000000086900000| Untracked 
|  30|0x0000000086a00000, 0x0000000086b00000, 0x0000000086b00000|100%| O|  |TAMS 0x0000000086b00000, 0x0000000086a00000| Untracked 
|  31|0x0000000086b00000, 0x0000000086c00000, 0x0000000086c00000|100%| O|  |TAMS 0x0000000086c00000, 0x0000000086b00000| Untracked 
|  32|0x0000000086c00000, 0x0000000086d00000, 0x0000000086d00000|100%| O|  |TAMS 0x0000000086d00000, 0x0000000086c00000| Untracked 
|  33|0x0000000086d00000, 0x0000000086e00000, 0x0000000086e00000|100%| O|  |TAMS 0x0000000086e00000, 0x0000000086d00000| Untracked 
|  34|0x0000000086e00000, 0x0000000086f00000, 0x0000000086f00000|100%| O|  |TAMS 0x0000000086f00000, 0x0000000086e00000| Untracked 
|  35|0x0000000086f00000, 0x0000000087000000, 0x0000000087000000|100%| O|  |TAMS 0x0000000087000000, 0x0000000086f00000| Untracked 
|  36|0x0000000087000000, 0x0000000087100000, 0x0000000087100000|100%| O|  |TAMS 0x0000000087100000, 0x0000000087000000| Untracked 
|  37|0x0000000087100000, 0x0000000087200000, 0x0000000087200000|100%| O|  |TAMS 0x0000000087200000, 0x0000000087100000| Untracked 
|  38|0x0000000087200000, 0x0000000087300000, 0x0000000087300000|100%| O|  |TAMS 0x0000000087300000, 0x0000000087200000| Untracked 
|  39|0x0000000087300000, 0x0000000087400000, 0x0000000087400000|100%| O|  |TAMS 0x0000000087400000, 0x0000000087300000| Untracked 
|  40|0x0000000087400000, 0x0000000087500000, 0x0000000087500000|100%| O|  |TAMS 0x0000000087500000, 0x0000000087400000| Untracked 
|  41|0x0000000087500000, 0x0000000087600000, 0x0000000087600000|100%| O|  |TAMS 0x0000000087600000, 0x0000000087500000| Untracked 
|  42|0x0000000087600000, 0x0000000087700000, 0x0000000087700000|100%| O|  |TAMS 0x0000000087600000, 0x0000000087600000| Untracked 
|  43|0x0000000087700000, 0x0000000087800000, 0x0000000087800000|100%| O|  |TAMS 0x0000000087700000, 0x0000000087700000| Untracked 
|  44|0x0000000087800000, 0x0000000087900000, 0x0000000087900000|100%| O|  |TAMS 0x0000000087800000, 0x0000000087800000| Untracked 
|  45|0x0000000087900000, 0x000000008793d200, 0x0000000087a00000| 23%| O|  |TAMS 0x0000000087900000, 0x0000000087900000| Untracked 
|  46|0x0000000087a00000, 0x0000000087a00000, 0x0000000087b00000|  0%| F|  |TAMS 0x0000000087a00000, 0x0000000087a00000| Untracked 
|  47|0x0000000087b00000, 0x0000000087c00000, 0x0000000087c00000|100%| O|  |TAMS 0x0000000087c00000, 0x0000000087b00000| Untracked 
|  48|0x0000000087c00000, 0x0000000087d00000, 0x0000000087d00000|100%| O|  |TAMS 0x0000000087d00000, 0x0000000087c00000| Untracked 
|  49|0x0000000087d00000, 0x0000000087d00000, 0x0000000087e00000|  0%| F|  |TAMS 0x0000000087d00000, 0x0000000087d00000| Untracked 
|  50|0x0000000087e00000, 0x0000000087e00000, 0x0000000087f00000|  0%| F|  |TAMS 0x0000000087e00000, 0x0000000087e00000| Untracked 
|  51|0x0000000087f00000, 0x0000000087f00000, 0x0000000088000000|  0%| F|  |TAMS 0x0000000087f00000, 0x0000000087f00000| Untracked 
|  52|0x0000000088000000, 0x0000000088000000, 0x0000000088100000|  0%| F|  |TAMS 0x0000000088000000, 0x0000000088000000| Untracked 
|  53|0x0000000088100000, 0x0000000088200000, 0x0000000088200000|100%| O|  |TAMS 0x0000000088200000, 0x0000000088100000| Untracked 
|  54|0x0000000088200000, 0x0000000088300000, 0x0000000088300000|100%| O|  |TAMS 0x0000000088300000, 0x0000000088200000| Untracked 
|  55|0x0000000088300000, 0x0000000088400000, 0x0000000088400000|100%| O|  |TAMS 0x0000000088400000, 0x0000000088300000| Untracked 
|  56|0x0000000088400000, 0x0000000088400000, 0x0000000088500000|  0%| F|  |TAMS 0x0000000088400000, 0x0000000088400000| Untracked 
|  57|0x0000000088500000, 0x0000000088500000, 0x0000000088600000|  0%| F|  |TAMS 0x0000000088500000, 0x0000000088500000| Untracked 
|  58|0x0000000088600000, 0x0000000088700000, 0x0000000088700000|100%| O|  |TAMS 0x00000000886bca00, 0x0000000088600000| Untracked 
|  59|0x0000000088700000, 0x0000000088700000, 0x0000000088800000|  0%| F|  |TAMS 0x0000000088700000, 0x0000000088700000| Untracked 
|  60|0x0000000088800000, 0x0000000088900000, 0x0000000088900000|100%| O|  |TAMS 0x0000000088800000, 0x0000000088800000| Untracked 
|  61|0x0000000088900000, 0x0000000088900000, 0x0000000088a00000|  0%| F|  |TAMS 0x0000000088900000, 0x0000000088900000| Untracked 
|  62|0x0000000088a00000, 0x0000000088a00000, 0x0000000088b00000|  0%| F|  |TAMS 0x0000000088a00000, 0x0000000088a00000| Untracked 
|  63|0x0000000088b00000, 0x0000000088b00000, 0x0000000088c00000|  0%| F|  |TAMS 0x0000000088b00000, 0x0000000088b00000| Untracked 
|  64|0x0000000088c00000, 0x0000000088c00000, 0x0000000088d00000|  0%| F|  |TAMS 0x0000000088c00000, 0x0000000088c00000| Untracked 
|  65|0x0000000088d00000, 0x0000000088d00000, 0x0000000088e00000|  0%| F|  |TAMS 0x0000000088d00000, 0x0000000088d00000| Untracked 
|  66|0x0000000088e00000, 0x0000000088e00000, 0x0000000088f00000|  0%| F|  |TAMS 0x0000000088e00000, 0x0000000088e00000| Untracked 
|  67|0x0000000088f00000, 0x0000000088f00000, 0x0000000089000000|  0%| F|  |TAMS 0x0000000088f00000, 0x0000000088f00000| Untracked 
|  68|0x0000000089000000, 0x0000000089000000, 0x0000000089100000|  0%| F|  |TAMS 0x0000000089000000, 0x0000000089000000| Untracked 
|  69|0x0000000089100000, 0x0000000089100000, 0x0000000089200000|  0%| F|  |TAMS 0x0000000089100000, 0x0000000089100000| Untracked 
|  70|0x0000000089200000, 0x0000000089200000, 0x0000000089300000|  0%| F|  |TAMS 0x0000000089200000, 0x0000000089200000| Untracked 
|  71|0x0000000089300000, 0x0000000089400000, 0x0000000089400000|100%| S|CS|TAMS 0x0000000089300000, 0x0000000089300000| Complete 
|  72|0x0000000089400000, 0x0000000089500000, 0x0000000089500000|100%| S|CS|TAMS 0x0000000089400000, 0x0000000089400000| Complete 
|  73|0x0000000089500000, 0x0000000089600000, 0x0000000089600000|100%| S|CS|TAMS 0x0000000089500000, 0x0000000089500000| Complete 
|  74|0x0000000089600000, 0x0000000089600000, 0x0000000089700000|  0%| F|  |TAMS 0x0000000089600000, 0x0000000089600000| Untracked 
|  75|0x0000000089700000, 0x0000000089700000, 0x0000000089800000|  0%| F|  |TAMS 0x0000000089700000, 0x0000000089700000| Untracked 
|  76|0x0000000089800000, 0x0000000089800000, 0x0000000089900000|  0%| F|  |TAMS 0x0000000089800000, 0x0000000089800000| Untracked 
|  77|0x0000000089900000, 0x0000000089a00000, 0x0000000089a00000|100%| S|CS|TAMS 0x0000000089900000, 0x0000000089900000| Complete 
|  78|0x0000000089a00000, 0x0000000089b00000, 0x0000000089b00000|100%| S|CS|TAMS 0x0000000089a00000, 0x0000000089a00000| Complete 
|  79|0x0000000089b00000, 0x0000000089b00000, 0x0000000089c00000|  0%| F|  |TAMS 0x0000000089b00000, 0x0000000089b00000| Untracked 
|  80|0x0000000089c00000, 0x0000000089c00000, 0x0000000089d00000|  0%| F|  |TAMS 0x0000000089c00000, 0x0000000089c00000| Untracked 
|  81|0x0000000089d00000, 0x0000000089d00000, 0x0000000089e00000|  0%| F|  |TAMS 0x0000000089d00000, 0x0000000089d00000| Untracked 
|  82|0x0000000089e00000, 0x0000000089e00000, 0x0000000089f00000|  0%| F|  |TAMS 0x0000000089e00000, 0x0000000089e00000| Untracked 
|  83|0x0000000089f00000, 0x0000000089f00000, 0x000000008a000000|  0%| F|  |TAMS 0x0000000089f00000, 0x0000000089f00000| Untracked 
|  84|0x000000008a000000, 0x000000008a000000, 0x000000008a100000|  0%| F|  |TAMS 0x000000008a000000, 0x000000008a000000| Untracked 
|  85|0x000000008a100000, 0x000000008a100000, 0x000000008a200000|  0%| F|  |TAMS 0x000000008a100000, 0x000000008a100000| Untracked 
|  86|0x000000008a200000, 0x000000008a200000, 0x000000008a300000|  0%| F|  |TAMS 0x000000008a200000, 0x000000008a200000| Untracked 
|  87|0x000000008a300000, 0x000000008a300000, 0x000000008a400000|  0%| F|  |TAMS 0x000000008a300000, 0x000000008a300000| Untracked 
|  88|0x000000008a400000, 0x000000008a400000, 0x000000008a500000|  0%| F|  |TAMS 0x000000008a400000, 0x000000008a400000| Untracked 
|  89|0x000000008a500000, 0x000000008a500000, 0x000000008a600000|  0%| F|  |TAMS 0x000000008a500000, 0x000000008a500000| Untracked 
|  90|0x000000008a600000, 0x000000008a600000, 0x000000008a700000|  0%| F|  |TAMS 0x000000008a600000, 0x000000008a600000| Untracked 
|  91|0x000000008a700000, 0x000000008a700000, 0x000000008a800000|  0%| F|  |TAMS 0x000000008a700000, 0x000000008a700000| Untracked 
|  92|0x000000008a800000, 0x000000008a800000, 0x000000008a900000|  0%| F|  |TAMS 0x000000008a800000, 0x000000008a800000| Untracked 
|  93|0x000000008a900000, 0x000000008a900000, 0x000000008aa00000|  0%| F|  |TAMS 0x000000008a900000, 0x000000008a900000| Untracked 
|  94|0x000000008aa00000, 0x000000008aa00000, 0x000000008ab00000|  0%| F|  |TAMS 0x000000008aa00000, 0x000000008aa00000| Untracked 
|  95|0x000000008ab00000, 0x000000008ab00000, 0x000000008ac00000|  0%| F|  |TAMS 0x000000008ab00000, 0x000000008ab00000| Untracked 
|  96|0x000000008ac00000, 0x000000008ac00000, 0x000000008ad00000|  0%| F|  |TAMS 0x000000008ac00000, 0x000000008ac00000| Untracked 
|  97|0x000000008ad00000, 0x000000008ad00000, 0x000000008ae00000|  0%| F|  |TAMS 0x000000008ad00000, 0x000000008ad00000| Untracked 
|  98|0x000000008ae00000, 0x000000008ae00000, 0x000000008af00000|  0%| F|  |TAMS 0x000000008ae00000, 0x000000008ae00000| Untracked 
|  99|0x000000008af00000, 0x000000008af00000, 0x000000008b000000|  0%| F|  |TAMS 0x000000008af00000, 0x000000008af00000| Untracked 
| 100|0x000000008b000000, 0x000000008b000000, 0x000000008b100000|  0%| F|  |TAMS 0x000000008b000000, 0x000000008b000000| Untracked 
| 101|0x000000008b100000, 0x000000008b100000, 0x000000008b200000|  0%| F|  |TAMS 0x000000008b100000, 0x000000008b100000| Untracked 
| 102|0x000000008b200000, 0x000000008b200000, 0x000000008b300000|  0%| F|  |TAMS 0x000000008b200000, 0x000000008b200000| Untracked 
| 103|0x000000008b300000, 0x000000008b300000, 0x000000008b400000|  0%| F|  |TAMS 0x000000008b300000, 0x000000008b300000| Untracked 
| 104|0x000000008b400000, 0x000000008b400000, 0x000000008b500000|  0%| F|  |TAMS 0x000000008b400000, 0x000000008b400000| Untracked 
| 105|0x000000008b500000, 0x000000008b552d58, 0x000000008b600000| 32%| E|  |TAMS 0x000000008b500000, 0x000000008b500000| Complete 
| 106|0x000000008b600000, 0x000000008b700000, 0x000000008b700000|100%| E|CS|TAMS 0x000000008b600000, 0x000000008b600000| Complete 
| 107|0x000000008b700000, 0x000000008b800000, 0x000000008b800000|100%| E|CS|TAMS 0x000000008b700000, 0x000000008b700000| Complete 
| 108|0x000000008b800000, 0x000000008b900000, 0x000000008b900000|100%| E|CS|TAMS 0x000000008b800000, 0x000000008b800000| Complete 
| 109|0x000000008b900000, 0x000000008ba00000, 0x000000008ba00000|100%| E|CS|TAMS 0x000000008b900000, 0x000000008b900000| Complete 
| 110|0x000000008ba00000, 0x000000008bb00000, 0x000000008bb00000|100%| E|CS|TAMS 0x000000008ba00000, 0x000000008ba00000| Complete 
| 111|0x000000008bb00000, 0x000000008bc00000, 0x000000008bc00000|100%| E|CS|TAMS 0x000000008bb00000, 0x000000008bb00000| Complete 
| 112|0x000000008bc00000, 0x000000008bd00000, 0x000000008bd00000|100%| E|CS|TAMS 0x000000008bc00000, 0x000000008bc00000| Complete 
| 113|0x000000008bd00000, 0x000000008be00000, 0x000000008be00000|100%| E|CS|TAMS 0x000000008bd00000, 0x000000008bd00000| Complete 
| 114|0x000000008be00000, 0x000000008bf00000, 0x000000008bf00000|100%| E|  |TAMS 0x000000008be00000, 0x000000008be00000| Complete 
| 115|0x000000008bf00000, 0x000000008c000000, 0x000000008c000000|100%| E|CS|TAMS 0x000000008bf00000, 0x000000008bf00000| Complete 
| 116|0x000000008c000000, 0x000000008c100000, 0x000000008c100000|100%| E|CS|TAMS 0x000000008c000000, 0x000000008c000000| Complete 
| 117|0x000000008c100000, 0x000000008c200000, 0x000000008c200000|100%| E|CS|TAMS 0x000000008c100000, 0x000000008c100000| Complete 
| 118|0x000000008c200000, 0x000000008c300000, 0x000000008c300000|100%| E|CS|TAMS 0x000000008c200000, 0x000000008c200000| Complete 
| 119|0x000000008c300000, 0x000000008c400000, 0x000000008c400000|100%| E|CS|TAMS 0x000000008c300000, 0x000000008c300000| Complete 
| 120|0x000000008c400000, 0x000000008c500000, 0x000000008c500000|100%| E|CS|TAMS 0x000000008c400000, 0x000000008c400000| Complete 
| 121|0x000000008c500000, 0x000000008c600000, 0x000000008c600000|100%| E|CS|TAMS 0x000000008c500000, 0x000000008c500000| Complete 
| 122|0x000000008c600000, 0x000000008c700000, 0x000000008c700000|100%| E|CS|TAMS 0x000000008c600000, 0x000000008c600000| Complete 
| 123|0x000000008c700000, 0x000000008c800000, 0x000000008c800000|100%| E|CS|TAMS 0x000000008c700000, 0x000000008c700000| Complete 
| 124|0x000000008c800000, 0x000000008c900000, 0x000000008c900000|100%| E|CS|TAMS 0x000000008c800000, 0x000000008c800000| Complete 

Card table byte_map: [0x0000018a2fde0000,0x0000018a301c0000] _byte_map_base: 0x0000018a2f9ba000

Marking Bits (Prev, Next): (CMBitMap*) 0x0000018a191b9760, (CMBitMap*) 0x0000018a191b97a0
 Prev Bits: [0x0000018a305a0000, 0x0000018a32470000)
 Next Bits: [0x0000018a32470000, 0x0000018a34340000)

Polling page: 0x0000018a17070000

Metaspace:

Usage:
  Non-class:     85.70 MB used.
      Class:     13.53 MB used.
       Both:     99.23 MB used.

Virtual space:
  Non-class space:      128.00 MB reserved,      86.19 MB ( 67%) committed,  2 nodes.
      Class space:        1.00 GB reserved,      14.00 MB (  1%) committed,  1 nodes.
             Both:        1.12 GB reserved,     100.19 MB (  9%) committed. 

Chunk freelists:
   Non-Class:  9.73 MB
       Class:  2.04 MB
        Both:  11.78 MB

MaxMetaspaceSize: unlimited
CompressedClassSpaceSize: 1.00 GB
Initial GC threshold: 21.00 MB
Current GC threshold: 145.62 MB
CDS: on
MetaspaceReclaimPolicy: balanced
 - commit_granule_bytes: 65536.
 - commit_granule_words: 8192.
 - virtual_space_node_default_size: 8388608.
 - enlarge_chunks_in_place: 1.
 - new_chunks_are_fully_committed: 0.
 - uncommit_free_chunks: 1.
 - use_allocation_guard: 0.
 - handle_deallocations: 1.


Internal statistics:

num_allocs_failed_limit: 6.
num_arena_births: 1534.
num_arena_deaths: 14.
num_vsnodes_births: 3.
num_vsnodes_deaths: 0.
num_space_committed: 1601.
num_space_uncommitted: 0.
num_chunks_returned_to_freelist: 27.
num_chunks_taken_from_freelist: 5481.
num_chunk_merges: 8.
num_chunk_splits: 3750.
num_chunks_enlarged: 2682.
num_inconsistent_stats: 0.

CodeHeap 'non-profiled nmethods': size=120000Kb used=7423Kb max_used=7748Kb free=112576Kb
 bounds [0x0000018a284d0000, 0x0000018a28c70000, 0x0000018a2fa00000]
CodeHeap 'profiled nmethods': size=120000Kb used=21317Kb max_used=21317Kb free=98682Kb
 bounds [0x0000018a20a00000, 0x0000018a21ee0000, 0x0000018a27f30000]
CodeHeap 'non-nmethods': size=5760Kb used=1437Kb max_used=1486Kb free=4322Kb
 bounds [0x0000018a27f30000, 0x0000018a281a0000, 0x0000018a284d0000]
 total_blobs=11975 nmethods=11203 adapters=683
 compilation: enabled
              stopped_count=0, restarted_count=0
 full_count=0

Compilation events (20 events):
Event: 228.086 Thread 0x0000018a367fe740 nmethod 13408 0x0000018a21ec9710 code [0x0000018a21ec9aa0, 0x0000018a21ecb368]
Event: 232.259 Thread 0x0000018a367fe740 13409       3       java.util.concurrent.ScheduledThreadPoolExecutor$ScheduledFutureTask::run (57 bytes)
Event: 232.260 Thread 0x0000018a367fe740 nmethod 13409 0x0000018a21ecbe10 code [0x0000018a21ecc020, 0x0000018a21ecc498]
Event: 232.260 Thread 0x0000018a367fe740 13410   !   3       java.util.concurrent.FutureTask::runAndReset (125 bytes)
Event: 232.262 Thread 0x0000018a367fe740 nmethod 13410 0x0000018a21ecc610 code [0x0000018a21ecca60, 0x0000018a21ecee28]
Event: 232.262 Thread 0x0000018a367fe740 13411       3       java.util.concurrent.Executors$RunnableAdapter::call (14 bytes)
Event: 232.262 Thread 0x0000018a367fe740 nmethod 13411 0x0000018a21ecf910 code [0x0000018a21ecfac0, 0x0000018a21ecfca8]
Event: 234.746 Thread 0x0000018a367fe740 13412       3       java.util.concurrent.ScheduledThreadPoolExecutor$DelayedWorkQueue::siftDown (119 bytes)
Event: 234.747 Thread 0x0000018a367fe740 nmethod 13412 0x0000018a21ecfd90 code [0x0000018a21ed0000, 0x0000018a21ed1018]
Event: 234.769 Thread 0x0000018a367f9a60 13413       4       java.util.HashMap::values (25 bytes)
Event: 234.770 Thread 0x0000018a367f9a60 nmethod 13413 0x0000018a287ab710 code [0x0000018a287ab8a0, 0x0000018a287aba58]
Event: 235.219 Thread 0x0000018a367f9a60 13414       4       org.springframework.core.ResolvableType::calculateHashCode (80 bytes)
Event: 235.233 Thread 0x0000018a367fe740 13415       3       java.util.logging.LogManager::checkPermission (16 bytes)
Event: 235.234 Thread 0x0000018a367fe740 nmethod 13415 0x0000018a21ed1510 code [0x0000018a21ed16e0, 0x0000018a21ed1a28]
Event: 235.234 Thread 0x0000018a367fe740 13416   !   3       java.util.logging.LogManager$LoggerContext::findLogger (113 bytes)
Event: 235.235 Thread 0x0000018a367fe740 nmethod 13416 0x0000018a21ed1b90 code [0x0000018a21ed1e20, 0x0000018a21ed2e48]
Event: 235.235 Thread 0x0000018a367fe740 13417       3       java.util.logging.Logger::updateEffectiveLevel (126 bytes)
Event: 235.235 Thread 0x0000018a367fe740 nmethod 13417 0x0000018a21ed3390 code [0x0000018a21ed35c0, 0x0000018a21ed4108]
Event: 235.309 Thread 0x0000018a367f9a60 nmethod 13414 0x0000018a287a7610 code [0x0000018a287a7920, 0x0000018a287aa3c0]
Event: 235.309 Thread 0x0000018a367f9a60 13418       4       org.springframework.beans.factory.support.AbstractBeanFactory::isSingleton (170 bytes)

GC Heap History (20 events):
Event: 28.023 GC heap before
{Heap before GC invocations=47 (full 0):
 garbage-first heap   total 106496K, used 77996K [0x0000000084c00000, 0x0000000100000000)
  region size 1024K, 23 young (23552K), 4 survivors (4096K)
 Metaspace       used 83913K, committed 84608K, reserved 1179648K
  class space    used 11525K, committed 11840K, reserved 1048576K
}
Event: 28.030 GC heap after
{Heap after GC invocations=48 (full 0):
 garbage-first heap   total 106496K, used 59392K [0x0000000084c00000, 0x0000000100000000)
  region size 1024K, 1 young (1024K), 1 survivors (1024K)
 Metaspace       used 83913K, committed 84608K, reserved 1179648K
  class space    used 11525K, committed 11840K, reserved 1048576K
}
Event: 28.175 GC heap before
{Heap before GC invocations=48 (full 0):
 garbage-first heap   total 106496K, used 63488K [0x0000000084c00000, 0x0000000100000000)
  region size 1024K, 5 young (5120K), 1 survivors (1024K)
 Metaspace       used 84440K, committed 85120K, reserved 1179648K
  class space    used 11599K, committed 11904K, reserved 1048576K
}
Event: 28.182 GC heap after
{Heap after GC invocations=49 (full 0):
 garbage-first heap   total 106496K, used 59578K [0x0000000084c00000, 0x0000000100000000)
  region size 1024K, 1 young (1024K), 1 survivors (1024K)
 Metaspace       used 84440K, committed 85120K, reserved 1179648K
  class space    used 11599K, committed 11904K, reserved 1048576K
}
Event: 29.689 GC heap before
{Heap before GC invocations=49 (full 0):
 garbage-first heap   total 106496K, used 83130K [0x0000000084c00000, 0x0000000100000000)
  region size 1024K, 24 young (24576K), 1 survivors (1024K)
 Metaspace       used 86153K, committed 86784K, reserved 1179648K
  class space    used 11820K, committed 12160K, reserved 1048576K
}
Event: 29.695 GC heap after
{Heap after GC invocations=50 (full 0):
 garbage-first heap   total 106496K, used 61329K [0x0000000084c00000, 0x0000000100000000)
  region size 1024K, 3 young (3072K), 3 survivors (3072K)
 Metaspace       used 86153K, committed 86784K, reserved 1179648K
  class space    used 11820K, committed 12160K, reserved 1048576K
}
Event: 30.608 GC heap before
{Heap before GC invocations=50 (full 0):
 garbage-first heap   total 106496K, used 84881K [0x0000000084c00000, 0x0000000100000000)
  region size 1024K, 26 young (26624K), 3 survivors (3072K)
 Metaspace       used 86905K, committed 87552K, reserved 1179648K
  class space    used 11918K, committed 12224K, reserved 1048576K
}
Event: 30.613 GC heap after
{Heap after GC invocations=51 (full 0):
 garbage-first heap   total 106496K, used 62571K [0x0000000084c00000, 0x0000000100000000)
  region size 1024K, 4 young (4096K), 4 survivors (4096K)
 Metaspace       used 86905K, committed 87552K, reserved 1179648K
  class space    used 11918K, committed 12224K, reserved 1048576K
}
Event: 31.839 GC heap before
{Heap before GC invocations=51 (full 0):
 garbage-first heap   total 106496K, used 85099K [0x0000000084c00000, 0x0000000100000000)
  region size 1024K, 27 young (27648K), 4 survivors (4096K)
 Metaspace       used 87597K, committed 88256K, reserved 1179648K
  class space    used 12043K, committed 12352K, reserved 1048576K
}
Event: 31.848 GC heap after
{Heap after GC invocations=52 (full 0):
 garbage-first heap   total 106496K, used 63742K [0x0000000084c00000, 0x0000000100000000)
  region size 1024K, 3 young (3072K), 3 survivors (3072K)
 Metaspace       used 87597K, committed 88256K, reserved 1179648K
  class space    used 12043K, committed 12352K, reserved 1048576K
}
Event: 32.462 GC heap before
{Heap before GC invocations=52 (full 0):
 garbage-first heap   total 106496K, used 87294K [0x0000000084c00000, 0x0000000100000000)
  region size 1024K, 26 young (26624K), 3 survivors (3072K)
 Metaspace       used 88747K, committed 89472K, reserved 1179648K
  class space    used 12218K, committed 12544K, reserved 1048576K
}
Event: 32.468 GC heap after
{Heap after GC invocations=53 (full 0):
 garbage-first heap   total 106496K, used 65276K [0x0000000084c00000, 0x0000000100000000)
  region size 1024K, 3 young (3072K), 3 survivors (3072K)
 Metaspace       used 88747K, committed 89472K, reserved 1179648K
  class space    used 12218K, committed 12544K, reserved 1048576K
}
Event: 33.303 GC heap before
{Heap before GC invocations=54 (full 0):
 garbage-first heap   total 106496K, used 79612K [0x0000000084c00000, 0x0000000100000000)
  region size 1024K, 25 young (25600K), 3 survivors (3072K)
 Metaspace       used 89511K, committed 90176K, reserved 1179648K
  class space    used 12301K, committed 12608K, reserved 1048576K
}
Event: 33.311 GC heap after
{Heap after GC invocations=55 (full 0):
 garbage-first heap   total 106496K, used 58270K [0x0000000084c00000, 0x0000000100000000)
  region size 1024K, 3 young (3072K), 3 survivors (3072K)
 Metaspace       used 89511K, committed 90176K, reserved 1179648K
  class space    used 12301K, committed 12608K, reserved 1048576K
}
Event: 33.415 GC heap before
{Heap before GC invocations=55 (full 0):
 garbage-first heap   total 106496K, used 60318K [0x0000000084c00000, 0x0000000100000000)
  region size 1024K, 5 young (5120K), 3 survivors (3072K)
 Metaspace       used 89591K, committed 90304K, reserved 1179648K
  class space    used 12315K, committed 12672K, reserved 1048576K
}
Event: 33.421 GC heap after
{Heap after GC invocations=56 (full 0):
 garbage-first heap   total 128000K, used 54039K [0x0000000084c00000, 0x0000000100000000)
  region size 1024K, 1 young (1024K), 1 survivors (1024K)
 Metaspace       used 89591K, committed 90304K, reserved 1179648K
  class space    used 12315K, committed 12672K, reserved 1048576K
}
Event: 46.086 GC heap before
{Heap before GC invocations=56 (full 0):
 garbage-first heap   total 128000K, used 102167K [0x0000000084c00000, 0x0000000100000000)
  region size 1024K, 48 young (49152K), 1 survivors (1024K)
 Metaspace       used 93490K, committed 94336K, reserved 1179648K
  class space    used 12898K, committed 13312K, reserved 1048576K
}
Event: 46.092 GC heap after
{Heap after GC invocations=57 (full 0):
 garbage-first heap   total 128000K, used 56020K [0x0000000084c00000, 0x0000000100000000)
  region size 1024K, 3 young (3072K), 3 survivors (3072K)
 Metaspace       used 93490K, committed 94336K, reserved 1179648K
  class space    used 12898K, committed 13312K, reserved 1048576K
}
Event: 153.586 GC heap before
{Heap before GC invocations=57 (full 0):
 garbage-first heap   total 128000K, used 102100K [0x0000000084c00000, 0x0000000100000000)
  region size 1024K, 49 young (50176K), 3 survivors (3072K)
 Metaspace       used 99902K, committed 100736K, reserved 1179648K
  class space    used 13670K, committed 14080K, reserved 1048576K
}
Event: 153.596 GC heap after
{Heap after GC invocations=58 (full 0):
 garbage-first heap   total 128000K, used 58612K [0x0000000084c00000, 0x0000000100000000)
  region size 1024K, 5 young (5120K), 5 survivors (5120K)
 Metaspace       used 99902K, committed 100736K, reserved 1179648K
  class space    used 13670K, committed 14080K, reserved 1048576K
}

Deoptimization events (20 events):
Event: 174.392 Thread 0x0000018a008cb160 Uncommon trap: trap_request=0xffffff45 fr.pc=0x0000018a286fb58c relative=0x000000000000034c
Event: 174.392 Thread 0x0000018a008cb160 Uncommon trap: reason=unstable_if action=reinterpret pc=0x0000018a286fb58c method=org.jboss.logging.Slf4jLocationAwareLogger.isEnabled(Lorg/jboss/logging/Logger$Level;)Z @ 12 c2
Event: 174.392 Thread 0x0000018a008cb160 DEOPT PACKING pc=0x0000018a286fb58c sp=0x000000119bcf2e30
Event: 174.392 Thread 0x0000018a008cb160 DEOPT UNPACKING pc=0x0000018a27f85ba3 sp=0x000000119bcf2de0 mode 2
Event: 187.497 Thread 0x0000018a008cc090 Uncommon trap: trap_request=0xffffffde fr.pc=0x0000018a28883374 relative=0x00000000000006b4
Event: 187.497 Thread 0x0000018a008cc090 Uncommon trap: reason=class_check action=maybe_recompile pc=0x0000018a28883374 method=java.lang.AbstractStringBuilder.<init>(Ljava/lang/String;)V @ 58 c2
Event: 187.497 Thread 0x0000018a008cc090 DEOPT PACKING pc=0x0000018a28883374 sp=0x000000119bef3750
Event: 187.497 Thread 0x0000018a008cc090 DEOPT UNPACKING pc=0x0000018a27f85ba3 sp=0x000000119bef3730 mode 2
Event: 187.497 Thread 0x0000018a008cc090 Uncommon trap: trap_request=0xffffffde fr.pc=0x0000018a28883374 relative=0x00000000000006b4
Event: 187.497 Thread 0x0000018a008cc090 Uncommon trap: reason=class_check action=maybe_recompile pc=0x0000018a28883374 method=java.lang.AbstractStringBuilder.<init>(Ljava/lang/String;)V @ 58 c2
Event: 187.497 Thread 0x0000018a008cc090 DEOPT PACKING pc=0x0000018a28883374 sp=0x000000119bef3750
Event: 187.497 Thread 0x0000018a008cc090 DEOPT UNPACKING pc=0x0000018a27f85ba3 sp=0x000000119bef3730 mode 2
Event: 187.498 Thread 0x0000018a008cc090 Uncommon trap: trap_request=0xffffffde fr.pc=0x0000018a28a54c40 relative=0x0000000000000100
Event: 187.498 Thread 0x0000018a008cc090 Uncommon trap: reason=class_check action=maybe_recompile pc=0x0000018a28a54c40 method=com.mysql.cj.util.StringInspector.incrementPosition(Ljava/util/Set;)I @ 17 c2
Event: 187.498 Thread 0x0000018a008cc090 DEOPT PACKING pc=0x0000018a28a54c40 sp=0x000000119bef3390
Event: 187.498 Thread 0x0000018a008cc090 DEOPT UNPACKING pc=0x0000018a27f85ba3 sp=0x000000119bef3328 mode 2
Event: 187.498 Thread 0x0000018a008cc090 Uncommon trap: trap_request=0xffffffde fr.pc=0x0000018a28a54c40 relative=0x0000000000000100
Event: 187.498 Thread 0x0000018a008cc090 Uncommon trap: reason=class_check action=maybe_recompile pc=0x0000018a28a54c40 method=com.mysql.cj.util.StringInspector.incrementPosition(Ljava/util/Set;)I @ 17 c2
Event: 187.498 Thread 0x0000018a008cc090 DEOPT PACKING pc=0x0000018a28a54c40 sp=0x000000119bef3390
Event: 187.498 Thread 0x0000018a008cc090 DEOPT UNPACKING pc=0x0000018a27f85ba3 sp=0x000000119bef3328 mode 2

Classes unloaded (7 events):
Event: 32.592 Thread 0x0000018a367d9770 Unloading class 0x0000018a38b81400 'jdk/internal/reflect/GeneratedSerializationConstructorAccessor30'
Event: 32.592 Thread 0x0000018a367d9770 Unloading class 0x0000018a38b81000 'jdk/internal/reflect/GeneratedSerializationConstructorAccessor29'
Event: 32.592 Thread 0x0000018a367d9770 Unloading class 0x0000018a38b80800 'jdk/internal/reflect/GeneratedSerializationConstructorAccessor28'
Event: 32.592 Thread 0x0000018a367d9770 Unloading class 0x0000018a38b80400 'jdk/internal/reflect/GeneratedSerializationConstructorAccessor27'
Event: 32.592 Thread 0x0000018a367d9770 Unloading class 0x0000018a38b79800 'jdk/internal/reflect/GeneratedSerializationConstructorAccessor26'
Event: 32.592 Thread 0x0000018a367d9770 Unloading class 0x0000018a38b78000 'jdk/internal/reflect/GeneratedSerializationConstructorAccessor25'
Event: 32.592 Thread 0x0000018a367d9770 Unloading class 0x0000018a38b6c000 'jdk/internal/reflect/GeneratedSerializationConstructorAccessor24'

Classes redefined (0 events):
No events

Internal exceptions (20 events):
Event: 153.720 Thread 0x0000018a008cbb80 Exception <a 'java/lang/NoSuchMethodError'{0x000000008c540340}: 'java.lang.Object java.lang.invoke.DirectMethodHandle$Holder.invokeInterface(java.lang.Object, java.lang.Object, int)'> (0x000000008c540340) 
thrown [s\open\src\hotspot\share\interpreter\linkResolver.cpp, line 759]
Event: 153.985 Thread 0x0000018a008cbb80 Exception <a 'java/lang/reflect/InvocationTargetException'{0x000000008c3d3bb0}> (0x000000008c3d3bb0) 
thrown [s\open\src\hotspot\share\runtime\reflection.cpp, line 1121]
Event: 153.985 Thread 0x0000018a008cbb80 Exception <a 'java/lang/reflect/InvocationTargetException'{0x000000008c3d4e70}> (0x000000008c3d4e70) 
thrown [s\open\src\hotspot\share\runtime\reflection.cpp, line 1121]
Event: 153.986 Thread 0x0000018a008cbb80 Exception <a 'java/lang/reflect/InvocationTargetException'{0x000000008c3d7950}> (0x000000008c3d7950) 
thrown [s\open\src\hotspot\share\runtime\reflection.cpp, line 1121]
Event: 153.987 Thread 0x0000018a008cbb80 Exception <a 'java/lang/reflect/InvocationTargetException'{0x000000008c3da088}> (0x000000008c3da088) 
thrown [s\open\src\hotspot\share\runtime\reflection.cpp, line 1121]
Event: 153.988 Thread 0x0000018a008cbb80 Exception <a 'java/lang/reflect/InvocationTargetException'{0x000000008c3dd4a8}> (0x000000008c3dd4a8) 
thrown [s\open\src\hotspot\share\runtime\reflection.cpp, line 1121]
Event: 167.198 Thread 0x0000018a008cf330 Exception <a 'java/lang/reflect/InvocationTargetException'{0x000000008c1cde88}> (0x000000008c1cde88) 
thrown [s\open\src\hotspot\share\runtime\reflection.cpp, line 1121]
Event: 167.198 Thread 0x0000018a008cf330 Exception <a 'java/lang/reflect/InvocationTargetException'{0x000000008c1cf148}> (0x000000008c1cf148) 
thrown [s\open\src\hotspot\share\runtime\reflection.cpp, line 1121]
Event: 167.198 Thread 0x0000018a008cf330 Exception <a 'java/lang/reflect/InvocationTargetException'{0x000000008c1d08e8}> (0x000000008c1d08e8) 
thrown [s\open\src\hotspot\share\runtime\reflection.cpp, line 1121]
Event: 167.199 Thread 0x0000018a008cf330 Exception <a 'java/lang/reflect/InvocationTargetException'{0x000000008c1d2a60}> (0x000000008c1d2a60) 
thrown [s\open\src\hotspot\share\runtime\reflection.cpp, line 1121]
Event: 167.201 Thread 0x0000018a008cf330 Exception <a 'java/lang/reflect/InvocationTargetException'{0x000000008c1d5c38}> (0x000000008c1d5c38) 
thrown [s\open\src\hotspot\share\runtime\reflection.cpp, line 1121]
Event: 174.285 Thread 0x0000018a008cb160 Exception <a 'java/lang/NoSuchMethodError'{0x000000008bf7c200}: 'int java.lang.invoke.DirectMethodHandle$Holder.invokeStatic(java.lang.Object, java.lang.Object, int, int)'> (0x000000008bf7c200) 
thrown [s\open\src\hotspot\share\interpreter\linkResolver.cpp, line 759]
Event: 174.396 Thread 0x0000018a008cb160 Exception <a 'java/lang/reflect/InvocationTargetException'{0x000000008bc19470}> (0x000000008bc19470) 
thrown [s\open\src\hotspot\share\runtime\reflection.cpp, line 1121]
Event: 174.396 Thread 0x0000018a008cb160 Exception <a 'java/lang/reflect/InvocationTargetException'{0x000000008bc1a488}> (0x000000008bc1a488) 
thrown [s\open\src\hotspot\share\runtime\reflection.cpp, line 1121]
Event: 174.397 Thread 0x0000018a008cb160 Exception <a 'java/lang/reflect/InvocationTargetException'{0x000000008bc20218}> (0x000000008bc20218) 
thrown [s\open\src\hotspot\share\runtime\reflection.cpp, line 1121]
Event: 174.400 Thread 0x0000018a008cb160 Exception <a 'java/lang/reflect/InvocationTargetException'{0x000000008bc23418}> (0x000000008bc23418) 
thrown [s\open\src\hotspot\share\runtime\reflection.cpp, line 1121]
Event: 187.505 Thread 0x0000018a008cc090 Exception <a 'java/lang/reflect/InvocationTargetException'{0x000000008ba367d8}> (0x000000008ba367d8) 
thrown [s\open\src\hotspot\share\runtime\reflection.cpp, line 1121]
Event: 187.505 Thread 0x0000018a008cc090 Exception <a 'java/lang/reflect/InvocationTargetException'{0x000000008ba377f0}> (0x000000008ba377f0) 
thrown [s\open\src\hotspot\share\runtime\reflection.cpp, line 1121]
Event: 187.505 Thread 0x0000018a008cc090 Exception <a 'java/lang/reflect/InvocationTargetException'{0x000000008ba3ae68}> (0x000000008ba3ae68) 
thrown [s\open\src\hotspot\share\runtime\reflection.cpp, line 1121]
Event: 187.507 Thread 0x0000018a008cc090 Exception <a 'java/lang/reflect/InvocationTargetException'{0x000000008ba3e068}> (0x000000008ba3e068) 
thrown [s\open\src\hotspot\share\runtime\reflection.cpp, line 1121]

VM Operations (20 events):
Event: 155.723 Executing VM operation: Cleanup
Event: 155.723 Executing VM operation: Cleanup done
Event: 167.726 Executing VM operation: Cleanup
Event: 167.726 Executing VM operation: Cleanup done
Event: 174.728 Executing VM operation: Cleanup
Event: 174.728 Executing VM operation: Cleanup done
Event: 180.204 Executing VM operation: HandshakeAllThreads
Event: 180.204 Executing VM operation: HandshakeAllThreads done
Event: 188.206 Executing VM operation: Cleanup
Event: 188.206 Executing VM operation: Cleanup done
Event: 190.206 Executing VM operation: Cleanup
Event: 190.206 Executing VM operation: Cleanup done
Event: 205.210 Executing VM operation: Cleanup
Event: 205.210 Executing VM operation: Cleanup done
Event: 219.214 Executing VM operation: Cleanup
Event: 219.214 Executing VM operation: Cleanup done
Event: 229.216 Executing VM operation: Cleanup
Event: 229.217 Executing VM operation: Cleanup done
Event: 235.219 Executing VM operation: Cleanup
Event: 235.233 Executing VM operation: Cleanup done

Events (20 events):
Event: 174.329 loading class jdk/internal/icu/impl/UCharacterProperty$IsAcceptable done
Event: 174.329 loading class jdk/internal/icu/impl/Trie2_16
Event: 174.329 loading class jdk/internal/icu/impl/Trie2
Event: 174.329 loading class jdk/internal/icu/impl/Trie2 done
Event: 174.329 loading class jdk/internal/icu/impl/Trie2_16 done
Event: 174.329 loading class jdk/internal/icu/impl/Trie2$1
Event: 174.329 loading class jdk/internal/icu/impl/Trie2$ValueMapper
Event: 174.329 loading class jdk/internal/icu/impl/Trie2$ValueMapper done
Event: 174.329 loading class jdk/internal/icu/impl/Trie2$1 done
Event: 174.329 loading class jdk/internal/icu/impl/Trie2$UTrie2Header
Event: 174.329 loading class jdk/internal/icu/impl/Trie2$UTrie2Header done
Event: 234.969 loading class jdk/internal/misc/Signal$1
Event: 234.969 loading class jdk/internal/misc/Signal$1 done
Event: 234.969 Thread 0x0000018a7cc6a570 Thread added: 0x0000018a7cc6a570
Event: 234.970 Thread 0x0000018a7d3f0590 Thread added: 0x0000018a7d3f0590
Event: 234.970 Thread 0x0000018a7d3ef660 Thread added: 0x0000018a7d3ef660
Event: 235.233 Thread 0x0000018a7d3ef660 Thread exited: 0x0000018a7d3ef660
Event: 235.255 Thread 0x0000018a7d3f3320 Thread added: 0x0000018a7d3f3320
Event: 235.255 loading class java/util/concurrent/locks/AbstractQueuedSynchronizer$SharedNode
Event: 235.256 loading class java/util/concurrent/locks/AbstractQueuedSynchronizer$SharedNode done


Dynamic libraries:
0x00007ff6cd670000 - 0x00007ff6cd680000 	C:\Program Files\Java\jdk-17\bin\java.exe
0x00007ff8b0bd0000 - 0x00007ff8b0de7000 	C:\WINDOWS\SYSTEM32\ntdll.dll
0x00007ff8aeb70000 - 0x00007ff8aec34000 	C:\WINDOWS\System32\KERNEL32.DLL
0x00007ff8adfd0000 - 0x00007ff8ae3a1000 	C:\WINDOWS\System32\KERNELBASE.dll
0x00007ff8ae3b0000 - 0x00007ff8ae4c1000 	C:\WINDOWS\System32\ucrtbase.dll
0x00007ff892ca0000 - 0x00007ff892cb9000 	C:\Program Files\Java\jdk-17\bin\jli.dll
0x00007ff8b0ac0000 - 0x00007ff8b0b71000 	C:\WINDOWS\System32\ADVAPI32.dll
0x00007ff8ae8b0000 - 0x00007ff8ae957000 	C:\WINDOWS\System32\msvcrt.dll
0x00007ff8b08d0000 - 0x00007ff8b0977000 	C:\WINDOWS\System32\sechost.dll
0x00007ff8ade80000 - 0x00007ff8adea8000 	C:\WINDOWS\System32\bcrypt.dll
0x00007ff8aea30000 - 0x00007ff8aeb44000 	C:\WINDOWS\System32\RPCRT4.dll
0x00007ff8b0130000 - 0x00007ff8b02e1000 	C:\WINDOWS\System32\USER32.dll
0x00007ff8ae6d0000 - 0x00007ff8ae6f6000 	C:\WINDOWS\System32\win32u.dll
0x00007ff8b0400000 - 0x00007ff8b0429000 	C:\WINDOWS\System32\GDI32.dll
0x00007ff8ae780000 - 0x00007ff8ae89b000 	C:\WINDOWS\System32\gdi32full.dll
0x00007ff8adf30000 - 0x00007ff8adfca000 	C:\WINDOWS\System32\msvcp_win.dll
0x00007ff891830000 - 0x00007ff89184b000 	C:\Program Files\Java\jdk-17\bin\VCRUNTIME140.dll
0x00007ff89ea20000 - 0x00007ff89ecb2000 	C:\WINDOWS\WinSxS\amd64_microsoft.windows.common-controls_6595b64144ccf1df_6.0.22621.4830_none_270fe7d773858e80\COMCTL32.dll
0x00007ff8a61b0000 - 0x00007ff8a61ba000 	C:\WINDOWS\SYSTEM32\VERSION.dll
0x00007ff8ae980000 - 0x00007ff8ae9b1000 	C:\WINDOWS\System32\IMM32.DLL
0x00007ff895c10000 - 0x00007ff895c1c000 	C:\Program Files\Java\jdk-17\bin\vcruntime140_1.dll
0x00007ff87ddd0000 - 0x00007ff87de5e000 	C:\Program Files\Java\jdk-17\bin\msvcp140.dll
0x00007ff8181f0000 - 0x00007ff818dd0000 	C:\Program Files\Java\jdk-17\bin\server\jvm.dll
0x00007ff8ae8a0000 - 0x00007ff8ae8a8000 	C:\WINDOWS\System32\PSAPI.DLL
0x00007ff892e80000 - 0x00007ff892e89000 	C:\WINDOWS\SYSTEM32\WSOCK32.dll
0x00007ff8aec40000 - 0x00007ff8aecb1000 	C:\WINDOWS\System32\WS2_32.dll
0x00007ff8a6560000 - 0x00007ff8a6594000 	C:\WINDOWS\SYSTEM32\WINMM.dll
0x00007ff8acd30000 - 0x00007ff8acd48000 	C:\WINDOWS\SYSTEM32\kernel.appcore.dll
0x00007ff892dd0000 - 0x00007ff892dda000 	C:\Program Files\Java\jdk-17\bin\jimage.dll
0x00007ff8ab5e0000 - 0x00007ff8ab812000 	C:\WINDOWS\SYSTEM32\DBGHELP.DLL
0x00007ff8b0540000 - 0x00007ff8b08d0000 	C:\WINDOWS\System32\combase.dll
0x00007ff8b0980000 - 0x00007ff8b0a57000 	C:\WINDOWS\System32\OLEAUT32.dll
0x00007ff87a3c0000 - 0x00007ff87a3f2000 	C:\WINDOWS\SYSTEM32\dbgcore.DLL
0x00007ff8ae700000 - 0x00007ff8ae77b000 	C:\WINDOWS\System32\bcryptPrimitives.dll
0x00007ff875730000 - 0x00007ff875755000 	C:\Program Files\Java\jdk-17\bin\java.dll
0x00007ff859bc0000 - 0x00007ff859c97000 	C:\Program Files\Java\jdk-17\bin\jsvml.dll
0x00007ff8af7f0000 - 0x00007ff8b0078000 	C:\WINDOWS\System32\SHELL32.dll
0x00007ff8ae4d0000 - 0x00007ff8ae60f000 	C:\WINDOWS\System32\wintypes.dll
0x00007ff8abc20000 - 0x00007ff8ac52d000 	C:\WINDOWS\SYSTEM32\windows.storage.dll
0x00007ff8b0430000 - 0x00007ff8b053a000 	C:\WINDOWS\System32\SHCORE.dll
0x00007ff8ae9c0000 - 0x00007ff8aea1e000 	C:\WINDOWS\System32\shlwapi.dll
0x00007ff8adc40000 - 0x00007ff8adc6b000 	C:\WINDOWS\SYSTEM32\profapi.dll
0x00007ff8876a0000 - 0x00007ff8876b9000 	C:\Program Files\Java\jdk-17\bin\net.dll
0x00007ff8a7a50000 - 0x00007ff8a7b7c000 	C:\WINDOWS\SYSTEM32\WINHTTP.dll
0x00007ff8ad240000 - 0x00007ff8ad2aa000 	C:\WINDOWS\system32\mswsock.dll
0x00007ff867ff0000 - 0x00007ff868006000 	C:\Program Files\Java\jdk-17\bin\nio.dll
0x00007ff859ba0000 - 0x00007ff859bb8000 	C:\Program Files\Java\jdk-17\bin\zip.dll
0x00007ff892c90000 - 0x00007ff892c9a000 	C:\Program Files\Java\jdk-17\bin\management.dll
0x00007ff892bf0000 - 0x00007ff892bfb000 	C:\Program Files\Java\jdk-17\bin\management_ext.dll
0x00007ff8859a0000 - 0x00007ff8859b7000 	C:\WINDOWS\system32\napinsp.dll
0x00007ff885860000 - 0x00007ff88587b000 	C:\WINDOWS\system32\pnrpnsp.dll
0x00007ff8ac800000 - 0x00007ff8ac902000 	C:\WINDOWS\SYSTEM32\DNSAPI.dll
0x00007ff8ac7d0000 - 0x00007ff8ac7fd000 	C:\WINDOWS\SYSTEM32\IPHLPAPI.DLL
0x00007ff8af790000 - 0x00007ff8af799000 	C:\WINDOWS\System32\NSI.dll
0x00007ff8857e0000 - 0x00007ff8857f1000 	C:\WINDOWS\System32\winrnr.dll
0x00007ff8a5c30000 - 0x00007ff8a5c45000 	C:\WINDOWS\system32\wshbth.dll
0x00007ff8857b0000 - 0x00007ff8857d7000 	C:\WINDOWS\system32\nlansp_c.dll
0x00007ff8a7d40000 - 0x00007ff8a7d4a000 	C:\Windows\System32\rasadhlp.dll
0x00007ff8a5da0000 - 0x00007ff8a5e23000 	C:\WINDOWS\System32\fwpuclnt.dll
0x00007ff8ad4a0000 - 0x00007ff8ad4bb000 	C:\WINDOWS\SYSTEM32\CRYPTSP.dll
0x00007ff8acc90000 - 0x00007ff8accc7000 	C:\WINDOWS\system32\rsaenh.dll
0x00007ff8ad330000 - 0x00007ff8ad358000 	C:\WINDOWS\SYSTEM32\USERENV.dll
0x00007ff8ad490000 - 0x00007ff8ad49c000 	C:\WINDOWS\SYSTEM32\CRYPTBASE.dll
0x00007ff8a7d50000 - 0x00007ff8a7d69000 	C:\WINDOWS\SYSTEM32\dhcpcsvc6.DLL
0x00007ff8a78e0000 - 0x00007ff8a78ff000 	C:\WINDOWS\SYSTEM32\dhcpcsvc.DLL
0x00007ff891820000 - 0x00007ff89182e000 	C:\Program Files\Java\jdk-17\bin\sunmscapi.dll
0x00007ff8add10000 - 0x00007ff8ade76000 	C:\WINDOWS\System32\CRYPT32.dll
0x00007ff8ad6b0000 - 0x00007ff8ad6dd000 	C:\WINDOWS\SYSTEM32\ncrypt.dll
0x00007ff8ad670000 - 0x00007ff8ad6a7000 	C:\WINDOWS\SYSTEM32\NTASN1.dll
0x00007ff892e20000 - 0x00007ff892e30000 	C:\Program Files\Java\jdk-17\bin\verify.dll
0x00007ff895a40000 - 0x00007ff895a48000 	C:\WINDOWS\system32\wshunix.dll

dbghelp: loaded successfully - version: 4.0.5 - missing functions: none
symbol engine: initialized successfully - sym options: 0x614 - pdb path: .;C:\Program Files\Java\jdk-17\bin;C:\WINDOWS\SYSTEM32;C:\WINDOWS\WinSxS\amd64_microsoft.windows.common-controls_6595b64144ccf1df_6.0.22621.4830_none_270fe7d773858e80;C:\Program Files\Java\jdk-17\bin\server

VM Arguments:
jvm_args: -XX:+ShowCodeDetailsInExceptionMessages -Dspring.jmx.enabled=true -Dmanagement.endpoints.jmx.exposure.include=* -Dspring.application.admin.enabled=true -Dspring.boot.project.name=backend-java -Djava.rmi.server.hostname=localhost -Dcom.sun.management.jmxremote.port=45556 -Dcom.sun.management.jmxremote.authenticate=false -Dcom.sun.management.jmxremote.ssl=false 
java_command: com.backend.backend_java.BackendJavaApplication
java_class_path (initial): D:\projects\web2-java\backend-java\target\classes;C:\Users\nguyen phat dat\.m2\repository\org\springframework\boot\spring-boot-starter-actuator\3.4.3\spring-boot-starter-actuator-3.4.3.jar;C:\Users\nguyen phat dat\.m2\repository\org\springframework\boot\spring-boot-starter\3.4.3\spring-boot-starter-3.4.3.jar;C:\Users\nguyen phat dat\.m2\repository\org\springframework\boot\spring-boot-starter-logging\3.4.3\spring-boot-starter-logging-3.4.3.jar;C:\Users\nguyen phat dat\.m2\repository\ch\qos\logback\logback-classic\1.5.16\logback-classic-1.5.16.jar;C:\Users\nguyen phat dat\.m2\repository\ch\qos\logback\logback-core\1.5.16\logback-core-1.5.16.jar;C:\Users\nguyen phat dat\.m2\repository\org\apache\logging\log4j\log4j-to-slf4j\2.24.3\log4j-to-slf4j-2.24.3.jar;C:\Users\nguyen phat dat\.m2\repository\org\apache\logging\log4j\log4j-api\2.24.3\log4j-api-2.24.3.jar;C:\Users\nguyen phat dat\.m2\repository\org\slf4j\jul-to-slf4j\2.0.16\jul-to-slf4j-2.0.16.jar;C:\Users\nguyen phat dat\.m2\repository\jakarta\annotation\jakarta.annotation-api\2.1.1\jakarta.annotation-api-2.1.1.jar;C:\Users\nguyen phat dat\.m2\repository\org\yaml\snakeyaml\2.3\snakeyaml-2.3.jar;C:\Users\nguyen phat dat\.m2\repository\org\springframework\boot\spring-boot-actuator-autoconfigure\3.4.3\spring-boot-actuator-autoconfigure-3.4.3.jar;C:\Users\nguyen phat dat\.m2\repository\org\springframework\boot\spring-boot-actuator\3.4.3\spring-boot-actuator-3.4.3.jar;C:\Users\nguyen phat dat\.m2\repository\com\fasterxml\jackson\datatype\jackson-datatype-jsr310\2.18.2\jackson-datatype-jsr310-2.18.2.jar;C:\Users\nguyen phat dat\.m2\repository\io\micrometer\micrometer-observation\1.14.4\micrometer-observation-1.14.4.jar;C:\Users\nguyen phat dat\.m2\repository\io\micrometer\micrometer-commons\1.14.4\micrometer-commons-1.14.4.jar;C:\Users\nguyen phat dat\.m2\repository\io\micrometer\micrometer-jakarta9\1.14.4\micrometer-jakarta9-1.14.4.jar;C:\Users\nguyen phat dat\.m2\repository\io\micrometer\mic
Launcher Type: SUN_STANDARD

[Global flags]
     intx CICompilerCount                          = 3                                         {product} {ergonomic}
     uint ConcGCThreads                            = 1                                         {product} {ergonomic}
     uint G1ConcRefinementThreads                  = 4                                         {product} {ergonomic}
   size_t G1HeapRegionSize                         = 1048576                                   {product} {ergonomic}
    uintx GCDrainStackTargetSize                   = 64                                        {product} {ergonomic}
   size_t InitialHeapSize                          = 130023424                                 {product} {ergonomic}
     bool ManagementServer                         = true                                      {product} {command line}
   size_t MarkStackSize                            = 4194304                                   {product} {ergonomic}
   size_t MaxHeapSize                              = 2067791872                                {product} {ergonomic}
   size_t MaxNewSize                               = 1240465408                                {product} {ergonomic}
   size_t MinHeapDeltaBytes                        = 1048576                                   {product} {ergonomic}
   size_t MinHeapSize                              = 8388608                                   {product} {ergonomic}
    uintx NonNMethodCodeHeapSize                   = 5832780                                {pd product} {ergonomic}
    uintx NonProfiledCodeHeapSize                  = 122912730                              {pd product} {ergonomic}
    uintx ProfiledCodeHeapSize                     = 122912730                              {pd product} {ergonomic}
    uintx ReservedCodeCacheSize                    = 251658240                              {pd product} {ergonomic}
     bool SegmentedCodeCache                       = true                                      {product} {ergonomic}
     bool ShowCodeDetailsInExceptionMessages       = true                                   {manageable} {command line}
   size_t SoftMaxHeapSize                          = 2067791872                             {manageable} {ergonomic}
     bool UseCompressedClassPointers               = true                           {product lp64_product} {ergonomic}
     bool UseCompressedOops                        = true                           {product lp64_product} {ergonomic}
     bool UseG1GC                                  = true                                      {product} {ergonomic}
     bool UseLargePagesIndividualAllocation        = false                                  {pd product} {ergonomic}

Logging:
Log output configuration:
 #0: stdout all=warning uptime,level,tags
 #1: stderr all=off uptime,level,tags

Environment Variables:
PATH=d:\dowload\cursor\resources\app\bin;C:\Program Files (x86)\Common Files\Oracle\Java\javapath;C:\Program Files\Common Files\Oracle\Java\javapath;C:\WINDOWS\system32;C:\WINDOWS;C:\WINDOWS\System32\Wbem;C:\WINDOWS\System32\WindowsPowerShell\v1.0\;C:\WINDOWS\System32\OpenSSH\;C:\Program Files\Azure Data Studio\bin;C:\Program Files\nodejs\;C:\Program Files\dotnet\;C:\Program Files (x86)\Microsoft SQL Server\160\Tools\Binn\;C:\Program Files\Microsoft SQL Server\160\Tools\Binn\;C:\Program Files\Microsoft SQL Server\Client SDK\ODBC\170\Tools\Binn\;C:\Program Files\Microsoft SQL Server\160\DTS\Binn\;C:\Program Files (x86)\Microsoft SQL Server\160\DTS\Binn\;D:\dowload\Git\Git\cmd;D:\dowload\Git\Git\bin;C:\Program Files\Microsoft SQL Server\150\Tools\Binn\;D:\dowload\xampp\php;D:\dowload\xampp;D:\dowload\7-Zip;D:\dowload\ffmpeg-7.1-full_build\ffmpeg-7.1-full_build\bin;D:\dowload\laragon\laragon\bin\mysql\mysql-8.0.30-winx64\bin;C:\Users\nguyen phat dat\AppData\Local\Microsoft\WindowsApps;C:\Program Files\Docker\Docker\resources\bin;C:\Users\nguyen phat dat\AppData\Local\Microsoft\WindowsApps;C:\Program Files\Azure Data Studio\bin;C:\Users\nguyen phat dat\AppData\Local\Programs\Microsoft VS Code\bin;D:\dowload\JAVA\IntelliJ IDEA Community Edition 2022.3\bin;;C:\Users\nguyen phat dat\AppData\Roaming\npm;C:\Program Files\nodejs;C:\Users\nguyen phat dat\.dotnet\tools;C:\Program Files\Git\bin;D:\dowload\7-Zip;D:\dowload\cursor\resources\app\bin
USERNAME=nguyen phat dat
LANG=en_US.UTF-8
OS=Windows_NT
PROCESSOR_IDENTIFIER=Intel64 Family 6 Model 140 Stepping 1, GenuineIntel



---------------  S Y S T E M  ---------------

OS:
 Windows 11 , 64 bit Build 22621 (10.0.22621.4974)
OS uptime: 0 days 9:55 hours
Hyper-V role detected

CPU: total 4 (initial active 4) (2 cores per cpu, 2 threads per core) family 6 model 140 stepping 1 microcode 0x86, cx8, cmov, fxsr, ht, mmx, 3dnowpref, sse, sse2, sse3, ssse3, sse4.1, sse4.2, popcnt, lzcnt, tsc, tscinvbit, avx, avx2, aes, erms, clmul, bmi1, bmi2, adx, avx512f, avx512dq, avx512cd, avx512bw, avx512vl, sha, fma, vzeroupper, avx512_vpopcntdq, avx512_vpclmulqdq, avx512_vaes, avx512_vnni, clflush, clflushopt, clwb, avx512_vbmi2, avx512_vbmi, hv

Memory: 4k page, system-wide physical 7886M (425M free)
TotalPageFile size 17249M (AvailPageFile size 1M)
current process WorkingSet (physical memory assigned to process): 359M, peak: 383M
current process commit charge ("private bytes"): 392M, peak: 415M

vm_info: Java HotSpot(TM) 64-Bit Server VM (17.0.12+8-LTS-286) for windows-amd64 JRE (17.0.12+8-LTS-286), built on Jun  5 2024 06:46:59 by "mach5one" with MS VC++ 17.6 (VS2022)

END.
