#
# There is insufficient memory for the Java Runtime Environment to continue.
# Native memory allocation (malloc) failed to allocate 32744 bytes. Error detail: Chunk::new
# Possible reasons:
#   The system is out of physical RAM or swap space
#   This process is running with CompressedOops enabled, and the Java Heap may be blocking the growth of the native heap
# Possible solutions:
#   Reduce memory load on the system
#   Increase physical memory or swap space
#   Check if swap backing store is full
#   Decrease Java heap size (-Xmx/-Xms)
#   Decrease number of Java threads
#   Decrease Java thread stack sizes (-Xss)
#   Set larger code cache with -XX:ReservedCodeCacheSize=
#   JVM is running with Unscaled Compressed Oops mode in which the Java heap is
#     placed in the first 4GB address space. The Java Heap base address is the
#     maximum limit for the native heap growth. Please use -XX:HeapBaseMinAddress
#     to set the Java Heap base and to place the Java Heap above 4GB virtual address.
# This output file may be truncated or incomplete.
#
#  Out of Memory Error (arena.cpp:168), pid=9228, tid=9424
#
# JRE version: OpenJDK Runtime Environment Temurin-21.0.6+7 (21.0.6+7) (build 21.0.6+7-LTS)
# Java VM: OpenJDK 64-Bit Server VM Temurin-21.0.6+7 (21.0.6+7-LTS, mixed mode, sharing, tiered, compressed oops, compressed class ptrs, parallel gc, windows-amd64)
# No core dump will be written. Minidumps are not enabled by default on client versions of Windows
#

---------------  S U M M A R Y ------------

Command Line: --add-modules=ALL-SYSTEM --add-opens=java.base/java.util=ALL-UNNAMED --add-opens=java.base/java.lang=ALL-UNNAMED --add-opens=java.base/sun.nio.fs=ALL-UNNAMED -Declipse.application=org.eclipse.jdt.ls.core.id1 -Dosgi.bundles.defaultStartLevel=4 -Declipse.product=org.eclipse.jdt.ls.core.product -Djava.import.generatesMetadataFilesAtProjectRoot=false -DDetectVMInstallationsJob.disabled=true -Dfile.encoding=utf8 -XX:+UseParallelGC -XX:GCTimeRatio=4 -XX:AdaptiveSizePolicyWeight=90 -Dsun.zip.disableMemoryMapping=true -Xmx1G -Xms100m -Xlog:disable -javaagent:c:\Users\nguyen phat dat\.cursor\extensions\redhat.java-1.40.0-win32-x64\lombok\lombok-1.18.36.jar c:\Users\nguyen phat dat\.cursor\extensions\redhat.java-1.40.0-win32-x64\server\plugins\org.eclipse.equinox.launcher_1.6.1000.v20250131-0606.jar -configuration c:\Users\nguyen phat dat\AppData\Roaming\Cursor\User\globalStorage\redhat.java\1.40.0\config_ss_win -data c:\Users\nguyen phat dat\AppData\Roaming\Cursor\User\workspaceStorage\d9761c6cf0865b2f3b179032c507731e\redhat.java\ss_ws --pipe=\\.\pipe\lsp-85fc5214bfc8f75d479aee16503b0226-sock

Host: 11th Gen Intel(R) Core(TM) i3-1115G4 @ 3.00GHz, 4 cores, 7G,  Windows 11 , 64 bit Build 22621 (10.0.22621.4974)
Time: Sat Mar 22 23:10:56 2025 SE Asia Standard Time elapsed time: 6.518306 seconds (0d 0h 0m 6s)

---------------  T H R E A D  ---------------

Current thread (0x000001799c72f010):  JavaThread "C2 CompilerThread1" daemon [_thread_in_native, id=9424, stack(0x0000005752900000,0x0000005752a00000) (1024K)]


Current CompileTask:
C2:6518 2895       4       java.lang.invoke.MethodType::makeImpl (109 bytes)

Stack: [0x0000005752900000,0x0000005752a00000]
Native frames: (J=compiled Java code, j=interpreted, Vv=VM code, C=native code)
V  [jvm.dll+0x6cdee9]
V  [jvm.dll+0x8a83d1]
V  [jvm.dll+0x8aa8fe]
V  [jvm.dll+0x8aafe3]
V  [jvm.dll+0x27f706]
V  [jvm.dll+0xc500d]
V  [jvm.dll+0xc5543]
V  [jvm.dll+0x3bbf8d]
V  [jvm.dll+0x3bb7b1]
V  [jvm.dll+0x3bb7f4]
V  [jvm.dll+0x5d7006]
V  [jvm.dll+0x5d7755]
V  [jvm.dll+0x382964]
V  [jvm.dll+0x381d9a]
V  [jvm.dll+0x2479f0]
V  [jvm.dll+0x246fcf]
V  [jvm.dll+0x1c75ee]
V  [jvm.dll+0x25685a]
V  [jvm.dll+0x254dfa]
V  [jvm.dll+0x3f0256]
V  [jvm.dll+0x851f8b]
V  [jvm.dll+0x6cc5ed]
C  [ucrtbase.dll+0x29333]
C  [KERNEL32.DLL+0x1259d]
C  [ntdll.dll+0x5af38]


---------------  P R O C E S S  ---------------

Threads class SMR info:
_java_thread_list=0x000001799c01a540, length=23, elements={
0x00000179403aca00, 0x00000179546db5d0, 0x00000179546df170, 0x00000179546e1770,
0x00000179546e4590, 0x00000179546e56b0, 0x00000179546e7110, 0x00000179546e7f40,
0x00000179547508a0, 0x0000017996568670, 0x00000179967d2970, 0x000001799b3ca3d0,
0x000001799b64cdf0, 0x000001799b5fef00, 0x000001799b625200, 0x000001799b4fba60,
0x000001799b7479d0, 0x000001799b8e0fb0, 0x000001799ba5bb70, 0x000001799ba5d5b0,
0x000001799ba5a130, 0x000001799c72f010, 0x000001799ba5cf20
}

Java Threads: ( => current thread )
  0x00000179403aca00 JavaThread "main"                              [_thread_blocked, id=4316, stack(0x0000005750d00000,0x0000005750e00000) (1024K)]
  0x00000179546db5d0 JavaThread "Reference Handler"          daemon [_thread_blocked, id=12744, stack(0x0000005751200000,0x0000005751300000) (1024K)]
  0x00000179546df170 JavaThread "Finalizer"                  daemon [_thread_blocked, id=2088, stack(0x0000005751300000,0x0000005751400000) (1024K)]
  0x00000179546e1770 JavaThread "Signal Dispatcher"          daemon [_thread_blocked, id=15124, stack(0x0000005751400000,0x0000005751500000) (1024K)]
  0x00000179546e4590 JavaThread "Attach Listener"            daemon [_thread_blocked, id=18952, stack(0x0000005751500000,0x0000005751600000) (1024K)]
  0x00000179546e56b0 JavaThread "Service Thread"             daemon [_thread_blocked, id=14728, stack(0x0000005751600000,0x0000005751700000) (1024K)]
  0x00000179546e7110 JavaThread "Monitor Deflation Thread"   daemon [_thread_blocked, id=3656, stack(0x0000005751700000,0x0000005751800000) (1024K)]
  0x00000179546e7f40 JavaThread "C2 CompilerThread0"         daemon [_thread_in_native, id=5628, stack(0x0000005751800000,0x0000005751900000) (1024K)]
  0x00000179547508a0 JavaThread "C1 CompilerThread0"         daemon [_thread_blocked, id=1736, stack(0x0000005751900000,0x0000005751a00000) (1024K)]
  0x0000017996568670 JavaThread "Common-Cleaner"             daemon [_thread_blocked, id=12944, stack(0x0000005751a00000,0x0000005751b00000) (1024K)]
  0x00000179967d2970 JavaThread "Notification Thread"        daemon [_thread_blocked, id=16048, stack(0x0000005751b00000,0x0000005751c00000) (1024K)]
  0x000001799b3ca3d0 JavaThread "Active Thread: Equinox Container: 618a09d1-0f60-45cf-88dd-3a993c9b0357"        [_thread_blocked, id=3236, stack(0x0000005752000000,0x0000005752100000) (1024K)]
  0x000001799b64cdf0 JavaThread "Framework Event Dispatcher: Equinox Container: 618a09d1-0f60-45cf-88dd-3a993c9b0357" daemon [_thread_blocked, id=12280, stack(0x0000005752100000,0x0000005752200000) (1024K)]
  0x000001799b5fef00 JavaThread "Start Level: Equinox Container: 618a09d1-0f60-45cf-88dd-3a993c9b0357" daemon [_thread_blocked, id=19200, stack(0x0000005752200000,0x0000005752300000) (1024K)]
  0x000001799b625200 JavaThread "SCR Component Actor"        daemon [_thread_blocked, id=12776, stack(0x0000005752300000,0x0000005752400000) (1024K)]
  0x000001799b4fba60 JavaThread "SCR Component Registry"     daemon [_thread_blocked, id=19128, stack(0x0000005752400000,0x0000005752500000) (1024K)]
  0x000001799b7479d0 JavaThread "Worker-JM"                         [_thread_blocked, id=14232, stack(0x0000005752500000,0x0000005752600000) (1024K)]
  0x000001799b8e0fb0 JavaThread "JNA Cleaner"                daemon [_thread_blocked, id=1860, stack(0x0000005751c00000,0x0000005751d00000) (1024K)]
  0x000001799ba5bb70 JavaThread "Worker-0"                          [_thread_blocked, id=4132, stack(0x0000005752600000,0x0000005752700000) (1024K)]
  0x000001799ba5d5b0 JavaThread "Worker-1"                          [_thread_blocked, id=13980, stack(0x0000005752700000,0x0000005752800000) (1024K)]
  0x000001799ba5a130 JavaThread "Worker-2"                          [_thread_blocked, id=11336, stack(0x0000005752800000,0x0000005752900000) (1024K)]
=>0x000001799c72f010 JavaThread "C2 CompilerThread1"         daemon [_thread_in_native, id=9424, stack(0x0000005752900000,0x0000005752a00000) (1024K)]
  0x000001799ba5cf20 JavaThread "Java indexing"              daemon [_thread_new, id=14068, stack(0x0000000000000000,0x0000000000000000) (0B)]
Total: 23

Other Threads:
  0x000001794046ce90 VMThread "VM Thread"                           [id=10684, stack(0x0000005751100000,0x0000005751200000) (1024K)] _threads_hazard_ptr=0x000001799c01a540
  0x0000017940419cc0 WatcherThread "VM Periodic Task Thread"        [id=15896, stack(0x0000005751000000,0x0000005751100000) (1024K)]
  0x00000179403cc790 WorkerThread "GC Thread#0"                     [id=5284, stack(0x0000005750f00000,0x0000005751000000) (1024K)]
  0x00000179967fb430 WorkerThread "GC Thread#1"                     [id=16212, stack(0x0000005751d00000,0x0000005751e00000) (1024K)]
  0x000001799b198680 WorkerThread "GC Thread#2"                     [id=1944, stack(0x0000005751e00000,0x0000005751f00000) (1024K)]
  0x000001799b198a20 WorkerThread "GC Thread#3"                     [id=9176, stack(0x0000005751f00000,0x0000005752000000) (1024K)]
Total: 6

Threads with active compile tasks:
C2 CompilerThread0  6539 2764       4       org.lombokweb.asm.ClassReader::readMethod (1070 bytes)
C1 CompilerThread0  6539 2980       3       sun.util.locale.InternalLocaleBuilder::getBaseLocale (187 bytes)
C2 CompilerThread1  6539 2895       4       java.lang.invoke.MethodType::makeImpl (109 bytes)
Total: 3

VM state: synchronizing (normal execution)

VM Mutex/Monitor currently owned by a thread:  ([mutex/lock_event])
[0x00007ff8178fe380] Threads_lock - owner thread: 0x000001794046ce90
[0x00007ff8178fe480] Heap_lock - owner thread: 0x000001799b5fef00

Heap address: 0x00000000c0000000, size: 1024 MB, Compressed Oops mode: 32-bit

CDS archive(s) mapped at: [0x0000017955000000-0x0000017955ba0000-0x0000017955ba0000), size 12189696, SharedBaseAddress: 0x0000017955000000, ArchiveRelocationMode: 1.
Compressed class space mapped at: 0x0000017956000000-0x0000017996000000, reserved size: 1073741824
Narrow klass base: 0x0000017955000000, Narrow klass shift: 0, Narrow klass range: 0x100000000

GC Precious Log:
 CardTable entry size: 512
 CPUs: 4 total, 4 available
 Memory: 7886M
 Large Page Support: Disabled
 NUMA Support: Disabled
 Compressed Oops: Enabled (32-bit)
 Alignments: Space 512K, Generation 512K, Heap 2M
 Heap Min Capacity: 100M
 Heap Initial Capacity: 100M
 Heap Max Capacity: 1G
 Pre-touch: Disabled
 Parallel Workers: 4

Heap:
 PSYoungGen      total 29696K, used 25088K [0x00000000eab00000, 0x00000000ecd80000, 0x0000000100000000)
  eden space 25088K, 100% used [0x00000000eab00000,0x00000000ec380000,0x00000000ec380000)
  from space 4608K, 0% used [0x00000000ec900000,0x00000000ec900000,0x00000000ecd80000)
  to   space 4608K, 0% used [0x00000000ec480000,0x00000000ec480000,0x00000000ec900000)
 ParOldGen       total 68608K, used 9664K [0x00000000c0000000, 0x00000000c4300000, 0x00000000eab00000)
  object space 68608K, 14% used [0x00000000c0000000,0x00000000c0970280,0x00000000c4300000)
 Metaspace       used 22760K, committed 23424K, reserved 1114112K
  class space    used 2113K, committed 2368K, reserved 1048576K

Card table byte_map: [0x000001793fd50000,0x000001793ff60000] _byte_map_base: 0x000001793f750000

Marking Bits: (ParMarkBitMap*) 0x00007ff817903260
 Begin Bits: [0x00000179525a0000, 0x00000179535a0000)
 End Bits:   [0x00000179535a0000, 0x00000179545a0000)

Polling page: 0x000001793e190000

Metaspace:

Usage:
  Non-class:     20.16 MB used.
      Class:      2.06 MB used.
       Both:     22.23 MB used.

Virtual space:
  Non-class space:       64.00 MB reserved,      20.56 MB ( 32%) committed,  1 nodes.
      Class space:        1.00 GB reserved,       2.31 MB ( <1%) committed,  1 nodes.
             Both:        1.06 GB reserved,      22.88 MB (  2%) committed. 

Chunk freelists:
   Non-Class:  10.79 MB
       Class:  13.51 MB
        Both:  24.30 MB

MaxMetaspaceSize: unlimited
CompressedClassSpaceSize: 1.00 GB
Initial GC threshold: 21.00 MB
Current GC threshold: 35.00 MB
CDS: on
 - commit_granule_bytes: 65536.
 - commit_granule_words: 8192.
 - virtual_space_node_default_size: 8388608.
 - enlarge_chunks_in_place: 1.
 - use_allocation_guard: 0.


Internal statistics:

num_allocs_failed_limit: 3.
num_arena_births: 512.
num_arena_deaths: 14.
num_vsnodes_births: 2.
num_vsnodes_deaths: 0.
num_space_committed: 366.
num_space_uncommitted: 0.
num_chunks_returned_to_freelist: 17.
num_chunks_taken_from_freelist: 1389.
num_chunk_merges: 8.
num_chunk_splits: 903.
num_chunks_enlarged: 559.
num_inconsistent_stats: 0.

CodeHeap 'non-profiled nmethods': size=120000Kb used=1246Kb max_used=1246Kb free=118753Kb
 bounds [0x000001794b070000, 0x000001794b2e0000, 0x00000179525a0000]
CodeHeap 'profiled nmethods': size=120000Kb used=5957Kb max_used=5957Kb free=114042Kb
 bounds [0x00000179435a0000, 0x0000017943b80000, 0x000001794aad0000]
CodeHeap 'non-nmethods': size=5760Kb used=1323Kb max_used=1341Kb free=4436Kb
 bounds [0x000001794aad0000, 0x000001794ad40000, 0x000001794b070000]
 total_blobs=3571 nmethods=2973 adapters=504
 compilation: enabled
              stopped_count=0, restarted_count=0
 full_count=0

Compilation events (20 events):
Event: 6.476 Thread 0x00000179547508a0 nmethod 2954 0x000001794b1a7790 code [0x000001794b1a7920, 0x000001794b1a7a08]
Event: 6.476 Thread 0x00000179547508a0 2955       3       sun.util.locale.LanguageTag::parseLanguage (55 bytes)
Event: 6.477 Thread 0x00000179547508a0 nmethod 2955 0x0000017943b5bc10 code [0x0000017943b5be20, 0x0000017943b5c458]
Event: 6.477 Thread 0x00000179547508a0 2956       3       sun.util.locale.LanguageTag::parseExtlangs (114 bytes)
Event: 6.478 Thread 0x00000179547508a0 nmethod 2956 0x0000017943b5c690 code [0x0000017943b5c900, 0x0000017943b5d378]
Event: 6.478 Thread 0x00000179547508a0 2957       3       sun.util.locale.LanguageTag::parseScript (55 bytes)
Event: 6.478 Thread 0x00000179547508a0 nmethod 2957 0x0000017943b5d710 code [0x0000017943b5d920, 0x0000017943b5df10]
Event: 6.508 Thread 0x00000179547508a0 2958       3       sun.util.locale.LanguageTag::parseRegion (55 bytes)
Event: 6.508 Thread 0x00000179547508a0 nmethod 2958 0x0000017943b5e190 code [0x0000017943b5e380, 0x0000017943b5e778]
Event: 6.508 Thread 0x00000179547508a0 2959       3       sun.util.locale.LanguageTag::parseVariants (98 bytes)
Event: 6.509 Thread 0x00000179547508a0 nmethod 2959 0x0000017943b5e910 code [0x0000017943b5eb40, 0x0000017943b5f2a8]
Event: 6.509 Thread 0x00000179547508a0 2960       3       sun.util.locale.LanguageTag::parseExtensions (208 bytes)
Event: 6.510 Thread 0x00000179547508a0 nmethod 2960 0x0000017943b5f510 code [0x0000017943b5f8e0, 0x0000017943b60f48]
Event: 6.510 Thread 0x00000179547508a0 2961       3       sun.util.locale.LanguageTag::parsePrivateuse (144 bytes)
Event: 6.512 Thread 0x00000179547508a0 nmethod 2961 0x0000017943b61810 code [0x0000017943b61b00, 0x0000017943b62938]
Event: 6.515 Thread 0x00000179547508a0 2962       3       sun.util.locale.InternalLocaleBuilder::clear (31 bytes)
Event: 6.516 Thread 0x00000179547508a0 nmethod 2962 0x0000017943b62f10 code [0x0000017943b630c0, 0x0000017943b63288]
Event: 6.516 Thread 0x00000179547508a0 2963       3       sun.util.locale.LanguageTag::getExtlangs (24 bytes)
Event: 6.516 Thread 0x00000179547508a0 nmethod 2963 0x0000017943b63310 code [0x0000017943b634e0, 0x0000017943b637b8]
Event: 6.516 Thread 0x00000179547508a0 2964       3       sun.util.locale.InternalLocaleBuilder::setExtensions (202 bytes)

GC Heap History (14 events):
Event: 1.726 GC heap before
{Heap before GC invocations=1 (full 0):
 PSYoungGen      total 29696K, used 25600K [0x00000000eab00000, 0x00000000ecc00000, 0x0000000100000000)
  eden space 25600K, 100% used [0x00000000eab00000,0x00000000ec400000,0x00000000ec400000)
  from space 4096K, 0% used [0x00000000ec800000,0x00000000ec800000,0x00000000ecc00000)
  to   space 4096K, 0% used [0x00000000ec400000,0x00000000ec400000,0x00000000ec800000)
 ParOldGen       total 68608K, used 0K [0x00000000c0000000, 0x00000000c4300000, 0x00000000eab00000)
  object space 68608K, 0% used [0x00000000c0000000,0x00000000c0000000,0x00000000c4300000)
 Metaspace       used 4328K, committed 4480K, reserved 1114112K
  class space    used 434K, committed 512K, reserved 1048576K
}
Event: 1.733 GC heap after
{Heap after GC invocations=1 (full 0):
 PSYoungGen      total 29696K, used 3205K [0x00000000eab00000, 0x00000000ecc00000, 0x0000000100000000)
  eden space 25600K, 0% used [0x00000000eab00000,0x00000000eab00000,0x00000000ec400000)
  from space 4096K, 78% used [0x00000000ec400000,0x00000000ec7217f0,0x00000000ec800000)
  to   space 4096K, 0% used [0x00000000ec800000,0x00000000ec800000,0x00000000ecc00000)
 ParOldGen       total 68608K, used 8K [0x00000000c0000000, 0x00000000c4300000, 0x00000000eab00000)
  object space 68608K, 0% used [0x00000000c0000000,0x00000000c0002000,0x00000000c4300000)
 Metaspace       used 4328K, committed 4480K, reserved 1114112K
  class space    used 434K, committed 512K, reserved 1048576K
}
Event: 2.854 GC heap before
{Heap before GC invocations=2 (full 0):
 PSYoungGen      total 29696K, used 28805K [0x00000000eab00000, 0x00000000ecc00000, 0x0000000100000000)
  eden space 25600K, 100% used [0x00000000eab00000,0x00000000ec400000,0x00000000ec400000)
  from space 4096K, 78% used [0x00000000ec400000,0x00000000ec7217f0,0x00000000ec800000)
  to   space 4096K, 0% used [0x00000000ec800000,0x00000000ec800000,0x00000000ecc00000)
 ParOldGen       total 68608K, used 8K [0x00000000c0000000, 0x00000000c4300000, 0x00000000eab00000)
  object space 68608K, 0% used [0x00000000c0000000,0x00000000c0002000,0x00000000c4300000)
 Metaspace       used 8206K, committed 8512K, reserved 1114112K
  class space    used 807K, committed 960K, reserved 1048576K
}
Event: 2.859 GC heap after
{Heap after GC invocations=2 (full 0):
 PSYoungGen      total 29696K, used 4075K [0x00000000eab00000, 0x00000000ecc00000, 0x0000000100000000)
  eden space 25600K, 0% used [0x00000000eab00000,0x00000000eab00000,0x00000000ec400000)
  from space 4096K, 99% used [0x00000000ec800000,0x00000000ecbfafe0,0x00000000ecc00000)
  to   space 4096K, 0% used [0x00000000ec400000,0x00000000ec400000,0x00000000ec800000)
 ParOldGen       total 68608K, used 838K [0x00000000c0000000, 0x00000000c4300000, 0x00000000eab00000)
  object space 68608K, 1% used [0x00000000c0000000,0x00000000c00d1830,0x00000000c4300000)
 Metaspace       used 8206K, committed 8512K, reserved 1114112K
  class space    used 807K, committed 960K, reserved 1048576K
}
Event: 3.700 GC heap before
{Heap before GC invocations=3 (full 0):
 PSYoungGen      total 29696K, used 29653K [0x00000000eab00000, 0x00000000ecc00000, 0x0000000100000000)
  eden space 25600K, 99% used [0x00000000eab00000,0x00000000ec3fa758,0x00000000ec400000)
  from space 4096K, 99% used [0x00000000ec800000,0x00000000ecbfafe0,0x00000000ecc00000)
  to   space 4096K, 0% used [0x00000000ec400000,0x00000000ec400000,0x00000000ec800000)
 ParOldGen       total 68608K, used 838K [0x00000000c0000000, 0x00000000c4300000, 0x00000000eab00000)
  object space 68608K, 1% used [0x00000000c0000000,0x00000000c00d1830,0x00000000c4300000)
 Metaspace       used 12935K, committed 13440K, reserved 1114112K
  class space    used 1294K, committed 1472K, reserved 1048576K
}
Event: 3.706 GC heap after
{Heap after GC invocations=3 (full 0):
 PSYoungGen      total 29696K, used 4076K [0x00000000eab00000, 0x00000000ecc00000, 0x0000000100000000)
  eden space 25600K, 0% used [0x00000000eab00000,0x00000000eab00000,0x00000000ec400000)
  from space 4096K, 99% used [0x00000000ec400000,0x00000000ec7fb250,0x00000000ec800000)
  to   space 4096K, 0% used [0x00000000ec800000,0x00000000ec800000,0x00000000ecc00000)
 ParOldGen       total 68608K, used 2721K [0x00000000c0000000, 0x00000000c4300000, 0x00000000eab00000)
  object space 68608K, 3% used [0x00000000c0000000,0x00000000c02a8408,0x00000000c4300000)
 Metaspace       used 12935K, committed 13440K, reserved 1114112K
  class space    used 1294K, committed 1472K, reserved 1048576K
}
Event: 5.084 GC heap before
{Heap before GC invocations=4 (full 0):
 PSYoungGen      total 29696K, used 29676K [0x00000000eab00000, 0x00000000ecc00000, 0x0000000100000000)
  eden space 25600K, 100% used [0x00000000eab00000,0x00000000ec400000,0x00000000ec400000)
  from space 4096K, 99% used [0x00000000ec400000,0x00000000ec7fb250,0x00000000ec800000)
  to   space 4096K, 0% used [0x00000000ec800000,0x00000000ec800000,0x00000000ecc00000)
 ParOldGen       total 68608K, used 2721K [0x00000000c0000000, 0x00000000c4300000, 0x00000000eab00000)
  object space 68608K, 3% used [0x00000000c0000000,0x00000000c02a8408,0x00000000c4300000)
 Metaspace       used 16710K, committed 17344K, reserved 1114112K
  class space    used 1678K, committed 1920K, reserved 1048576K
}
Event: 5.090 GC heap after
{Heap after GC invocations=4 (full 0):
 PSYoungGen      total 29696K, used 4076K [0x00000000eab00000, 0x00000000ecc00000, 0x0000000100000000)
  eden space 25600K, 0% used [0x00000000eab00000,0x00000000eab00000,0x00000000ec400000)
  from space 4096K, 99% used [0x00000000ec800000,0x00000000ecbfb0a0,0x00000000ecc00000)
  to   space 4096K, 0% used [0x00000000ec400000,0x00000000ec400000,0x00000000ec800000)
 ParOldGen       total 68608K, used 5609K [0x00000000c0000000, 0x00000000c4300000, 0x00000000eab00000)
  object space 68608K, 8% used [0x00000000c0000000,0x00000000c057a5d8,0x00000000c4300000)
 Metaspace       used 16710K, committed 17344K, reserved 1114112K
  class space    used 1678K, committed 1920K, reserved 1048576K
}
Event: 5.640 GC heap before
{Heap before GC invocations=5 (full 0):
 PSYoungGen      total 29696K, used 29676K [0x00000000eab00000, 0x00000000ecc00000, 0x0000000100000000)
  eden space 25600K, 100% used [0x00000000eab00000,0x00000000ec400000,0x00000000ec400000)
  from space 4096K, 99% used [0x00000000ec800000,0x00000000ecbfb0a0,0x00000000ecc00000)
  to   space 4096K, 0% used [0x00000000ec400000,0x00000000ec400000,0x00000000ec800000)
 ParOldGen       total 68608K, used 5609K [0x00000000c0000000, 0x00000000c4300000, 0x00000000eab00000)
  object space 68608K, 8% used [0x00000000c0000000,0x00000000c057a5d8,0x00000000c4300000)
 Metaspace       used 19960K, committed 20672K, reserved 1114112K
  class space    used 1894K, committed 2176K, reserved 1048576K
}
Event: 5.644 GC heap after
{Heap after GC invocations=5 (full 0):
 PSYoungGen      total 29184K, used 4089K [0x00000000eab00000, 0x00000000ece80000, 0x0000000100000000)
  eden space 25088K, 0% used [0x00000000eab00000,0x00000000eab00000,0x00000000ec380000)
  from space 4096K, 99% used [0x00000000ec400000,0x00000000ec7fe7b8,0x00000000ec800000)
  to   space 5632K, 0% used [0x00000000ec900000,0x00000000ec900000,0x00000000ece80000)
 ParOldGen       total 68608K, used 5818K [0x00000000c0000000, 0x00000000c4300000, 0x00000000eab00000)
  object space 68608K, 8% used [0x00000000c0000000,0x00000000c05ae9f8,0x00000000c4300000)
 Metaspace       used 19960K, committed 20672K, reserved 1114112K
  class space    used 1894K, committed 2176K, reserved 1048576K
}
Event: 5.743 GC heap before
{Heap before GC invocations=6 (full 0):
 PSYoungGen      total 29184K, used 11371K [0x00000000eab00000, 0x00000000ece80000, 0x0000000100000000)
  eden space 25088K, 29% used [0x00000000eab00000,0x00000000eb21c598,0x00000000ec380000)
  from space 4096K, 99% used [0x00000000ec400000,0x00000000ec7fe7b8,0x00000000ec800000)
  to   space 5632K, 0% used [0x00000000ec900000,0x00000000ec900000,0x00000000ece80000)
 ParOldGen       total 68608K, used 5818K [0x00000000c0000000, 0x00000000c4300000, 0x00000000eab00000)
  object space 68608K, 8% used [0x00000000c0000000,0x00000000c05ae9f8,0x00000000c4300000)
 Metaspace       used 20853K, committed 21504K, reserved 1114112K
  class space    used 1972K, committed 2240K, reserved 1048576K
}
Event: 5.747 GC heap after
{Heap after GC invocations=6 (full 0):
 PSYoungGen      total 29696K, used 4185K [0x00000000eab00000, 0x00000000ecd80000, 0x0000000100000000)
  eden space 25088K, 0% used [0x00000000eab00000,0x00000000eab00000,0x00000000ec380000)
  from space 4608K, 90% used [0x00000000ec900000,0x00000000ecd167b8,0x00000000ecd80000)
  to   space 4608K, 0% used [0x00000000ec480000,0x00000000ec480000,0x00000000ec900000)
 ParOldGen       total 68608K, used 5818K [0x00000000c0000000, 0x00000000c4300000, 0x00000000eab00000)
  object space 68608K, 8% used [0x00000000c0000000,0x00000000c05ae9f8,0x00000000c4300000)
 Metaspace       used 20853K, committed 21504K, reserved 1114112K
  class space    used 1972K, committed 2240K, reserved 1048576K
}
Event: 5.747 GC heap before
{Heap before GC invocations=7 (full 1):
 PSYoungGen      total 29696K, used 4185K [0x00000000eab00000, 0x00000000ecd80000, 0x0000000100000000)
  eden space 25088K, 0% used [0x00000000eab00000,0x00000000eab00000,0x00000000ec380000)
  from space 4608K, 90% used [0x00000000ec900000,0x00000000ecd167b8,0x00000000ecd80000)
  to   space 4608K, 0% used [0x00000000ec480000,0x00000000ec480000,0x00000000ec900000)
 ParOldGen       total 68608K, used 5818K [0x00000000c0000000, 0x00000000c4300000, 0x00000000eab00000)
  object space 68608K, 8% used [0x00000000c0000000,0x00000000c05ae9f8,0x00000000c4300000)
 Metaspace       used 20853K, committed 21504K, reserved 1114112K
  class space    used 1972K, committed 2240K, reserved 1048576K
}
Event: 5.784 GC heap after
{Heap after GC invocations=7 (full 1):
 PSYoungGen      total 29696K, used 0K [0x00000000eab00000, 0x00000000ecd80000, 0x0000000100000000)
  eden space 25088K, 0% used [0x00000000eab00000,0x00000000eab00000,0x00000000ec380000)
  from space 4608K, 0% used [0x00000000ec900000,0x00000000ec900000,0x00000000ecd80000)
  to   space 4608K, 0% used [0x00000000ec480000,0x00000000ec480000,0x00000000ec900000)
 ParOldGen       total 68608K, used 9664K [0x00000000c0000000, 0x00000000c4300000, 0x00000000eab00000)
  object space 68608K, 14% used [0x00000000c0000000,0x00000000c0970280,0x00000000c4300000)
 Metaspace       used 20840K, committed 21504K, reserved 1114112K
  class space    used 1969K, committed 2240K, reserved 1048576K
}

Dll operation events (10 events):
Event: 0.020 Loaded shared library c:\Users\nguyen phat dat\.cursor\extensions\redhat.java-1.40.0-win32-x64\jre\21.0.6-win32-x86_64\bin\java.dll
Event: 0.214 Loaded shared library c:\Users\nguyen phat dat\.cursor\extensions\redhat.java-1.40.0-win32-x64\jre\21.0.6-win32-x86_64\bin\zip.dll
Event: 0.238 Loaded shared library C:\Users\nguyen phat dat\.cursor\extensions\redhat.java-1.40.0-win32-x64\jre\21.0.6-win32-x86_64\bin\instrument.dll
Event: 0.248 Loaded shared library C:\Users\nguyen phat dat\.cursor\extensions\redhat.java-1.40.0-win32-x64\jre\21.0.6-win32-x86_64\bin\net.dll
Event: 0.257 Loaded shared library C:\Users\nguyen phat dat\.cursor\extensions\redhat.java-1.40.0-win32-x64\jre\21.0.6-win32-x86_64\bin\nio.dll
Event: 0.275 Loaded shared library C:\Users\nguyen phat dat\.cursor\extensions\redhat.java-1.40.0-win32-x64\jre\21.0.6-win32-x86_64\bin\zip.dll
Event: 0.314 Loaded shared library C:\Users\nguyen phat dat\.cursor\extensions\redhat.java-1.40.0-win32-x64\jre\21.0.6-win32-x86_64\bin\jimage.dll
Event: 0.511 Loaded shared library c:\Users\nguyen phat dat\.cursor\extensions\redhat.java-1.40.0-win32-x64\jre\21.0.6-win32-x86_64\bin\verify.dll
Event: 2.751 Loaded shared library C:\Users\nguyen phat dat\AppData\Roaming\Cursor\User\globalStorage\redhat.java\1.40.0\config_ss_win\org.eclipse.equinox.launcher\org.eclipse.equinox.launcher.win32.win32.x86_64_1.2.1200.v20250212-0927\eclipse_11909.dll
Event: 4.695 Loaded shared library C:\Users\nguyen phat dat\AppData\Local\Temp\jna--71800452\jna7878513736329236556.dll

Deoptimization events (20 events):
Event: 5.646 Thread 0x000001799b5fef00 DEOPT PACKING pc=0x000001794b190b24 sp=0x00000057522eed90
Event: 5.646 Thread 0x000001799b5fef00 DEOPT UNPACKING pc=0x000001794ab26da2 sp=0x00000057522eec98 mode 2
Event: 6.037 Thread 0x000001799b5fef00 DEOPT PACKING pc=0x00000179436c6db9 sp=0x00000057522f49b0
Event: 6.037 Thread 0x000001799b5fef00 DEOPT UNPACKING pc=0x000001794ab278e2 sp=0x00000057522f3eb0 mode 0
Event: 6.139 Thread 0x000001799b5fef00 Uncommon trap: trap_request=0xffffff45 fr.pc=0x000001794b100cf0 relative=0x0000000000000f90
Event: 6.139 Thread 0x000001799b5fef00 Uncommon trap: reason=unstable_if action=reinterpret pc=0x000001794b100cf0 method=jdk.internal.jimage.ImageStringsReader.stringFromByteBufferMatches(Ljava/nio/ByteBuffer;ILjava/lang/String;I)I @ 48 c2
Event: 6.139 Thread 0x000001799b5fef00 DEOPT PACKING pc=0x000001794b100cf0 sp=0x00000057522f7d80
Event: 6.140 Thread 0x000001799b5fef00 DEOPT UNPACKING pc=0x000001794ab26da2 sp=0x00000057522f7ab8 mode 2
Event: 6.233 Thread 0x000001799b5fef00 DEOPT PACKING pc=0x00000179436ca226 sp=0x00000057522f7f90
Event: 6.233 Thread 0x000001799b5fef00 DEOPT UNPACKING pc=0x000001794ab278e2 sp=0x00000057522f7488 mode 0
Event: 6.234 Thread 0x000001799b5fef00 DEOPT PACKING pc=0x00000179436ca226 sp=0x00000057522f7f90
Event: 6.234 Thread 0x000001799b5fef00 DEOPT UNPACKING pc=0x000001794ab278e2 sp=0x00000057522f7488 mode 0
Event: 6.235 Thread 0x000001799b5fef00 DEOPT PACKING pc=0x00000179436ca226 sp=0x00000057522f7f90
Event: 6.235 Thread 0x000001799b5fef00 DEOPT UNPACKING pc=0x000001794ab278e2 sp=0x00000057522f7488 mode 0
Event: 6.254 Thread 0x000001799b5fef00 Uncommon trap: trap_request=0xffffffc6 fr.pc=0x000001794b10c658 relative=0x00000000000009d8
Event: 6.254 Thread 0x000001799b5fef00 Uncommon trap: reason=bimorphic_or_optimized_type_check action=maybe_recompile pc=0x000001794b10c658 method=java.util.HashMap.putVal(ILjava/lang/Object;Ljava/lang/Object;ZZ)Ljava/lang/Object; @ 56 c2
Event: 6.254 Thread 0x000001799b5fef00 DEOPT PACKING pc=0x000001794b10c658 sp=0x00000057522f9b80
Event: 6.254 Thread 0x000001799b5fef00 DEOPT UNPACKING pc=0x000001794ab26da2 sp=0x00000057522f9a80 mode 2
Event: 6.302 Thread 0x000001799b5fef00 DEOPT PACKING pc=0x000001794397eeb5 sp=0x00000057522f8d10
Event: 6.302 Thread 0x000001799b5fef00 DEOPT UNPACKING pc=0x000001794ab278e2 sp=0x00000057522f8220 mode 0

Classes loaded (20 events):
Event: 6.304 Loading class com/sun/org/apache/xerces/internal/impl/msg/XMLMessages
Event: 6.304 Loading class com/sun/org/apache/xerces/internal/impl/msg/XMLMessages done
Event: 6.306 Loading class com/sun/org/apache/xerces/internal/impl/msg/XMLMessages_en
Event: 6.306 Loading class com/sun/org/apache/xerces/internal/impl/msg/XMLMessages_en done
Event: 6.306 Loading class com/sun/org/apache/xerces/internal/impl/msg/XMLMessages_en
Event: 6.306 Loading class com/sun/org/apache/xerces/internal/impl/msg/XMLMessages_en done
Event: 6.306 Loading class com/sun/org/apache/xerces/internal/impl/msg/XMLMessages_en_US
Event: 6.306 Loading class com/sun/org/apache/xerces/internal/impl/msg/XMLMessages_en_US done
Event: 6.306 Loading class com/sun/org/apache/xerces/internal/impl/msg/XMLMessages_en_US
Event: 6.306 Loading class com/sun/org/apache/xerces/internal/impl/msg/XMLMessages_en_US done
Event: 6.361 Loading class java/net/Authenticator
Event: 6.361 Loading class java/net/Authenticator done
Event: 6.365 Loading class java/net/SocketAddress
Event: 6.365 Loading class java/net/SocketAddress done
Event: 6.365 Loading class java/net/InetSocketAddress
Event: 6.365 Loading class java/net/InetSocketAddress done
Event: 6.365 Loading class java/nio/channels/AsynchronousByteChannel
Event: 6.365 Loading class java/nio/channels/AsynchronousChannel
Event: 6.365 Loading class java/nio/channels/AsynchronousChannel done
Event: 6.366 Loading class java/nio/channels/AsynchronousByteChannel done

Classes unloaded (7 events):
Event: 5.754 Thread 0x000001794046ce90 Unloading class 0x000001795617b800 'java/lang/invoke/LambdaForm$MH+0x000001795617b800'
Event: 5.754 Thread 0x000001794046ce90 Unloading class 0x000001795617b400 'java/lang/invoke/LambdaForm$MH+0x000001795617b400'
Event: 5.754 Thread 0x000001794046ce90 Unloading class 0x000001795617b000 'java/lang/invoke/LambdaForm$MH+0x000001795617b000'
Event: 5.754 Thread 0x000001794046ce90 Unloading class 0x000001795617ac00 'java/lang/invoke/LambdaForm$MH+0x000001795617ac00'
Event: 5.754 Thread 0x000001794046ce90 Unloading class 0x000001795617a800 'java/lang/invoke/LambdaForm$BMH+0x000001795617a800'
Event: 5.754 Thread 0x000001794046ce90 Unloading class 0x000001795617a400 'java/lang/invoke/LambdaForm$DMH+0x000001795617a400'
Event: 5.754 Thread 0x000001794046ce90 Unloading class 0x0000017956179000 'java/lang/invoke/LambdaForm$DMH+0x0000017956179000'

Classes redefined (0 events):
No events

Internal exceptions (20 events):
Event: 4.719 Thread 0x000001799b5fef00 Exception <a 'java/lang/NoSuchMethodError'{0x00000000eb8ad1b8}: 'int java.lang.invoke.Invokers$Holder.invokeExact_MT(java.lang.Object, java.lang.Object, java.lang.Object)'> (0x00000000eb8ad1b8) 
thrown [s\src\hotspot\share\interpreter\linkResolver.cpp, line 773]
Event: 4.757 Thread 0x000001799b5fef00 Exception <a 'java/lang/NoSuchMethodError'{0x00000000eb9bc4f0}: 'void java.lang.invoke.Invokers$Holder.invokeExact_MT(java.lang.Object, java.lang.Object, int, java.lang.Object)'> (0x00000000eb9bc4f0) 
thrown [s\src\hotspot\share\interpreter\linkResolver.cpp, line 773]
Event: 4.810 Thread 0x000001799b5fef00 Exception <a 'java/lang/NoSuchMethodError'{0x00000000ebab5748}: 'java.lang.Object java.lang.invoke.DirectMethodHandle$Holder.invokeSpecial(java.lang.Object, java.lang.Object, java.lang.Object, long, java.lang.Object)'> (0x00000000ebab5748) 
thrown [s\src\hotspot\share\interpreter\linkResolver.cpp, line 773]
Event: 4.811 Thread 0x000001799b5fef00 Exception <a 'java/lang/NoSuchMethodError'{0x00000000ebabced8}: 'java.lang.Object java.lang.invoke.DirectMethodHandle$Holder.newInvokeSpecial(java.lang.Object, java.lang.Object, java.lang.Object, long)'> (0x00000000ebabced8) 
thrown [s\src\hotspot\share\interpreter\linkResolver.cpp, line 773]
Event: 4.811 Thread 0x000001799b5fef00 Exception <a 'java/lang/NoSuchMethodError'{0x00000000ebac0b58}: 'java.lang.Object java.lang.invoke.Invokers$Holder.linkToTargetMethod(java.lang.Object, java.lang.Object, long, java.lang.Object)'> (0x00000000ebac0b58) 
thrown [s\src\hotspot\share\interpreter\linkResolver.cpp, line 773]
Event: 4.848 Thread 0x000001799b5fef00 Exception <a 'java/lang/NoSuchMethodError'{0x00000000ebb18ad0}: 'int java.lang.invoke.DirectMethodHandle$Holder.invokeStaticInit(java.lang.Object, java.lang.Object, java.lang.Object)'> (0x00000000ebb18ad0) 
thrown [s\src\hotspot\share\interpreter\linkResolver.cpp, line 773]
Event: 4.900 Thread 0x000001799b5fef00 Exception <a 'java/lang/IncompatibleClassChangeError'{0x00000000ebd05568}: Found class java.lang.Object, but interface was expected> (0x00000000ebd05568) 
thrown [s\src\hotspot\share\interpreter\linkResolver.cpp, line 840]
Event: 4.908 Thread 0x000001799b5fef00 Exception <a 'java/lang/NoSuchMethodError'{0x00000000ebd19538}: 'java.lang.Object java.lang.invoke.DirectMethodHandle$Holder.invokeSpecial(java.lang.Object, java.lang.Object, java.lang.Object, int, java.lang.Object, java.lang.Object)'> (0x00000000ebd19538) 
thrown [s\src\hotspot\share\interpreter\linkResolver.cpp, line 773]
Event: 4.909 Thread 0x000001799b5fef00 Exception <a 'java/lang/NoSuchMethodError'{0x00000000ebd25278}: 'java.lang.Object java.lang.invoke.DirectMethodHandle$Holder.newInvokeSpecial(java.lang.Object, java.lang.Object, java.lang.Object, int, java.lang.Object)'> (0x00000000ebd25278) 
thrown [s\src\hotspot\share\interpreter\linkResolver.cpp, line 773]
Event: 4.910 Thread 0x000001799b5fef00 Exception <a 'java/lang/NoSuchMethodError'{0x00000000ebd28d68}: 'java.lang.Object java.lang.invoke.Invokers$Holder.linkToTargetMethod(java.lang.Object, java.lang.Object, int, java.lang.Object, java.lang.Object)'> (0x00000000ebd28d68) 
thrown [s\src\hotspot\share\interpreter\linkResolver.cpp, line 773]
Event: 4.911 Thread 0x000001799ba5bb70 Exception <a 'java/lang/NoSuchMethodError'{0x00000000ebb4fc88}: 'java.lang.Object java.lang.invoke.DirectMethodHandle$Holder.invokeSpecial(java.lang.Object, java.lang.Object, int, java.lang.Object, java.lang.Object)'> (0x00000000ebb4fc88) 
thrown [s\src\hotspot\share\interpreter\linkResolver.cpp, line 773]
Event: 4.911 Thread 0x000001799ba5bb70 Exception <a 'java/lang/NoSuchMethodError'{0x00000000ebb569c0}: 'java.lang.Object java.lang.invoke.DirectMethodHandle$Holder.newInvokeSpecial(java.lang.Object, java.lang.Object, int, java.lang.Object)'> (0x00000000ebb569c0) 
thrown [s\src\hotspot\share\interpreter\linkResolver.cpp, line 773]
Event: 4.966 Thread 0x000001799b5fef00 Exception <a 'java/lang/NoSuchMethodError'{0x00000000ebe2dc88}: 'void java.lang.invoke.DirectMethodHandle$Holder.invokeSpecial(java.lang.Object, java.lang.Object, java.lang.Object, java.lang.Object, java.lang.Object)'> (0x00000000ebe2dc88) 
thrown [s\src\hotspot\share\interpreter\linkResolver.cpp, line 773]
Event: 5.019 Thread 0x000001799b5fef00 Exception <a 'java/lang/NoSuchMethodError'{0x00000000ec066268}: 'double java.lang.invoke.DirectMethodHandle$Holder.invokeStatic(java.lang.Object, java.lang.Object)'> (0x00000000ec066268) 
thrown [s\src\hotspot\share\interpreter\linkResolver.cpp, line 773]
Event: 5.020 Thread 0x000001799b5fef00 Exception <a 'java/lang/NoSuchMethodError'{0x00000000ec069928}: 'double java.lang.invoke.DirectMethodHandle$Holder.invokeStaticInit(java.lang.Object, java.lang.Object)'> (0x00000000ec069928) 
thrown [s\src\hotspot\share\interpreter\linkResolver.cpp, line 773]
Event: 5.646 Thread 0x000001799b5fef00 Implicit null exception at 0x000001794b190375 to 0x000001794b190488
Event: 6.301 Thread 0x000001799b5fef00 Exception <a 'java/lang/ClassNotFoundException'{0x00000000ebfe5c98}: com/sun/org/apache/xerces/internal/impl/msg/spi/DOMMessagesProvider> (0x00000000ebfe5c98) 
thrown [s\src\hotspot\share\classfile\systemDictionary.cpp, line 312]
Event: 6.303 Thread 0x000001799b5fef00 Exception <a 'java/lang/ClassNotFoundException'{0x00000000ec000e10}: com/sun/org/apache/xerces/internal/impl/msg/spi/XMLSerializerMessagesProvider> (0x00000000ec000e10) 
thrown [s\src\hotspot\share\classfile\systemDictionary.cpp, line 312]
Event: 6.304 Thread 0x000001799b5fef00 Exception <a 'java/lang/ClassNotFoundException'{0x00000000ec00ef40}: com/sun/org/apache/xerces/internal/impl/msg/spi/XMLMessagesProvider> (0x00000000ec00ef40) 
thrown [s\src\hotspot\share\classfile\systemDictionary.cpp, line 312]
Event: 6.389 Thread 0x000001799b5fef00 Exception <a 'java/lang/NoSuchMethodError'{0x00000000ec232768}: 'java.lang.Object java.lang.invoke.DirectMethodHandle$Holder.newInvokeSpecial(java.lang.Object, int, java.lang.Object, java.lang.Object)'> (0x00000000ec232768) 
thrown [s\src\hotspot\share\interpreter\linkResolver.cpp, line 773]

ZGC Phase Switch (0 events):
No events

VM Operations (20 events):
Event: 3.321 Executing VM operation: HandshakeAllThreads (Deoptimize)
Event: 3.321 Executing VM operation: HandshakeAllThreads (Deoptimize) done
Event: 3.700 Executing VM operation: ParallelGCFailedAllocation (Allocation Failure)
Event: 3.706 Executing VM operation: ParallelGCFailedAllocation (Allocation Failure) done
Event: 4.704 Executing VM operation: HandshakeAllThreads (Deoptimize)
Event: 4.704 Executing VM operation: HandshakeAllThreads (Deoptimize) done
Event: 4.857 Executing VM operation: HandshakeAllThreads (Deoptimize)
Event: 4.858 Executing VM operation: HandshakeAllThreads (Deoptimize) done
Event: 4.858 Executing VM operation: Cleanup
Event: 4.858 Executing VM operation: Cleanup done
Event: 4.888 Executing VM operation: HandshakeAllThreads (Deoptimize)
Event: 4.888 Executing VM operation: HandshakeAllThreads (Deoptimize) done
Event: 5.084 Executing VM operation: ParallelGCFailedAllocation (Allocation Failure)
Event: 5.090 Executing VM operation: ParallelGCFailedAllocation (Allocation Failure) done
Event: 5.640 Executing VM operation: ParallelGCFailedAllocation (Allocation Failure)
Event: 5.644 Executing VM operation: ParallelGCFailedAllocation (Allocation Failure) done
Event: 5.742 Executing VM operation: CollectForMetadataAllocation (Metadata GC Threshold)
Event: 5.784 Executing VM operation: CollectForMetadataAllocation (Metadata GC Threshold) done
Event: 6.167 Executing VM operation: HandshakeAllThreads (Deoptimize)
Event: 6.167 Executing VM operation: HandshakeAllThreads (Deoptimize) done

Memory protections (0 events):
No events

Nmethod flushes (0 events):
No events

Events (20 events):
Event: 0.882 Thread 0x00000179546e7f40 Thread added: 0x0000017996823fe0
Event: 1.852 Thread 0x0000017996823fe0 Thread exited: 0x0000017996823fe0
Event: 1.956 Thread 0x00000179547508a0 Thread added: 0x000001799b21a580
Event: 2.397 Thread 0x00000179403aca00 Thread added: 0x000001799b3ca3d0
Event: 2.571 Thread 0x000001799b21a580 Thread exited: 0x000001799b21a580
Event: 2.710 Thread 0x00000179547508a0 Thread added: 0x000001799b6377a0
Event: 2.740 Thread 0x00000179403aca00 Thread added: 0x000001799b64cdf0
Event: 2.743 Thread 0x00000179403aca00 Thread added: 0x000001799b5fef00
Event: 2.816 Thread 0x000001799b5fef00 Thread added: 0x000001799b625200
Event: 2.986 Thread 0x000001799b5fef00 Thread added: 0x000001799b4fba60
Event: 3.380 Thread 0x000001799b5fef00 Thread added: 0x000001799b7479d0
Event: 3.490 Thread 0x000001799b6377a0 Thread exited: 0x000001799b6377a0
Event: 4.727 Thread 0x000001799b5fef00 Thread added: 0x000001799b8e0fb0
Event: 4.823 Thread 0x000001799b5fef00 Thread added: 0x000001799ba5bb70
Event: 4.912 Thread 0x000001799b5fef00 Thread added: 0x000001799ba5d5b0
Event: 5.099 Thread 0x000001799ba5d5b0 Thread added: 0x000001799ba5a130
Event: 5.156 Thread 0x00000179547508a0 Thread added: 0x000001799ba11610
Event: 5.435 Thread 0x000001799ba11610 Thread exited: 0x000001799ba11610
Event: 6.035 Thread 0x00000179547508a0 Thread added: 0x000001799c72f010
Event: 6.321 Thread 0x000001799b5fef00 Thread added: 0x000001799ba5cf20


Dynamic libraries:
0x00007ff6cd220000 - 0x00007ff6cd22e000 	c:\Users\nguyen phat dat\.cursor\extensions\redhat.java-1.40.0-win32-x64\jre\21.0.6-win32-x86_64\bin\java.exe
0x00007ff8b0bd0000 - 0x00007ff8b0de7000 	C:\WINDOWS\SYSTEM32\ntdll.dll
0x00007ff8aeb70000 - 0x00007ff8aec34000 	C:\WINDOWS\System32\KERNEL32.DLL
0x00007ff8adfd0000 - 0x00007ff8ae3a1000 	C:\WINDOWS\System32\KERNELBASE.dll
0x00007ff8ae3b0000 - 0x00007ff8ae4c1000 	C:\WINDOWS\System32\ucrtbase.dll
0x00007ff8730e0000 - 0x00007ff8730f8000 	c:\Users\nguyen phat dat\.cursor\extensions\redhat.java-1.40.0-win32-x64\jre\21.0.6-win32-x86_64\bin\jli.dll
0x00007ff8b0130000 - 0x00007ff8b02e1000 	C:\WINDOWS\System32\USER32.dll
0x00007ff8ae6d0000 - 0x00007ff8ae6f6000 	C:\WINDOWS\System32\win32u.dll
0x00007ff8b0400000 - 0x00007ff8b0429000 	C:\WINDOWS\System32\GDI32.dll
0x00007ff8ae780000 - 0x00007ff8ae89b000 	C:\WINDOWS\System32\gdi32full.dll
0x00007ff8adf30000 - 0x00007ff8adfca000 	C:\WINDOWS\System32\msvcp_win.dll
0x00007ff872440000 - 0x00007ff87245e000 	c:\Users\nguyen phat dat\.cursor\extensions\redhat.java-1.40.0-win32-x64\jre\21.0.6-win32-x86_64\bin\VCRUNTIME140.dll
0x00007ff89ea20000 - 0x00007ff89ecb2000 	C:\WINDOWS\WinSxS\amd64_microsoft.windows.common-controls_6595b64144ccf1df_6.0.22621.4830_none_270fe7d773858e80\COMCTL32.dll
0x00007ff8ae8b0000 - 0x00007ff8ae957000 	C:\WINDOWS\System32\msvcrt.dll
0x00007ff8ae980000 - 0x00007ff8ae9b1000 	C:\WINDOWS\System32\IMM32.DLL
0x00007ff89fe60000 - 0x00007ff89fe6c000 	c:\Users\nguyen phat dat\.cursor\extensions\redhat.java-1.40.0-win32-x64\jre\21.0.6-win32-x86_64\bin\vcruntime140_1.dll
0x00007ff854970000 - 0x00007ff8549fd000 	c:\Users\nguyen phat dat\.cursor\extensions\redhat.java-1.40.0-win32-x64\jre\21.0.6-win32-x86_64\bin\msvcp140.dll
0x00007ff816c50000 - 0x00007ff8179e0000 	c:\Users\nguyen phat dat\.cursor\extensions\redhat.java-1.40.0-win32-x64\jre\21.0.6-win32-x86_64\bin\server\jvm.dll
0x00007ff8b0ac0000 - 0x00007ff8b0b71000 	C:\WINDOWS\System32\ADVAPI32.dll
0x00007ff8b08d0000 - 0x00007ff8b0977000 	C:\WINDOWS\System32\sechost.dll
0x00007ff8ade80000 - 0x00007ff8adea8000 	C:\WINDOWS\System32\bcrypt.dll
0x00007ff8aea30000 - 0x00007ff8aeb44000 	C:\WINDOWS\System32\RPCRT4.dll
0x00007ff8aec40000 - 0x00007ff8aecb1000 	C:\WINDOWS\System32\WS2_32.dll
0x00007ff8ad570000 - 0x00007ff8ad5bd000 	C:\WINDOWS\SYSTEM32\POWRPROF.dll
0x00007ff8a6560000 - 0x00007ff8a6594000 	C:\WINDOWS\SYSTEM32\WINMM.dll
0x00007ff8a61b0000 - 0x00007ff8a61ba000 	C:\WINDOWS\SYSTEM32\VERSION.dll
0x00007ff8ad550000 - 0x00007ff8ad563000 	C:\WINDOWS\SYSTEM32\UMPDC.dll
0x00007ff8acd30000 - 0x00007ff8acd48000 	C:\WINDOWS\SYSTEM32\kernel.appcore.dll
0x00007ff89f940000 - 0x00007ff89f94a000 	c:\Users\nguyen phat dat\.cursor\extensions\redhat.java-1.40.0-win32-x64\jre\21.0.6-win32-x86_64\bin\jimage.dll
0x00007ff8ab5e0000 - 0x00007ff8ab812000 	C:\WINDOWS\SYSTEM32\DBGHELP.DLL
0x00007ff8b0540000 - 0x00007ff8b08d0000 	C:\WINDOWS\System32\combase.dll
0x00007ff8b0980000 - 0x00007ff8b0a57000 	C:\WINDOWS\System32\OLEAUT32.dll
0x00007ff87a3c0000 - 0x00007ff87a3f2000 	C:\WINDOWS\SYSTEM32\dbgcore.DLL
0x00007ff8ae700000 - 0x00007ff8ae77b000 	C:\WINDOWS\System32\bcryptPrimitives.dll
0x00007ff895c80000 - 0x00007ff895c8f000 	c:\Users\nguyen phat dat\.cursor\extensions\redhat.java-1.40.0-win32-x64\jre\21.0.6-win32-x86_64\bin\instrument.dll
0x00007ff867ff0000 - 0x00007ff86800f000 	c:\Users\nguyen phat dat\.cursor\extensions\redhat.java-1.40.0-win32-x64\jre\21.0.6-win32-x86_64\bin\java.dll
0x00007ff8af7f0000 - 0x00007ff8b0078000 	C:\WINDOWS\System32\SHELL32.dll
0x00007ff8ae4d0000 - 0x00007ff8ae60f000 	C:\WINDOWS\System32\wintypes.dll
0x00007ff8abc20000 - 0x00007ff8ac52d000 	C:\WINDOWS\SYSTEM32\windows.storage.dll
0x00007ff8b0430000 - 0x00007ff8b053a000 	C:\WINDOWS\System32\SHCORE.dll
0x00007ff8ae9c0000 - 0x00007ff8aea1e000 	C:\WINDOWS\System32\shlwapi.dll
0x00007ff8adc40000 - 0x00007ff8adc6b000 	C:\WINDOWS\SYSTEM32\profapi.dll
0x00007ff85d960000 - 0x00007ff85d978000 	c:\Users\nguyen phat dat\.cursor\extensions\redhat.java-1.40.0-win32-x64\jre\21.0.6-win32-x86_64\bin\zip.dll
0x00007ff892e30000 - 0x00007ff892e40000 	C:\Users\nguyen phat dat\.cursor\extensions\redhat.java-1.40.0-win32-x64\jre\21.0.6-win32-x86_64\bin\net.dll
0x00007ff8a7a50000 - 0x00007ff8a7b7c000 	C:\WINDOWS\SYSTEM32\WINHTTP.dll
0x00007ff8ad240000 - 0x00007ff8ad2aa000 	C:\WINDOWS\system32\mswsock.dll
0x00007ff85d940000 - 0x00007ff85d956000 	C:\Users\nguyen phat dat\.cursor\extensions\redhat.java-1.40.0-win32-x64\jre\21.0.6-win32-x86_64\bin\nio.dll
0x00007ff892bf0000 - 0x00007ff892c00000 	c:\Users\nguyen phat dat\.cursor\extensions\redhat.java-1.40.0-win32-x64\jre\21.0.6-win32-x86_64\bin\verify.dll
0x00007ff85d8f0000 - 0x00007ff85d935000 	C:\Users\nguyen phat dat\AppData\Roaming\Cursor\User\globalStorage\redhat.java\1.40.0\config_ss_win\org.eclipse.equinox.launcher\org.eclipse.equinox.launcher.win32.win32.x86_64_1.2.1200.v20250212-0927\eclipse_11909.dll
0x00007ff8aecc0000 - 0x00007ff8aee61000 	C:\WINDOWS\System32\ole32.dll
0x00007ff8ad4a0000 - 0x00007ff8ad4bb000 	C:\WINDOWS\SYSTEM32\CRYPTSP.dll
0x00007ff8acc90000 - 0x00007ff8accc7000 	C:\WINDOWS\system32\rsaenh.dll
0x00007ff8ad330000 - 0x00007ff8ad358000 	C:\WINDOWS\SYSTEM32\USERENV.dll
0x00007ff8ad490000 - 0x00007ff8ad49c000 	C:\WINDOWS\SYSTEM32\CRYPTBASE.dll
0x00007ff8ac7d0000 - 0x00007ff8ac7fd000 	C:\WINDOWS\SYSTEM32\IPHLPAPI.DLL
0x00007ff8af790000 - 0x00007ff8af799000 	C:\WINDOWS\System32\NSI.dll
0x00007ff85d8a0000 - 0x00007ff85d8e9000 	C:\Users\nguyen phat dat\AppData\Local\Temp\jna--71800452\jna7878513736329236556.dll
0x00007ff8ae8a0000 - 0x00007ff8ae8a8000 	C:\WINDOWS\System32\PSAPI.DLL

dbghelp: loaded successfully - version: 4.0.5 - missing functions: none
symbol engine: initialized successfully - sym options: 0x614 - pdb path: .;c:\Users\nguyen phat dat\.cursor\extensions\redhat.java-1.40.0-win32-x64\jre\21.0.6-win32-x86_64\bin;C:\WINDOWS\SYSTEM32;C:\WINDOWS\WinSxS\amd64_microsoft.windows.common-controls_6595b64144ccf1df_6.0.22621.4830_none_270fe7d773858e80;c:\Users\nguyen phat dat\.cursor\extensions\redhat.java-1.40.0-win32-x64\jre\21.0.6-win32-x86_64\bin\server;C:\Users\nguyen phat dat\AppData\Roaming\Cursor\User\globalStorage\redhat.java\1.40.0\config_ss_win\org.eclipse.equinox.launcher\org.eclipse.equinox.launcher.win32.win32.x86_64_1.2.1200.v20250212-0927;C:\Users\nguyen phat dat\AppData\Local\Temp\jna--71800452

VM Arguments:
jvm_args: --add-modules=ALL-SYSTEM --add-opens=java.base/java.util=ALL-UNNAMED --add-opens=java.base/java.lang=ALL-UNNAMED --add-opens=java.base/sun.nio.fs=ALL-UNNAMED -Declipse.application=org.eclipse.jdt.ls.core.id1 -Dosgi.bundles.defaultStartLevel=4 -Declipse.product=org.eclipse.jdt.ls.core.product -Djava.import.generatesMetadataFilesAtProjectRoot=false -DDetectVMInstallationsJob.disabled=true -Dfile.encoding=utf8 -XX:+UseParallelGC -XX:GCTimeRatio=4 -XX:AdaptiveSizePolicyWeight=90 -Dsun.zip.disableMemoryMapping=true -Xmx1G -Xms100m -Xlog:disable -javaagent:c:\Users\nguyen phat dat\.cursor\extensions\redhat.java-1.40.0-win32-x64\lombok\lombok-1.18.36.jar 
java_command: c:\Users\nguyen phat dat\.cursor\extensions\redhat.java-1.40.0-win32-x64\server\plugins\org.eclipse.equinox.launcher_1.6.1000.v20250131-0606.jar -configuration c:\Users\nguyen phat dat\AppData\Roaming\Cursor\User\globalStorage\redhat.java\1.40.0\config_ss_win -data c:\Users\nguyen phat dat\AppData\Roaming\Cursor\User\workspaceStorage\d9761c6cf0865b2f3b179032c507731e\redhat.java\ss_ws --pipe=\\.\pipe\lsp-85fc5214bfc8f75d479aee16503b0226-sock
java_class_path (initial): c:\Users\nguyen phat dat\.cursor\extensions\redhat.java-1.40.0-win32-x64\server\plugins\org.eclipse.equinox.launcher_1.6.1000.v20250131-0606.jar
Launcher Type: SUN_STANDARD

[Global flags]
    uintx AdaptiveSizePolicyWeight                 = 90                                        {product} {command line}
     intx CICompilerCount                          = 3                                         {product} {ergonomic}
    uintx GCTimeRatio                              = 4                                         {product} {command line}
   size_t InitialHeapSize                          = 104857600                                 {product} {command line}
   size_t MaxHeapSize                              = 1073741824                                {product} {command line}
   size_t MaxNewSize                               = 357564416                                 {product} {ergonomic}
   size_t MinHeapDeltaBytes                        = 524288                                    {product} {ergonomic}
   size_t MinHeapSize                              = 104857600                                 {product} {command line}
   size_t NewSize                                  = 34603008                                  {product} {ergonomic}
    uintx NonNMethodCodeHeapSize                   = 5832780                                {pd product} {ergonomic}
    uintx NonProfiledCodeHeapSize                  = 122912730                              {pd product} {ergonomic}
   size_t OldSize                                  = 70254592                                  {product} {ergonomic}
    uintx ProfiledCodeHeapSize                     = 122912730                              {pd product} {ergonomic}
    uintx ReservedCodeCacheSize                    = 251658240                              {pd product} {ergonomic}
     bool SegmentedCodeCache                       = true                                      {product} {ergonomic}
   size_t SoftMaxHeapSize                          = 1073741824                             {manageable} {ergonomic}
     bool UseCompressedOops                        = true                           {product lp64_product} {ergonomic}
     bool UseLargePagesIndividualAllocation        = false                                  {pd product} {ergonomic}
     bool UseParallelGC                            = true                                      {product} {command line}

Logging:
Log output configuration:
 #0: stdout all=off uptime,level,tags foldmultilines=false
 #1: stderr all=off uptime,level,tags foldmultilines=false

Environment Variables:
PATH=d:\dowload\cursor\resources\app\bin;C:\Program Files (x86)\Common Files\Oracle\Java\javapath;C:\Program Files\Common Files\Oracle\Java\javapath;C:\WINDOWS\system32;C:\WINDOWS;C:\WINDOWS\System32\Wbem;C:\WINDOWS\System32\WindowsPowerShell\v1.0\;C:\WINDOWS\System32\OpenSSH\;C:\Program Files\Azure Data Studio\bin;C:\Program Files\nodejs\;C:\Program Files\dotnet\;C:\Program Files (x86)\Microsoft SQL Server\160\Tools\Binn\;C:\Program Files\Microsoft SQL Server\160\Tools\Binn\;C:\Program Files\Microsoft SQL Server\Client SDK\ODBC\170\Tools\Binn\;C:\Program Files\Microsoft SQL Server\160\DTS\Binn\;C:\Program Files (x86)\Microsoft SQL Server\160\DTS\Binn\;D:\dowload\Git\Git\cmd;D:\dowload\Git\Git\bin;C:\Program Files\Microsoft SQL Server\150\Tools\Binn\;D:\dowload\xampp\php;D:\dowload\xampp;D:\dowload\7-Zip;D:\dowload\ffmpeg-7.1-full_build\ffmpeg-7.1-full_build\bin;D:\dowload\laragon\laragon\bin\mysql\mysql-8.0.30-winx64\bin;C:\Users\nguyen phat dat\AppData\Local\Microsoft\WindowsApps;C:\Program Files\Docker\Docker\resources\bin;C:\Users\nguyen phat dat\AppData\Local\Microsoft\WindowsApps;C:\Program Files\Azure Data Studio\bin;C:\Users\nguyen phat dat\AppData\Local\Programs\Microsoft VS Code\bin;D:\dowload\JAVA\IntelliJ IDEA Community Edition 2022.3\bin;;C:\Users\nguyen phat dat\AppData\Roaming\npm;C:\Program Files\nodejs;C:\Users\nguyen phat dat\.dotnet\tools;C:\Program Files\Git\bin;D:\dowload\7-Zip;D:\dowload\cursor\resources\app\bin
USERNAME=nguyen phat dat
OS=Windows_NT
PROCESSOR_IDENTIFIER=Intel64 Family 6 Model 140 Stepping 1, GenuineIntel
TMP=C:\Users\NGUYEN~1\AppData\Local\Temp
TEMP=C:\Users\NGUYEN~1\AppData\Local\Temp




Periodic native trim disabled

---------------  S Y S T E M  ---------------

OS:
 Windows 11 , 64 bit Build 22621 (10.0.22621.4974)
OS uptime: 0 days 10:26 hours
Hyper-V role detected

CPU: total 4 (initial active 4) (2 cores per cpu, 2 threads per core) family 6 model 140 stepping 1 microcode 0x86, cx8, cmov, fxsr, ht, mmx, 3dnowpref, sse, sse2, sse3, ssse3, sse4.1, sse4.2, popcnt, lzcnt, tsc, tscinvbit, avx, avx2, aes, erms, clmul, bmi1, bmi2, adx, avx512f, avx512dq, avx512cd, avx512bw, avx512vl, sha, fma, vzeroupper, avx512_vpopcntdq, avx512_vpclmulqdq, avx512_vaes, avx512_vnni, clflush, clflushopt, clwb, avx512_vbmi2, avx512_vbmi, hv, rdtscp, rdpid, fsrm, gfni, avx512_bitalg, f16c, cet_ibt, cet_ss, avx512_ifma
Processor Information for the first 4 processors :
  Max Mhz: 2995, Current Mhz: 2995, Mhz Limit: 2995

Memory: 4k page, system-wide physical 7886M (572M free)
TotalPageFile size 17320M (AvailPageFile size 11M)
current process WorkingSet (physical memory assigned to process): 171M, peak: 175M
current process commit charge ("private bytes"): 260M, peak: 264M

vm_info: OpenJDK 64-Bit Server VM (21.0.6+7-LTS) for windows-amd64 JRE (21.0.6+7-LTS), built on 2025-01-21T00:00:00Z by "admin" with MS VC++ 17.7 (VS2022)

END.
