#
# There is insufficient memory for the Java Runtime Environment to continue.
# Native memory allocation (malloc) failed to allocate 1073616 bytes. Error detail: Chunk::new
# Possible reasons:
#   The system is out of physical RAM or swap space
#   This process is running with CompressedOops enabled, and the Java Heap may be blocking the growth of the native heap
# Possible solutions:
#   Reduce memory load on the system
#   Increase physical memory or swap space
#   Check if swap backing store is full
#   Decrease Java heap size (-Xmx/-Xms)
#   Decrease number of Java threads
#   Decrease Java thread stack sizes (-Xss)
#   Set larger code cache with -XX:ReservedCodeCacheSize=
#   JVM is running with Unscaled Compressed Oops mode in which the Java heap is
#     placed in the first 4GB address space. The Java Heap base address is the
#     maximum limit for the native heap growth. Please use -XX:HeapBaseMinAddress
#     to set the Java Heap base and to place the Java Heap above 4GB virtual address.
# This output file may be truncated or incomplete.
#
#  Out of Memory Error (arena.cpp:168), pid=10400, tid=8752
#
# JRE version: OpenJDK Runtime Environment Temurin-21.0.6+7 (21.0.6+7) (build 21.0.6+7-LTS)
# Java VM: OpenJDK 64-Bit Server VM Temurin-21.0.6+7 (21.0.6+7-LTS, mixed mode, sharing, tiered, compressed oops, compressed class ptrs, parallel gc, windows-amd64)
# No core dump will be written. Minidumps are not enabled by default on client versions of Windows
#

---------------  S U M M A R Y ------------

Command Line: --add-modules=ALL-SYSTEM --add-opens=java.base/java.util=ALL-UNNAMED --add-opens=java.base/java.lang=ALL-UNNAMED --add-opens=java.base/sun.nio.fs=ALL-UNNAMED -Declipse.application=org.eclipse.jdt.ls.core.id1 -Dosgi.bundles.defaultStartLevel=4 -Declipse.product=org.eclipse.jdt.ls.core.product -Djava.import.generatesMetadataFilesAtProjectRoot=false -DDetectVMInstallationsJob.disabled=true -Dfile.encoding=utf8 -XX:+UseParallelGC -XX:GCTimeRatio=4 -XX:AdaptiveSizePolicyWeight=90 -Dsun.zip.disableMemoryMapping=true -Xmx1G -Xms100m -Xlog:disable -javaagent:c:\Users\nguyen phat dat\.cursor\extensions\redhat.java-1.40.0-win32-x64\lombok\lombok-1.18.36.jar -XX:+HeapDumpOnOutOfMemoryError -XX:HeapDumpPath=c:\Users\nguyen phat dat\AppData\Roaming\Cursor\User\workspaceStorage\d9761c6cf0865b2f3b179032c507731e\redhat.java -Daether.dependencyCollector.impl=bf c:\Users\nguyen phat dat\.cursor\extensions\redhat.java-1.40.0-win32-x64\server\plugins\org.eclipse.equinox.launcher_1.6.1000.v20250131-0606.jar -configuration c:\Users\nguyen phat dat\AppData\Roaming\Cursor\User\globalStorage\redhat.java\1.40.0\config_win -data c:\Users\nguyen phat dat\AppData\Roaming\Cursor\User\workspaceStorage\d9761c6cf0865b2f3b179032c507731e\redhat.java\jdt_ws --pipe=\\.\pipe\lsp-675eb74a3dcb6f7f2c3ac601fc539f36-sock

Host: 11th Gen Intel(R) Core(TM) i3-1115G4 @ 3.00GHz, 4 cores, 7G,  Windows 11 , 64 bit Build 22621 (10.0.22621.4974)
Time: Sat Mar 22 22:21:35 2025 SE Asia Standard Time elapsed time: 994.364022 seconds (0d 0h 16m 34s)

---------------  T H R E A D  ---------------

Current thread (0x00000279558a69b0):  JavaThread "C2 CompilerThread0" daemon [_thread_in_native, id=8752, stack(0x0000007db8500000,0x0000007db8600000) (1024K)]


Current CompileTask:
C2:994364 18298       4       java.lang.invoke.MethodHandleImpl::makePairwiseConvertByEditor (617 bytes)

Stack: [0x0000007db8500000,0x0000007db8600000]
Native frames: (J=compiled Java code, j=interpreted, Vv=VM code, C=native code)
V  [jvm.dll+0x6cdee9]
V  [jvm.dll+0x8a83d1]
V  [jvm.dll+0x8aa8fe]
V  [jvm.dll+0x8aafe3]
V  [jvm.dll+0x27f706]
V  [jvm.dll+0xc500d]
V  [jvm.dll+0xc5543]
V  [jvm.dll+0x3b678c]
V  [jvm.dll+0x382935]
V  [jvm.dll+0x381d9a]
V  [jvm.dll+0x2479f0]
V  [jvm.dll+0x246fcf]
V  [jvm.dll+0x1c75ee]
V  [jvm.dll+0x25685a]
V  [jvm.dll+0x254dfa]
V  [jvm.dll+0x3f0256]
V  [jvm.dll+0x851f8b]
V  [jvm.dll+0x6cc5ed]
C  [ucrtbase.dll+0x29333]
C  [KERNEL32.DLL+0x1259d]
C  [ntdll.dll+0x5af38]


---------------  P R O C E S S  ---------------

Threads class SMR info:
_java_thread_list=0x00000279aa8d8800, length=31, elements={
0x000002794156f9c0, 0x000002794162bee0, 0x000002794162d6e0, 0x000002794162e720,
0x00000279558a34c0, 0x00000279558a41d0, 0x00000279558a5c30, 0x00000279558a69b0,
0x0000027955917bf0, 0x000002795595dcd0, 0x00000279978d4c60, 0x000002799c1f4e40,
0x000002799c7a81e0, 0x00000279976724a0, 0x000002799c1ceca0, 0x000002799c7861f0,
0x000002799c676940, 0x000002799c41a1f0, 0x000002799c4194d0, 0x000002799c417a90,
0x000002799c41a880, 0x000002799c419b60, 0x000002799e169670, 0x000002799e16bdd0,
0x000002799e16b740, 0x000002799e16c460, 0x000002799e16caf0, 0x000002799e16dea0,
0x000002799e16d180, 0x000002799f1929e0, 0x000002799f18ba50
}

Java Threads: ( => current thread )
  0x000002794156f9c0 JavaThread "main"                              [_thread_blocked, id=9120, stack(0x0000007db7a00000,0x0000007db7b00000) (1024K)]
  0x000002794162bee0 JavaThread "Reference Handler"          daemon [_thread_blocked, id=2436, stack(0x0000007db7f00000,0x0000007db8000000) (1024K)]
  0x000002794162d6e0 JavaThread "Finalizer"                  daemon [_thread_blocked, id=16964, stack(0x0000007db8000000,0x0000007db8100000) (1024K)]
  0x000002794162e720 JavaThread "Signal Dispatcher"          daemon [_thread_blocked, id=12060, stack(0x0000007db8100000,0x0000007db8200000) (1024K)]
  0x00000279558a34c0 JavaThread "Attach Listener"            daemon [_thread_blocked, id=16220, stack(0x0000007db8200000,0x0000007db8300000) (1024K)]
  0x00000279558a41d0 JavaThread "Service Thread"             daemon [_thread_blocked, id=8900, stack(0x0000007db8300000,0x0000007db8400000) (1024K)]
  0x00000279558a5c30 JavaThread "Monitor Deflation Thread"   daemon [_thread_blocked, id=11612, stack(0x0000007db8400000,0x0000007db8500000) (1024K)]
=>0x00000279558a69b0 JavaThread "C2 CompilerThread0"         daemon [_thread_in_native, id=8752, stack(0x0000007db8500000,0x0000007db8600000) (1024K)]
  0x0000027955917bf0 JavaThread "C1 CompilerThread0"         daemon [_thread_blocked, id=1644, stack(0x0000007db8600000,0x0000007db8700000) (1024K)]
  0x000002795595dcd0 JavaThread "Common-Cleaner"             daemon [_thread_blocked, id=2452, stack(0x0000007db8700000,0x0000007db8800000) (1024K)]
  0x00000279978d4c60 JavaThread "Notification Thread"        daemon [_thread_blocked, id=17248, stack(0x0000007db8800000,0x0000007db8900000) (1024K)]
  0x000002799c1f4e40 JavaThread "Active Thread: Equinox Container: 67aeceb9-247f-47d0-8b23-060e03b09fd5"        [_thread_blocked, id=16980, stack(0x0000007db8d00000,0x0000007db8e00000) (1024K)]
  0x000002799c7a81e0 JavaThread "Refresh Thread: Equinox Container: 67aeceb9-247f-47d0-8b23-060e03b09fd5" daemon [_thread_blocked, id=11360, stack(0x0000007db8c00000,0x0000007db8d00000) (1024K)]
  0x00000279976724a0 JavaThread "Framework Event Dispatcher: Equinox Container: 67aeceb9-247f-47d0-8b23-060e03b09fd5" daemon [_thread_blocked, id=18872, stack(0x0000007db8e00000,0x0000007db8f00000) (1024K)]
  0x000002799c1ceca0 JavaThread "Start Level: Equinox Container: 67aeceb9-247f-47d0-8b23-060e03b09fd5" daemon [_thread_blocked, id=10756, stack(0x0000007db8f00000,0x0000007db9000000) (1024K)]
  0x000002799c7861f0 JavaThread "Bundle File Closer"         daemon [_thread_blocked, id=17480, stack(0x0000007db9000000,0x0000007db9100000) (1024K)]
  0x000002799c676940 JavaThread "SCR Component Actor"        daemon [_thread_blocked, id=1524, stack(0x0000007db9100000,0x0000007db9200000) (1024K)]
  0x000002799c41a1f0 JavaThread "Worker-JM"                         [_thread_blocked, id=15864, stack(0x0000007db9300000,0x0000007db9400000) (1024K)]
  0x000002799c4194d0 JavaThread "JNA Cleaner"                daemon [_thread_blocked, id=2956, stack(0x0000007db9400000,0x0000007db9500000) (1024K)]
  0x000002799c417a90 JavaThread "Worker-2"                          [_thread_blocked, id=10144, stack(0x0000007db9700000,0x0000007db9800000) (1024K)]
  0x000002799c41a880 JavaThread "Java indexing"              daemon [_thread_blocked, id=11492, stack(0x0000007db9800000,0x0000007db9900000) (1024K)]
  0x000002799c419b60 JavaThread "Thread-2"                   daemon [_thread_in_native, id=10472, stack(0x0000007db9a00000,0x0000007db9b00000) (1024K)]
  0x000002799e169670 JavaThread "Thread-3"                   daemon [_thread_in_native, id=14384, stack(0x0000007db9b00000,0x0000007db9c00000) (1024K)]
  0x000002799e16bdd0 JavaThread "Thread-4"                   daemon [_thread_in_native, id=18176, stack(0x0000007db9c00000,0x0000007db9d00000) (1024K)]
  0x000002799e16b740 JavaThread "Thread-5"                   daemon [_thread_in_native, id=9012, stack(0x0000007db9d00000,0x0000007db9e00000) (1024K)]
  0x000002799e16c460 JavaThread "Thread-6"                   daemon [_thread_in_native, id=16388, stack(0x0000007db9e00000,0x0000007db9f00000) (1024K)]
  0x000002799e16caf0 JavaThread "pool-2-thread-1"                   [_thread_blocked, id=12268, stack(0x0000007db9f00000,0x0000007dba000000) (1024K)]
  0x000002799e16dea0 JavaThread "WorkspaceEventsHandler"            [_thread_blocked, id=17436, stack(0x0000007dba000000,0x0000007dba100000) (1024K)]
  0x000002799e16d180 JavaThread "pool-1-thread-1"                   [_thread_blocked, id=3360, stack(0x0000007dba100000,0x0000007dba200000) (1024K)]
  0x000002799f1929e0 JavaThread "Worker-9"                          [_thread_blocked, id=4800, stack(0x0000007db7b00000,0x0000007db7c00000) (1024K)]
  0x000002799f18ba50 JavaThread "ForkJoinPool.commonPool-worker-6" daemon [_thread_in_Java, id=12600, stack(0x0000007db7900000,0x0000007db7a00000) (1024K)]
Total: 31

Other Threads:
  0x0000027941610ce0 VMThread "VM Thread"                           [id=10652, stack(0x0000007db7e00000,0x0000007db7f00000) (1024K)]
  0x00000279415db600 WatcherThread "VM Periodic Task Thread"        [id=15016, stack(0x0000007db7d00000,0x0000007db7e00000) (1024K)]
  0x000002794158d0e0 WorkerThread "GC Thread#0"                     [id=6260, stack(0x0000007db7c00000,0x0000007db7d00000) (1024K)]
  0x000002799c3ee450 WorkerThread "GC Thread#1"                     [id=15244, stack(0x0000007db8900000,0x0000007db8a00000) (1024K)]
  0x000002799c3ee7f0 WorkerThread "GC Thread#2"                     [id=15956, stack(0x0000007db8a00000,0x0000007db8b00000) (1024K)]
  0x000002799c107820 WorkerThread "GC Thread#3"                     [id=13528, stack(0x0000007db8b00000,0x0000007db8c00000) (1024K)]
Total: 6

Threads with active compile tasks:
C2 CompilerThread0  994401 18298       4       java.lang.invoke.MethodHandleImpl::makePairwiseConvertByEditor (617 bytes)
Total: 1

VM state: not at safepoint (normal execution)

VM Mutex/Monitor currently owned by a thread: None

Heap address: 0x00000000c0000000, size: 1024 MB, Compressed Oops mode: 32-bit

CDS archive(s) mapped at: [0x0000027956000000-0x0000027956ba0000-0x0000027956ba0000), size 12189696, SharedBaseAddress: 0x0000027956000000, ArchiveRelocationMode: 1.
Compressed class space mapped at: 0x0000027957000000-0x0000027997000000, reserved size: 1073741824
Narrow klass base: 0x0000027956000000, Narrow klass shift: 0, Narrow klass range: 0x100000000

GC Precious Log:
 CardTable entry size: 512
 CPUs: 4 total, 4 available
 Memory: 7886M
 Large Page Support: Disabled
 NUMA Support: Disabled
 Compressed Oops: Enabled (32-bit)
 Alignments: Space 512K, Generation 512K, Heap 2M
 Heap Min Capacity: 100M
 Heap Initial Capacity: 100M
 Heap Max Capacity: 1G
 Pre-touch: Disabled
 Parallel Workers: 4

Heap:
 PSYoungGen      total 5120K, used 2135K [0x00000000eab00000, 0x00000000eb100000, 0x0000000100000000)
  eden space 4608K, 38% used [0x00000000eab00000,0x00000000eacb5d40,0x00000000eaf80000)
  from space 512K, 75% used [0x00000000eb000000,0x00000000eb060020,0x00000000eb080000)
  to   space 512K, 0% used [0x00000000eb080000,0x00000000eb080000,0x00000000eb100000)
 ParOldGen       total 493568K, used 493479K [0x00000000c0000000, 0x00000000de200000, 0x00000000eab00000)
  object space 493568K, 99% used [0x00000000c0000000,0x00000000de1e9d20,0x00000000de200000)
 Metaspace       used 77510K, committed 79168K, reserved 1179648K
  class space    used 7727K, committed 8448K, reserved 1048576K

Card table byte_map: [0x0000027940f10000,0x0000027941120000] _byte_map_base: 0x0000027940910000

Marking Bits: (ParMarkBitMap*) 0x00007ff84b133260
 Begin Bits: [0x0000027953760000, 0x0000027954760000)
 End Bits:   [0x0000027954760000, 0x0000027955760000)

Polling page: 0x000002793f550000

Metaspace:

Usage:
  Non-class:     68.15 MB used.
      Class:      7.55 MB used.
       Both:     75.69 MB used.

Virtual space:
  Non-class space:      128.00 MB reserved,      69.06 MB ( 54%) committed,  2 nodes.
      Class space:        1.00 GB reserved,       8.25 MB ( <1%) committed,  1 nodes.
             Both:        1.12 GB reserved,      77.31 MB (  7%) committed. 

Chunk freelists:
   Non-Class:  10.97 MB
       Class:  7.66 MB
        Both:  18.63 MB

MaxMetaspaceSize: unlimited
CompressedClassSpaceSize: 1.00 GB
Initial GC threshold: 21.00 MB
Current GC threshold: 122.19 MB
CDS: on
 - commit_granule_bytes: 65536.
 - commit_granule_words: 8192.
 - virtual_space_node_default_size: 8388608.
 - enlarge_chunks_in_place: 1.
 - use_allocation_guard: 0.


Internal statistics:

num_allocs_failed_limit: 9.
num_arena_births: 1526.
num_arena_deaths: 14.
num_vsnodes_births: 3.
num_vsnodes_deaths: 0.
num_space_committed: 1237.
num_space_uncommitted: 0.
num_chunks_returned_to_freelist: 23.
num_chunks_taken_from_freelist: 5133.
num_chunk_merges: 15.
num_chunk_splits: 3136.
num_chunks_enlarged: 1756.
num_inconsistent_stats: 0.

CodeHeap 'non-profiled nmethods': size=120000Kb used=15761Kb max_used=15761Kb free=104238Kb
 bounds [0x000002794c230000, 0x000002794d1a0000, 0x0000027953760000]
CodeHeap 'profiled nmethods': size=120000Kb used=40943Kb max_used=40943Kb free=79056Kb
 bounds [0x0000027944760000, 0x0000027946f60000, 0x000002794bc90000]
CodeHeap 'non-nmethods': size=5760Kb used=1509Kb max_used=1619Kb free=4251Kb
 bounds [0x000002794bc90000, 0x000002794bf00000, 0x000002794c230000]
 total_blobs=17228 nmethods=16408 adapters=724
 compilation: enabled
              stopped_count=0, restarted_count=0
 full_count=0

Compilation events (20 events):
Event: 666.352 Thread 0x0000027955917bf0 nmethod 18287 0x0000027946f56e10 code [0x0000027946f57020, 0x0000027946f577d0]
Event: 680.762 Thread 0x0000027955917bf0 18288   !   3       java.util.logging.LogManager::ensureLogManagerInitialized (144 bytes)
Event: 680.765 Thread 0x0000027955917bf0 nmethod 18288 0x0000027946f57a10 code [0x0000027946f57d20, 0x0000027946f58e40]
Event: 876.375 Thread 0x0000027955917bf0 18289       3       java.util.concurrent.locks.AbstractQueuedSynchronizer$ConditionObject::awaitNanos (207 bytes)
Event: 876.407 Thread 0x0000027955917bf0 nmethod 18289 0x0000027946f59410 code [0x0000027946f59700, 0x0000027946f5a570]
Event: 905.504 Thread 0x0000027955917bf0 18290       3       java.util.concurrent.ScheduledThreadPoolExecutor$DelayedWorkQueue::setIndex (16 bytes)
Event: 905.506 Thread 0x0000027955917bf0 nmethod 18290 0x0000027946f5ab10 code [0x0000027946f5acc0, 0x0000027946f5afc8]
Event: 966.401 Thread 0x0000027955917bf0 18291       1       java.util.concurrent.ThreadPoolExecutor::getQueue (5 bytes)
Event: 966.405 Thread 0x0000027955917bf0 nmethod 18291 0x000002794d190690 code [0x000002794d190820, 0x000002794d1908e8]
Event: 992.553 Thread 0x00000279558a69b0 18292       4       java.util.regex.Pattern::atom (422 bytes)
Event: 992.798 Thread 0x00000279558a69b0 nmethod 18292 0x000002794d190990 code [0x000002794d190cc0, 0x000002794d191fa0]
Event: 993.061 Thread 0x0000027955917bf0 18293       3       com.google.gson.internal.bind.TypeAdapters$15::write (10 bytes)
Event: 993.070 Thread 0x0000027955917bf0 nmethod 18293 0x0000027946f5b090 code [0x0000027946f5b2a0, 0x0000027946f5b898]
Event: 993.124 Thread 0x00000279558a69b0 18294       4       org.eclipse.jdt.ls.core.internal.filesystem.JLSFsUtils::isProjectMetadataFile (71 bytes)
Event: 993.169 Thread 0x00000279558a69b0 nmethod 18294 0x000002794d192d10 code [0x000002794d192fe0, 0x000002794d193cc0]
Event: 993.766 Thread 0x0000027955917bf0 18295       3       org.eclipse.lsp4j.jsonrpc.json.adapters.MessageTypeAdapter::getParameterTypes (26 bytes)
Event: 993.769 Thread 0x0000027955917bf0 nmethod 18295 0x0000027946f5ba90 code [0x0000027946f5bc60, 0x0000027946f5be80]
Event: 994.151 Thread 0x00000279558a69b0 18296       4       java.lang.invoke.MethodHandleImpl::countNonNull (42 bytes)
Event: 994.153 Thread 0x00000279558a69b0 nmethod 18296 0x000002794d194390 code [0x000002794d194520, 0x000002794d194610]
Event: 994.154 Thread 0x00000279558a69b0 18298       4       java.lang.invoke.MethodHandleImpl::makePairwiseConvertByEditor (617 bytes)

GC Heap History (20 events):
Event: 408.904 GC heap before
{Heap before GC invocations=1665 (full 4):
 PSYoungGen      total 3072K, used 2816K [0x00000000eab00000, 0x00000000eaf80000, 0x0000000100000000)
  eden space 2560K, 100% used [0x00000000eab00000,0x00000000ead80000,0x00000000ead80000)
  from space 512K, 50% used [0x00000000eae80000,0x00000000eaec0000,0x00000000eaf00000)
  to   space 512K, 0% used [0x00000000eaf00000,0x00000000eaf00000,0x00000000eaf80000)
 ParOldGen       total 483840K, used 483343K [0x00000000c0000000, 0x00000000dd880000, 0x00000000eab00000)
  object space 483840K, 99% used [0x00000000c0000000,0x00000000dd803fe8,0x00000000dd880000)
 Metaspace       used 77408K, committed 79104K, reserved 1179648K
  class space    used 7714K, committed 8448K, reserved 1048576K
}
Event: 408.906 GC heap after
{Heap after GC invocations=1665 (full 4):
 PSYoungGen      total 3584K, used 448K [0x00000000eab00000, 0x00000000eaf80000, 0x0000000100000000)
  eden space 3072K, 0% used [0x00000000eab00000,0x00000000eab00000,0x00000000eae00000)
  from space 512K, 87% used [0x00000000eaf00000,0x00000000eaf70000,0x00000000eaf80000)
  to   space 512K, 0% used [0x00000000eae80000,0x00000000eae80000,0x00000000eaf00000)
 ParOldGen       total 483840K, used 483520K [0x00000000c0000000, 0x00000000dd880000, 0x00000000eab00000)
  object space 483840K, 99% used [0x00000000c0000000,0x00000000dd830008,0x00000000dd880000)
 Metaspace       used 77408K, committed 79104K, reserved 1179648K
  class space    used 7714K, committed 8448K, reserved 1048576K
}
Event: 408.912 GC heap before
{Heap before GC invocations=1666 (full 4):
 PSYoungGen      total 3584K, used 3237K [0x00000000eab00000, 0x00000000eaf80000, 0x0000000100000000)
  eden space 3072K, 90% used [0x00000000eab00000,0x00000000eadb9710,0x00000000eae00000)
  from space 512K, 87% used [0x00000000eaf00000,0x00000000eaf70000,0x00000000eaf80000)
  to   space 512K, 0% used [0x00000000eae80000,0x00000000eae80000,0x00000000eaf00000)
 ParOldGen       total 483840K, used 483520K [0x00000000c0000000, 0x00000000dd880000, 0x00000000eab00000)
  object space 483840K, 99% used [0x00000000c0000000,0x00000000dd830008,0x00000000dd880000)
 Metaspace       used 77411K, committed 79104K, reserved 1179648K
  class space    used 7714K, committed 8448K, reserved 1048576K
}
Event: 408.914 GC heap after
{Heap after GC invocations=1666 (full 4):
 PSYoungGen      total 4096K, used 501K [0x00000000eab00000, 0x00000000eb300000, 0x0000000100000000)
  eden space 3584K, 0% used [0x00000000eab00000,0x00000000eab00000,0x00000000eae80000)
  from space 512K, 98% used [0x00000000eae80000,0x00000000eaefd750,0x00000000eaf00000)
  to   space 2048K, 0% used [0x00000000eb100000,0x00000000eb100000,0x00000000eb300000)
 ParOldGen       total 484864K, used 484419K [0x00000000c0000000, 0x00000000dd980000, 0x00000000eab00000)
  object space 484864K, 99% used [0x00000000c0000000,0x00000000dd910ce0,0x00000000dd980000)
 Metaspace       used 77411K, committed 79104K, reserved 1179648K
  class space    used 7714K, committed 8448K, reserved 1048576K
}
Event: 408.920 GC heap before
{Heap before GC invocations=1667 (full 4):
 PSYoungGen      total 4096K, used 4085K [0x00000000eab00000, 0x00000000eb300000, 0x0000000100000000)
  eden space 3584K, 100% used [0x00000000eab00000,0x00000000eae80000,0x00000000eae80000)
  from space 512K, 98% used [0x00000000eae80000,0x00000000eaefd750,0x00000000eaf00000)
  to   space 2048K, 0% used [0x00000000eb100000,0x00000000eb100000,0x00000000eb300000)
 ParOldGen       total 484864K, used 484419K [0x00000000c0000000, 0x00000000dd980000, 0x00000000eab00000)
  object space 484864K, 99% used [0x00000000c0000000,0x00000000dd910ce0,0x00000000dd980000)
 Metaspace       used 77411K, committed 79104K, reserved 1179648K
  class space    used 7714K, committed 8448K, reserved 1048576K
}
Event: 408.923 GC heap after
{Heap after GC invocations=1667 (full 4):
 PSYoungGen      total 4096K, used 2047K [0x00000000eab00000, 0x00000000eb780000, 0x0000000100000000)
  eden space 2048K, 0% used [0x00000000eab00000,0x00000000eab00000,0x00000000ead00000)
  from space 2048K, 99% used [0x00000000eb100000,0x00000000eb2ffc90,0x00000000eb300000)
  to   space 4096K, 0% used [0x00000000ead00000,0x00000000ead00000,0x00000000eb100000)
 ParOldGen       total 486400K, used 485943K [0x00000000c0000000, 0x00000000ddb00000, 0x00000000eab00000)
  object space 486400K, 99% used [0x00000000c0000000,0x00000000dda8dfa0,0x00000000ddb00000)
 Metaspace       used 77411K, committed 79104K, reserved 1179648K
  class space    used 7714K, committed 8448K, reserved 1048576K
}
Event: 408.926 GC heap before
{Heap before GC invocations=1668 (full 4):
 PSYoungGen      total 4096K, used 4095K [0x00000000eab00000, 0x00000000eb780000, 0x0000000100000000)
  eden space 2048K, 99% used [0x00000000eab00000,0x00000000eacfffd0,0x00000000ead00000)
  from space 2048K, 99% used [0x00000000eb100000,0x00000000eb2ffc90,0x00000000eb300000)
  to   space 4096K, 0% used [0x00000000ead00000,0x00000000ead00000,0x00000000eb100000)
 ParOldGen       total 486400K, used 485943K [0x00000000c0000000, 0x00000000ddb00000, 0x00000000eab00000)
  object space 486400K, 99% used [0x00000000c0000000,0x00000000dda8dfa0,0x00000000ddb00000)
 Metaspace       used 77411K, committed 79104K, reserved 1179648K
  class space    used 7714K, committed 8448K, reserved 1048576K
}
Event: 408.928 GC heap after
{Heap after GC invocations=1668 (full 4):
 PSYoungGen      total 4096K, used 1713K [0x00000000eab00000, 0x00000000eb280000, 0x0000000100000000)
  eden space 2048K, 0% used [0x00000000eab00000,0x00000000eab00000,0x00000000ead00000)
  from space 2048K, 83% used [0x00000000ead00000,0x00000000eaeac720,0x00000000eaf00000)
  to   space 2560K, 0% used [0x00000000eb000000,0x00000000eb000000,0x00000000eb280000)
 ParOldGen       total 488448K, used 487995K [0x00000000c0000000, 0x00000000ddd00000, 0x00000000eab00000)
  object space 488448K, 99% used [0x00000000c0000000,0x00000000ddc8ee78,0x00000000ddd00000)
 Metaspace       used 77411K, committed 79104K, reserved 1179648K
  class space    used 7714K, committed 8448K, reserved 1048576K
}
Event: 408.933 GC heap before
{Heap before GC invocations=1669 (full 4):
 PSYoungGen      total 4096K, used 3714K [0x00000000eab00000, 0x00000000eb280000, 0x0000000100000000)
  eden space 2048K, 97% used [0x00000000eab00000,0x00000000eacf4280,0x00000000ead00000)
  from space 2048K, 83% used [0x00000000ead00000,0x00000000eaeac720,0x00000000eaf00000)
  to   space 2560K, 0% used [0x00000000eb000000,0x00000000eb000000,0x00000000eb280000)
 ParOldGen       total 488448K, used 487995K [0x00000000c0000000, 0x00000000ddd00000, 0x00000000eab00000)
  object space 488448K, 99% used [0x00000000c0000000,0x00000000ddc8ee78,0x00000000ddd00000)
 Metaspace       used 77411K, committed 79104K, reserved 1179648K
  class space    used 7714K, committed 8448K, reserved 1048576K
}
Event: 408.935 GC heap after
{Heap after GC invocations=1669 (full 4):
 PSYoungGen      total 4608K, used 1669K [0x00000000eab00000, 0x00000000eb200000, 0x0000000100000000)
  eden space 2560K, 0% used [0x00000000eab00000,0x00000000eab00000,0x00000000ead80000)
  from space 2048K, 81% used [0x00000000eb000000,0x00000000eb1a16e0,0x00000000eb200000)
  to   space 2048K, 0% used [0x00000000eae00000,0x00000000eae00000,0x00000000eb000000)
 ParOldGen       total 489984K, used 489592K [0x00000000c0000000, 0x00000000dde80000, 0x00000000eab00000)
  object space 489984K, 99% used [0x00000000c0000000,0x00000000dde1e158,0x00000000dde80000)
 Metaspace       used 77411K, committed 79104K, reserved 1179648K
  class space    used 7714K, committed 8448K, reserved 1048576K
}
Event: 408.948 GC heap before
{Heap before GC invocations=1670 (full 4):
 PSYoungGen      total 4608K, used 4229K [0x00000000eab00000, 0x00000000eb200000, 0x0000000100000000)
  eden space 2560K, 100% used [0x00000000eab00000,0x00000000ead80000,0x00000000ead80000)
  from space 2048K, 81% used [0x00000000eb000000,0x00000000eb1a16e0,0x00000000eb200000)
  to   space 2048K, 0% used [0x00000000eae00000,0x00000000eae00000,0x00000000eb000000)
 ParOldGen       total 489984K, used 489592K [0x00000000c0000000, 0x00000000dde80000, 0x00000000eab00000)
  object space 489984K, 99% used [0x00000000c0000000,0x00000000dde1e158,0x00000000dde80000)
 Metaspace       used 77421K, committed 79104K, reserved 1179648K
  class space    used 7714K, committed 8448K, reserved 1048576K
}
Event: 408.950 GC heap after
{Heap after GC invocations=1670 (full 4):
 PSYoungGen      total 4608K, used 1154K [0x00000000eab00000, 0x00000000eb100000, 0x0000000100000000)
  eden space 3072K, 0% used [0x00000000eab00000,0x00000000eab00000,0x00000000eae00000)
  from space 1536K, 75% used [0x00000000eae00000,0x00000000eaf20990,0x00000000eaf80000)
  to   space 1536K, 0% used [0x00000000eaf80000,0x00000000eaf80000,0x00000000eb100000)
 ParOldGen       total 491520K, used 491195K [0x00000000c0000000, 0x00000000de000000, 0x00000000eab00000)
  object space 491520K, 99% used [0x00000000c0000000,0x00000000ddfaed60,0x00000000de000000)
 Metaspace       used 77421K, committed 79104K, reserved 1179648K
  class space    used 7714K, committed 8448K, reserved 1048576K
}
Event: 408.955 GC heap before
{Heap before GC invocations=1671 (full 4):
 PSYoungGen      total 4608K, used 4226K [0x00000000eab00000, 0x00000000eb100000, 0x0000000100000000)
  eden space 3072K, 100% used [0x00000000eab00000,0x00000000eae00000,0x00000000eae00000)
  from space 1536K, 75% used [0x00000000eae00000,0x00000000eaf20990,0x00000000eaf80000)
  to   space 1536K, 0% used [0x00000000eaf80000,0x00000000eaf80000,0x00000000eb100000)
 ParOldGen       total 491520K, used 491195K [0x00000000c0000000, 0x00000000de000000, 0x00000000eab00000)
  object space 491520K, 99% used [0x00000000c0000000,0x00000000ddfaed60,0x00000000de000000)
 Metaspace       used 77423K, committed 79104K, reserved 1179648K
  class space    used 7714K, committed 8448K, reserved 1048576K
}
Event: 408.957 GC heap after
{Heap after GC invocations=1671 (full 4):
 PSYoungGen      total 5120K, used 368K [0x00000000eab00000, 0x00000000eb100000, 0x0000000100000000)
  eden space 3584K, 0% used [0x00000000eab00000,0x00000000eab00000,0x00000000eae80000)
  from space 1536K, 23% used [0x00000000eaf80000,0x00000000eafdc010,0x00000000eb100000)
  to   space 1024K, 0% used [0x00000000eae80000,0x00000000eae80000,0x00000000eaf80000)
 ParOldGen       total 492544K, used 492283K [0x00000000c0000000, 0x00000000de100000, 0x00000000eab00000)
  object space 492544K, 99% used [0x00000000c0000000,0x00000000de0beed0,0x00000000de100000)
 Metaspace       used 77423K, committed 79104K, reserved 1179648K
  class space    used 7714K, committed 8448K, reserved 1048576K
}
Event: 408.976 GC heap before
{Heap before GC invocations=1672 (full 4):
 PSYoungGen      total 5120K, used 3952K [0x00000000eab00000, 0x00000000eb100000, 0x0000000100000000)
  eden space 3584K, 100% used [0x00000000eab00000,0x00000000eae80000,0x00000000eae80000)
  from space 1536K, 23% used [0x00000000eaf80000,0x00000000eafdc010,0x00000000eb100000)
  to   space 1024K, 0% used [0x00000000eae80000,0x00000000eae80000,0x00000000eaf80000)
 ParOldGen       total 492544K, used 492283K [0x00000000c0000000, 0x00000000de100000, 0x00000000eab00000)
  object space 492544K, 99% used [0x00000000c0000000,0x00000000de0beed0,0x00000000de100000)
 Metaspace       used 77425K, committed 79104K, reserved 1179648K
  class space    used 7714K, committed 8448K, reserved 1048576K
}
Event: 408.978 GC heap after
{Heap after GC invocations=1672 (full 4):
 PSYoungGen      total 4608K, used 628K [0x00000000eab00000, 0x00000000eb180000, 0x0000000100000000)
  eden space 3584K, 0% used [0x00000000eab00000,0x00000000eab00000,0x00000000eae80000)
  from space 1024K, 61% used [0x00000000eae80000,0x00000000eaf1d200,0x00000000eaf80000)
  to   space 1024K, 0% used [0x00000000eb080000,0x00000000eb080000,0x00000000eb180000)
 ParOldGen       total 493056K, used 492579K [0x00000000c0000000, 0x00000000de180000, 0x00000000eab00000)
  object space 493056K, 99% used [0x00000000c0000000,0x00000000de108f10,0x00000000de180000)
 Metaspace       used 77425K, committed 79104K, reserved 1179648K
  class space    used 7714K, committed 8448K, reserved 1048576K
}
Event: 408.985 GC heap before
{Heap before GC invocations=1673 (full 4):
 PSYoungGen      total 4608K, used 4212K [0x00000000eab00000, 0x00000000eb180000, 0x0000000100000000)
  eden space 3584K, 100% used [0x00000000eab00000,0x00000000eae80000,0x00000000eae80000)
  from space 1024K, 61% used [0x00000000eae80000,0x00000000eaf1d200,0x00000000eaf80000)
  to   space 1024K, 0% used [0x00000000eb080000,0x00000000eb080000,0x00000000eb180000)
 ParOldGen       total 493056K, used 492579K [0x00000000c0000000, 0x00000000de180000, 0x00000000eab00000)
  object space 493056K, 99% used [0x00000000c0000000,0x00000000de108f10,0x00000000de180000)
 Metaspace       used 77425K, committed 79104K, reserved 1179648K
  class space    used 7714K, committed 8448K, reserved 1048576K
}
Event: 408.988 GC heap after
{Heap after GC invocations=1673 (full 4):
 PSYoungGen      total 5120K, used 352K [0x00000000eab00000, 0x00000000eb100000, 0x0000000100000000)
  eden space 4608K, 0% used [0x00000000eab00000,0x00000000eab00000,0x00000000eaf80000)
  from space 512K, 68% used [0x00000000eb080000,0x00000000eb0d8000,0x00000000eb100000)
  to   space 512K, 0% used [0x00000000eb000000,0x00000000eb000000,0x00000000eb080000)
 ParOldGen       total 493568K, used 493159K [0x00000000c0000000, 0x00000000de200000, 0x00000000eab00000)
  object space 493568K, 99% used [0x00000000c0000000,0x00000000de199d00,0x00000000de200000)
 Metaspace       used 77425K, committed 79104K, reserved 1179648K
  class space    used 7714K, committed 8448K, reserved 1048576K
}
Event: 412.143 GC heap before
{Heap before GC invocations=1674 (full 4):
 PSYoungGen      total 5120K, used 4960K [0x00000000eab00000, 0x00000000eb100000, 0x0000000100000000)
  eden space 4608K, 100% used [0x00000000eab00000,0x00000000eaf80000,0x00000000eaf80000)
  from space 512K, 68% used [0x00000000eb080000,0x00000000eb0d8000,0x00000000eb100000)
  to   space 512K, 0% used [0x00000000eb000000,0x00000000eb000000,0x00000000eb080000)
 ParOldGen       total 493568K, used 493159K [0x00000000c0000000, 0x00000000de200000, 0x00000000eab00000)
  object space 493568K, 99% used [0x00000000c0000000,0x00000000de199d00,0x00000000de200000)
 Metaspace       used 77437K, committed 79104K, reserved 1179648K
  class space    used 7714K, committed 8448K, reserved 1048576K
}
Event: 412.145 GC heap after
{Heap after GC invocations=1674 (full 4):
 PSYoungGen      total 5120K, used 384K [0x00000000eab00000, 0x00000000eb100000, 0x0000000100000000)
  eden space 4608K, 0% used [0x00000000eab00000,0x00000000eab00000,0x00000000eaf80000)
  from space 512K, 75% used [0x00000000eb000000,0x00000000eb060020,0x00000000eb080000)
  to   space 512K, 0% used [0x00000000eb080000,0x00000000eb080000,0x00000000eb100000)
 ParOldGen       total 493568K, used 493479K [0x00000000c0000000, 0x00000000de200000, 0x00000000eab00000)
  object space 493568K, 99% used [0x00000000c0000000,0x00000000de1e9d20,0x00000000de200000)
 Metaspace       used 77437K, committed 79104K, reserved 1179648K
  class space    used 7714K, committed 8448K, reserved 1048576K
}

Dll operation events (12 events):
Event: 0.029 Loaded shared library c:\Users\nguyen phat dat\.cursor\extensions\redhat.java-1.40.0-win32-x64\jre\21.0.6-win32-x86_64\bin\java.dll
Event: 0.208 Loaded shared library c:\Users\nguyen phat dat\.cursor\extensions\redhat.java-1.40.0-win32-x64\jre\21.0.6-win32-x86_64\bin\zip.dll
Event: 0.233 Loaded shared library C:\Users\nguyen phat dat\.cursor\extensions\redhat.java-1.40.0-win32-x64\jre\21.0.6-win32-x86_64\bin\instrument.dll
Event: 0.252 Loaded shared library C:\Users\nguyen phat dat\.cursor\extensions\redhat.java-1.40.0-win32-x64\jre\21.0.6-win32-x86_64\bin\net.dll
Event: 0.254 Loaded shared library C:\Users\nguyen phat dat\.cursor\extensions\redhat.java-1.40.0-win32-x64\jre\21.0.6-win32-x86_64\bin\nio.dll
Event: 0.259 Loaded shared library C:\Users\nguyen phat dat\.cursor\extensions\redhat.java-1.40.0-win32-x64\jre\21.0.6-win32-x86_64\bin\zip.dll
Event: 0.291 Loaded shared library C:\Users\nguyen phat dat\.cursor\extensions\redhat.java-1.40.0-win32-x64\jre\21.0.6-win32-x86_64\bin\jimage.dll
Event: 0.464 Loaded shared library c:\Users\nguyen phat dat\.cursor\extensions\redhat.java-1.40.0-win32-x64\jre\21.0.6-win32-x86_64\bin\verify.dll
Event: 17.773 Loaded shared library C:\Users\nguyen phat dat\AppData\Roaming\Cursor\User\globalStorage\redhat.java\1.40.0\config_win\org.eclipse.equinox.launcher\org.eclipse.equinox.launcher.win32.win32.x86_64_1.2.1200.v20250212-0927\eclipse_11909.dll
Event: 44.902 Loaded shared library C:\Users\nguyen phat dat\AppData\Local\Temp\jna--71800452\jna18267391897597925690.dll
Event: 53.315 Loaded shared library C:\Users\nguyen phat dat\.cursor\extensions\redhat.java-1.40.0-win32-x64\jre\21.0.6-win32-x86_64\bin\sunmscapi.dll
Event: 55.544 Loaded shared library C:\Users\nguyen phat dat\.cursor\extensions\redhat.java-1.40.0-win32-x64\jre\21.0.6-win32-x86_64\bin\extnet.dll

Deoptimization events (20 events):
Event: 408.617 Thread 0x000002799f191cc0 DEOPT PACKING pc=0x000002794d0c2898 sp=0x0000007db95fe3c0
Event: 408.617 Thread 0x000002799f191cc0 DEOPT UNPACKING pc=0x000002794bce6da2 sp=0x0000007db95fe358 mode 2
Event: 408.619 Thread 0x000002799f191cc0 DEOPT PACKING pc=0x0000027946ec0e78 sp=0x0000007db95fe180
Event: 408.619 Thread 0x000002799f191cc0 DEOPT UNPACKING pc=0x000002794bce78e2 sp=0x0000007db95fd608 mode 0
Event: 408.646 Thread 0x000002799f191cc0 Uncommon trap: trap_request=0xffffff45 fr.pc=0x000002794d051b5c relative=0x000000000000141c
Event: 408.646 Thread 0x000002799f191cc0 Uncommon trap: reason=unstable_if action=reinterpret pc=0x000002794d051b5c method=org.eclipse.jdt.core.compiler.CharOperation.prefixEquals([C[C)Z @ 6 c2
Event: 408.646 Thread 0x000002799f191cc0 DEOPT PACKING pc=0x000002794d051b5c sp=0x0000007db95fdd80
Event: 408.646 Thread 0x000002799f191cc0 DEOPT UNPACKING pc=0x000002794bce6da2 sp=0x0000007db95fdc80 mode 2
Event: 408.937 Thread 0x000002799f191cc0 Uncommon trap: trap_request=0xffffff45 fr.pc=0x000002794d053624 relative=0x00000000000003c4
Event: 408.937 Thread 0x000002799f191cc0 Uncommon trap: reason=unstable_if action=reinterpret pc=0x000002794d053624 method=org.eclipse.jdt.core.compiler.CharOperation.prefixEquals([C[CZI)Z @ 16 c2
Event: 408.937 Thread 0x000002799f191cc0 DEOPT PACKING pc=0x000002794d053624 sp=0x0000007db95fdfd0
Event: 408.937 Thread 0x000002799f191cc0 DEOPT UNPACKING pc=0x000002794bce6da2 sp=0x0000007db95fdf50 mode 2
Event: 408.939 Thread 0x000002799f191cc0 Uncommon trap: trap_request=0xffffffc6 fr.pc=0x000002794d1492f4 relative=0x0000000000000e14
Event: 408.939 Thread 0x000002799f191cc0 Uncommon trap: reason=bimorphic_or_optimized_type_check action=maybe_recompile pc=0x000002794d1492f4 method=org.eclipse.jdt.internal.compiler.parser.Parser.consumeRule(I)V @ 6229 c2
Event: 408.939 Thread 0x000002799f191cc0 DEOPT PACKING pc=0x000002794d1492f4 sp=0x0000007db95fe220
Event: 408.939 Thread 0x000002799f191cc0 DEOPT UNPACKING pc=0x000002794bce6da2 sp=0x0000007db95fe1a8 mode 2
Event: 994.226 Thread 0x000002799e16d180 Uncommon trap: trap_request=0xffffff45 fr.pc=0x000002794d031e40 relative=0x00000000000001c0
Event: 994.226 Thread 0x000002799e16d180 Uncommon trap: reason=unstable_if action=reinterpret pc=0x000002794d031e40 method=com.google.gson.stream.JsonReader.isLiteral(C)Z @ 1 c2
Event: 994.226 Thread 0x000002799e16d180 DEOPT PACKING pc=0x000002794d031e40 sp=0x0000007dba1fe470
Event: 994.227 Thread 0x000002799e16d180 DEOPT UNPACKING pc=0x000002794bce6da2 sp=0x0000007dba1fe390 mode 2

Classes loaded (20 events):
Event: 217.094 Loading class java/util/zip/GZIPInputStream$1
Event: 217.094 Loading class java/util/zip/GZIPInputStream$1 done
Event: 217.303 Loading class java/lang/invoke/MethodHandleImpl$CountingWrapper$1
Event: 217.304 Loading class java/lang/invoke/MethodHandleImpl$CountingWrapper$1 done
Event: 366.423 Loading class java/util/stream/Nodes$CollectorTask$OfRef
Event: 366.424 Loading class java/util/stream/Nodes$CollectorTask
Event: 366.426 Loading class java/util/stream/Nodes$CollectorTask done
Event: 366.426 Loading class java/util/stream/Nodes$CollectorTask$OfRef done
Event: 366.430 Loading class java/util/function/LongFunction
Event: 366.430 Loading class java/util/function/LongFunction done
Event: 366.431 Loading class java/util/stream/Nodes$ConcNode
Event: 366.431 Loading class java/util/stream/Nodes$AbstractConcNode
Event: 366.431 Loading class java/util/stream/Nodes$AbstractConcNode done
Event: 366.431 Loading class java/util/stream/Nodes$ConcNode done
Event: 366.442 Loading class java/io/ObjectOutputStream$BlockDataOutputStream
Event: 366.442 Loading class java/io/ObjectOutputStream$BlockDataOutputStream done
Event: 366.442 Loading class java/io/ObjectOutputStream$HandleTable
Event: 366.443 Loading class java/io/ObjectOutputStream$HandleTable done
Event: 366.443 Loading class java/io/ObjectOutputStream$ReplaceTable
Event: 366.443 Loading class java/io/ObjectOutputStream$ReplaceTable done

Classes unloaded (7 events):
Event: 47.097 Thread 0x0000027941610ce0 Unloading class 0x00000279571a1400 'java/lang/invoke/LambdaForm$MH+0x00000279571a1400'
Event: 47.097 Thread 0x0000027941610ce0 Unloading class 0x00000279571a1000 'java/lang/invoke/LambdaForm$MH+0x00000279571a1000'
Event: 47.097 Thread 0x0000027941610ce0 Unloading class 0x00000279571a0c00 'java/lang/invoke/LambdaForm$MH+0x00000279571a0c00'
Event: 47.097 Thread 0x0000027941610ce0 Unloading class 0x00000279571a0800 'java/lang/invoke/LambdaForm$MH+0x00000279571a0800'
Event: 47.097 Thread 0x0000027941610ce0 Unloading class 0x00000279571a0400 'java/lang/invoke/LambdaForm$BMH+0x00000279571a0400'
Event: 47.097 Thread 0x0000027941610ce0 Unloading class 0x00000279571a0000 'java/lang/invoke/LambdaForm$DMH+0x00000279571a0000'
Event: 47.097 Thread 0x0000027941610ce0 Unloading class 0x000002795719ec00 'java/lang/invoke/LambdaForm$DMH+0x000002795719ec00'

Classes redefined (0 events):
No events

Internal exceptions (20 events):
Event: 219.499 Thread 0x000002799c417a90 Exception <a 'sun/nio/fs/WindowsException'{0x00000000eaed20e8}> (0x00000000eaed20e8) 
thrown [s\src\hotspot\share\prims\jni.cpp, line 520]
Event: 219.502 Thread 0x000002799c417a90 Exception <a 'sun/nio/fs/WindowsException'{0x00000000eaefd130}> (0x00000000eaefd130) 
thrown [s\src\hotspot\share\prims\jni.cpp, line 520]
Event: 219.502 Thread 0x000002799c417a90 Exception <a 'sun/nio/fs/WindowsException'{0x00000000eaefda10}> (0x00000000eaefda10) 
thrown [s\src\hotspot\share\prims\jni.cpp, line 520]
Event: 220.176 Thread 0x000002799c417a90 Exception <a 'sun/nio/fs/WindowsException'{0x00000000eac414e8}> (0x00000000eac414e8) 
thrown [s\src\hotspot\share\prims\jni.cpp, line 520]
Event: 220.176 Thread 0x000002799c417a90 Exception <a 'sun/nio/fs/WindowsException'{0x00000000eac41b18}> (0x00000000eac41b18) 
thrown [s\src\hotspot\share\prims\jni.cpp, line 520]
Event: 220.177 Thread 0x000002799c417a90 Exception <a 'sun/nio/fs/WindowsException'{0x00000000eac425b8}> (0x00000000eac425b8) 
thrown [s\src\hotspot\share\prims\jni.cpp, line 520]
Event: 220.177 Thread 0x000002799c417a90 Exception <a 'sun/nio/fs/WindowsException'{0x00000000eac42be8}> (0x00000000eac42be8) 
thrown [s\src\hotspot\share\prims\jni.cpp, line 520]
Event: 220.187 Thread 0x000002799c417a90 Exception <a 'sun/nio/fs/WindowsException'{0x00000000eac44098}> (0x00000000eac44098) 
thrown [s\src\hotspot\share\prims\jni.cpp, line 520]
Event: 220.188 Thread 0x000002799c417a90 Exception <a 'sun/nio/fs/WindowsException'{0x00000000eac446c8}> (0x00000000eac446c8) 
thrown [s\src\hotspot\share\prims\jni.cpp, line 520]
Event: 220.193 Thread 0x000002799c417a90 Exception <a 'sun/nio/fs/WindowsException'{0x00000000eac62698}> (0x00000000eac62698) 
thrown [s\src\hotspot\share\prims\jni.cpp, line 520]
Event: 220.193 Thread 0x000002799c417a90 Exception <a 'sun/nio/fs/WindowsException'{0x00000000eac62f78}> (0x00000000eac62f78) 
thrown [s\src\hotspot\share\prims\jni.cpp, line 520]
Event: 220.768 Thread 0x000002799c417a90 Implicit null exception at 0x000002794c8242fc to 0x000002794c824854
Event: 220.868 Thread 0x000002799c417a90 Exception <a 'java/lang/NoSuchMethodError'{0x00000000eae38d30}: 'java.lang.Object java.lang.invoke.DirectMethodHandle$Holder.invokeStatic(java.lang.Object, java.lang.Object, int, java.lang.Object)'> (0x00000000eae38d30) 
thrown [s\src\hotspot\share\interpreter\linkResolver.cpp, line 773]
Event: 244.380 Thread 0x000002799d8aa180 Exception <a 'java/lang/NoSuchMethodError'{0x00000000ead74190}: 'java.lang.Object java.lang.invoke.DirectMethodHandle$Holder.invokeStatic(java.lang.Object, int, int, java.lang.Object)'> (0x00000000ead74190) 
thrown [s\src\hotspot\share\interpreter\linkResolver.cpp, line 773]
Event: 244.418 Thread 0x000002799d8aa180 Exception <a 'java/lang/NoSuchMethodError'{0x00000000eae87300}: 'java.lang.Object java.lang.invoke.DirectMethodHandle$Holder.invokeStatic(java.lang.Object, int, java.lang.Object)'> (0x00000000eae87300) 
thrown [s\src\hotspot\share\interpreter\linkResolver.cpp, line 773]
Event: 366.466 Thread 0x000002799c417a90 Exception <a 'java/lang/NoSuchMethodError'{0x00000000eb056030}: static [J.<clinit>()V> (0x00000000eb056030) 
thrown [s\src\hotspot\share\prims\jni.cpp, line 1111]
Event: 366.484 Thread 0x000002799c417a90 Exception <a 'java/lang/NoSuchMethodError'{0x00000000eab0c6e0}: 'java.lang.Object java.lang.invoke.DirectMethodHandle$Holder.newInvokeSpecial(java.lang.Object, java.lang.Object, java.lang.Object, java.lang.Object, java.lang.Object, java.lang.Object, java.lang.Object, java.lang.Object)'> (0x00000000eab0c6e0) 
thrown [s\src\hotspot\share\interpreter\linkResolver.cpp, line 773]
Event: 366.486 Thread 0x000002799c417a90 Implicit null exception at 0x000002794c33dc4e to 0x000002794c33e5a8
Event: 405.912 Thread 0x000002799e16d180 Exception <a 'java/lang/IncompatibleClassChangeError'{0x00000000eac5c4e0}: Found class java.lang.Object, but interface was expected> (0x00000000eac5c4e0) 
thrown [s\src\hotspot\share\interpreter\linkResolver.cpp, line 840]
Event: 671.697 Thread 0x000002799e16d180 Exception <a 'java/lang/IncompatibleClassChangeError'{0x00000000eaba23e0}: Found class java.lang.Object, but interface was expected> (0x00000000eaba23e0) 
thrown [s\src\hotspot\share\interpreter\linkResolver.cpp, line 840]

ZGC Phase Switch (0 events):
No events

VM Operations (20 events):
Event: 413.145 Executing VM operation: Cleanup
Event: 413.145 Executing VM operation: Cleanup done
Event: 420.416 Executing VM operation: HandshakeAllThreads (HandshakeForDeflation)
Event: 420.416 Executing VM operation: HandshakeAllThreads (HandshakeForDeflation) done
Event: 420.416 Executing VM operation: RendezvousGCThreads
Event: 420.416 Executing VM operation: RendezvousGCThreads done
Event: 480.481 Executing VM operation: HandshakeAllThreads (HandshakeForDeflation)
Event: 480.481 Executing VM operation: HandshakeAllThreads (HandshakeForDeflation) done
Event: 480.481 Executing VM operation: RendezvousGCThreads
Event: 480.481 Executing VM operation: RendezvousGCThreads done
Event: 555.499 Executing VM operation: Cleanup
Event: 555.500 Executing VM operation: Cleanup done
Event: 576.506 Executing VM operation: Cleanup
Event: 576.506 Executing VM operation: Cleanup done
Event: 672.531 Executing VM operation: Cleanup
Event: 672.531 Executing VM operation: Cleanup done
Event: 992.640 Executing VM operation: Cleanup
Event: 992.658 Executing VM operation: Cleanup done
Event: 993.658 Executing VM operation: Cleanup
Event: 993.658 Executing VM operation: Cleanup done

Memory protections (0 events):
No events

Nmethod flushes (20 events):
Event: 204.295 Thread 0x0000027941610ce0 flushing  nmethod 0x0000027945760110
Event: 204.295 Thread 0x0000027941610ce0 flushing  nmethod 0x0000027945764290
Event: 204.295 Thread 0x0000027941610ce0 flushing  nmethod 0x0000027945769490
Event: 204.295 Thread 0x0000027941610ce0 flushing osr nmethod 0x000002794576ae10
Event: 204.295 Thread 0x0000027941610ce0 flushing  nmethod 0x000002794576ec90
Event: 204.295 Thread 0x0000027941610ce0 flushing  nmethod 0x000002794577aa10
Event: 204.296 Thread 0x0000027941610ce0 flushing  nmethod 0x0000027945790410
Event: 204.296 Thread 0x0000027941610ce0 flushing  nmethod 0x0000027945796310
Event: 204.296 Thread 0x0000027941610ce0 flushing  nmethod 0x0000027945796b90
Event: 204.296 Thread 0x0000027941610ce0 flushing  nmethod 0x00000279457a3c90
Event: 204.296 Thread 0x0000027941610ce0 flushing  nmethod 0x00000279457a9590
Event: 204.296 Thread 0x0000027941610ce0 flushing  nmethod 0x00000279457a9e10
Event: 204.296 Thread 0x0000027941610ce0 flushing  nmethod 0x00000279457aa890
Event: 204.296 Thread 0x0000027941610ce0 flushing  nmethod 0x00000279457abf10
Event: 204.296 Thread 0x0000027941610ce0 flushing  nmethod 0x00000279457ac990
Event: 204.296 Thread 0x0000027941610ce0 flushing  nmethod 0x00000279457c8510
Event: 204.296 Thread 0x0000027941610ce0 flushing osr nmethod 0x00000279457d5990
Event: 204.296 Thread 0x0000027941610ce0 flushing  nmethod 0x00000279457e0390
Event: 204.296 Thread 0x0000027941610ce0 flushing  nmethod 0x00000279457e5390
Event: 204.296 Thread 0x0000027941610ce0 flushing  nmethod 0x00000279458b5090

Events (20 events):
Event: 405.730 Thread 0x000002799c417a90 Thread added: 0x000002799f18c770
Event: 405.777 Thread 0x000002799c4187b0 Thread added: 0x000002799f1929e0
Event: 405.918 Thread 0x000002799e16d180 Thread added: 0x000002799f18ce00
Event: 405.936 Thread 0x000002799f18ce00 Thread added: 0x000002799f191cc0
Event: 405.975 Thread 0x0000027955917bf0 Thread added: 0x000002799eb216f0
Event: 407.731 Thread 0x000002799eb216f0 Thread exited: 0x000002799eb216f0
Event: 408.018 Thread 0x0000027955917bf0 Thread added: 0x000002799eb216f0
Event: 408.500 Thread 0x000002799eb216f0 Thread exited: 0x000002799eb216f0
Event: 408.709 Thread 0x0000027955917bf0 Thread added: 0x000002799eb216f0
Event: 410.957 Thread 0x000002799eb216f0 Thread exited: 0x000002799eb216f0
Event: 414.646 Thread 0x000002799e170600 Thread exited: 0x000002799e170600
Event: 423.050 Thread 0x000002799d8ae320 Thread exited: 0x000002799d8ae320
Event: 423.185 Thread 0x000002799e16ff70 Thread exited: 0x000002799e16ff70
Event: 423.334 Thread 0x000002799d8abbc0 Thread exited: 0x000002799d8abbc0
Event: 468.003 Thread 0x000002799f18c770 Thread exited: 0x000002799f18c770
Event: 468.003 Thread 0x000002799c4187b0 Thread exited: 0x000002799c4187b0
Event: 472.172 Thread 0x000002799f191cc0 Thread exited: 0x000002799f191cc0
Event: 532.172 Thread 0x000002799f18ce00 Thread exited: 0x000002799f18ce00
Event: 592.172 Thread 0x000002799d8aa810 Thread exited: 0x000002799d8aa810
Event: 992.390 Thread 0x000002799e16d180 Thread added: 0x000002799f18ba50


Dynamic libraries:
0x00007ff6cd220000 - 0x00007ff6cd22e000 	c:\Users\nguyen phat dat\.cursor\extensions\redhat.java-1.40.0-win32-x64\jre\21.0.6-win32-x86_64\bin\java.exe
0x00007ff8b0bd0000 - 0x00007ff8b0de7000 	C:\WINDOWS\SYSTEM32\ntdll.dll
0x00007ff8aeb70000 - 0x00007ff8aec34000 	C:\WINDOWS\System32\KERNEL32.DLL
0x00007ff8adfd0000 - 0x00007ff8ae3a1000 	C:\WINDOWS\System32\KERNELBASE.dll
0x00007ff8ae3b0000 - 0x00007ff8ae4c1000 	C:\WINDOWS\System32\ucrtbase.dll
0x00007ff896680000 - 0x00007ff896698000 	c:\Users\nguyen phat dat\.cursor\extensions\redhat.java-1.40.0-win32-x64\jre\21.0.6-win32-x86_64\bin\jli.dll
0x00007ff8b0130000 - 0x00007ff8b02e1000 	C:\WINDOWS\System32\USER32.dll
0x00007ff8ae6d0000 - 0x00007ff8ae6f6000 	C:\WINDOWS\System32\win32u.dll
0x00007ff8b0400000 - 0x00007ff8b0429000 	C:\WINDOWS\System32\GDI32.dll
0x00007ff8ae780000 - 0x00007ff8ae89b000 	C:\WINDOWS\System32\gdi32full.dll
0x00007ff8adf30000 - 0x00007ff8adfca000 	C:\WINDOWS\System32\msvcp_win.dll
0x00007ff895c80000 - 0x00007ff895c9e000 	c:\Users\nguyen phat dat\.cursor\extensions\redhat.java-1.40.0-win32-x64\jre\21.0.6-win32-x86_64\bin\VCRUNTIME140.dll
0x00007ff89ea20000 - 0x00007ff89ecb2000 	C:\WINDOWS\WinSxS\amd64_microsoft.windows.common-controls_6595b64144ccf1df_6.0.22621.4830_none_270fe7d773858e80\COMCTL32.dll
0x00007ff8ae8b0000 - 0x00007ff8ae957000 	C:\WINDOWS\System32\msvcrt.dll
0x00007ff8ae980000 - 0x00007ff8ae9b1000 	C:\WINDOWS\System32\IMM32.DLL
0x00007ff8a7e80000 - 0x00007ff8a7e8c000 	c:\Users\nguyen phat dat\.cursor\extensions\redhat.java-1.40.0-win32-x64\jre\21.0.6-win32-x86_64\bin\vcruntime140_1.dll
0x00007ff870160000 - 0x00007ff8701ed000 	c:\Users\nguyen phat dat\.cursor\extensions\redhat.java-1.40.0-win32-x64\jre\21.0.6-win32-x86_64\bin\msvcp140.dll
0x00007ff84a480000 - 0x00007ff84b210000 	c:\Users\nguyen phat dat\.cursor\extensions\redhat.java-1.40.0-win32-x64\jre\21.0.6-win32-x86_64\bin\server\jvm.dll
0x00007ff8b0ac0000 - 0x00007ff8b0b71000 	C:\WINDOWS\System32\ADVAPI32.dll
0x00007ff8b08d0000 - 0x00007ff8b0977000 	C:\WINDOWS\System32\sechost.dll
0x00007ff8ade80000 - 0x00007ff8adea8000 	C:\WINDOWS\System32\bcrypt.dll
0x00007ff8aea30000 - 0x00007ff8aeb44000 	C:\WINDOWS\System32\RPCRT4.dll
0x00007ff8aec40000 - 0x00007ff8aecb1000 	C:\WINDOWS\System32\WS2_32.dll
0x00007ff8ad570000 - 0x00007ff8ad5bd000 	C:\WINDOWS\SYSTEM32\POWRPROF.dll
0x00007ff8a6560000 - 0x00007ff8a6594000 	C:\WINDOWS\SYSTEM32\WINMM.dll
0x00007ff8a61b0000 - 0x00007ff8a61ba000 	C:\WINDOWS\SYSTEM32\VERSION.dll
0x00007ff8ad550000 - 0x00007ff8ad563000 	C:\WINDOWS\SYSTEM32\UMPDC.dll
0x00007ff8acd30000 - 0x00007ff8acd48000 	C:\WINDOWS\SYSTEM32\kernel.appcore.dll
0x00007ff8a5a50000 - 0x00007ff8a5a5a000 	c:\Users\nguyen phat dat\.cursor\extensions\redhat.java-1.40.0-win32-x64\jre\21.0.6-win32-x86_64\bin\jimage.dll
0x00007ff8ab5e0000 - 0x00007ff8ab812000 	C:\WINDOWS\SYSTEM32\DBGHELP.DLL
0x00007ff8b0540000 - 0x00007ff8b08d0000 	C:\WINDOWS\System32\combase.dll
0x00007ff8b0980000 - 0x00007ff8b0a57000 	C:\WINDOWS\System32\OLEAUT32.dll
0x00007ff87a3c0000 - 0x00007ff87a3f2000 	C:\WINDOWS\SYSTEM32\dbgcore.DLL
0x00007ff8ae700000 - 0x00007ff8ae77b000 	C:\WINDOWS\System32\bcryptPrimitives.dll
0x00007ff8a5a20000 - 0x00007ff8a5a2f000 	c:\Users\nguyen phat dat\.cursor\extensions\redhat.java-1.40.0-win32-x64\jre\21.0.6-win32-x86_64\bin\instrument.dll
0x00007ff880250000 - 0x00007ff88026f000 	c:\Users\nguyen phat dat\.cursor\extensions\redhat.java-1.40.0-win32-x64\jre\21.0.6-win32-x86_64\bin\java.dll
0x00007ff8af7f0000 - 0x00007ff8b0078000 	C:\WINDOWS\System32\SHELL32.dll
0x00007ff8ae4d0000 - 0x00007ff8ae60f000 	C:\WINDOWS\System32\wintypes.dll
0x00007ff8abc20000 - 0x00007ff8ac52d000 	C:\WINDOWS\SYSTEM32\windows.storage.dll
0x00007ff8b0430000 - 0x00007ff8b053a000 	C:\WINDOWS\System32\SHCORE.dll
0x00007ff8ae9c0000 - 0x00007ff8aea1e000 	C:\WINDOWS\System32\shlwapi.dll
0x00007ff8adc40000 - 0x00007ff8adc6b000 	C:\WINDOWS\SYSTEM32\profapi.dll
0x00007ff87dc60000 - 0x00007ff87dc78000 	c:\Users\nguyen phat dat\.cursor\extensions\redhat.java-1.40.0-win32-x64\jre\21.0.6-win32-x86_64\bin\zip.dll
0x00007ff89fe60000 - 0x00007ff89fe70000 	C:\Users\nguyen phat dat\.cursor\extensions\redhat.java-1.40.0-win32-x64\jre\21.0.6-win32-x86_64\bin\net.dll
0x00007ff8a7a50000 - 0x00007ff8a7b7c000 	C:\WINDOWS\SYSTEM32\WINHTTP.dll
0x00007ff8ad240000 - 0x00007ff8ad2aa000 	C:\WINDOWS\system32\mswsock.dll
0x00007ff87dc40000 - 0x00007ff87dc56000 	C:\Users\nguyen phat dat\.cursor\extensions\redhat.java-1.40.0-win32-x64\jre\21.0.6-win32-x86_64\bin\nio.dll
0x00007ff89fa80000 - 0x00007ff89fa90000 	c:\Users\nguyen phat dat\.cursor\extensions\redhat.java-1.40.0-win32-x64\jre\21.0.6-win32-x86_64\bin\verify.dll
0x00007ff875e50000 - 0x00007ff875e95000 	C:\Users\nguyen phat dat\AppData\Roaming\Cursor\User\globalStorage\redhat.java\1.40.0\config_win\org.eclipse.equinox.launcher\org.eclipse.equinox.launcher.win32.win32.x86_64_1.2.1200.v20250212-0927\eclipse_11909.dll
0x00007ff8aecc0000 - 0x00007ff8aee61000 	C:\WINDOWS\System32\ole32.dll
0x00007ff8ad4a0000 - 0x00007ff8ad4bb000 	C:\WINDOWS\SYSTEM32\CRYPTSP.dll
0x00007ff8acc90000 - 0x00007ff8accc7000 	C:\WINDOWS\system32\rsaenh.dll
0x00007ff8ad330000 - 0x00007ff8ad358000 	C:\WINDOWS\SYSTEM32\USERENV.dll
0x00007ff8ad490000 - 0x00007ff8ad49c000 	C:\WINDOWS\SYSTEM32\CRYPTBASE.dll
0x00007ff8ac7d0000 - 0x00007ff8ac7fd000 	C:\WINDOWS\SYSTEM32\IPHLPAPI.DLL
0x00007ff8af790000 - 0x00007ff8af799000 	C:\WINDOWS\System32\NSI.dll
0x00007ff87deb0000 - 0x00007ff87def9000 	C:\Users\nguyen phat dat\AppData\Local\Temp\jna--71800452\jna18267391897597925690.dll
0x00007ff8ae8a0000 - 0x00007ff8ae8a8000 	C:\WINDOWS\System32\PSAPI.DLL
0x00007ff8a7d50000 - 0x00007ff8a7d69000 	C:\WINDOWS\SYSTEM32\dhcpcsvc6.DLL
0x00007ff8a78e0000 - 0x00007ff8a78ff000 	C:\WINDOWS\SYSTEM32\dhcpcsvc.DLL
0x00007ff895cb0000 - 0x00007ff895cbe000 	C:\Users\nguyen phat dat\.cursor\extensions\redhat.java-1.40.0-win32-x64\jre\21.0.6-win32-x86_64\bin\sunmscapi.dll
0x00007ff8add10000 - 0x00007ff8ade76000 	C:\WINDOWS\System32\CRYPT32.dll
0x00007ff8ad6b0000 - 0x00007ff8ad6dd000 	C:\WINDOWS\SYSTEM32\ncrypt.dll
0x00007ff8ad670000 - 0x00007ff8ad6a7000 	C:\WINDOWS\SYSTEM32\NTASN1.dll
0x00007ff8ac800000 - 0x00007ff8ac902000 	C:\WINDOWS\SYSTEM32\DNSAPI.dll
0x00007ff8a7d40000 - 0x00007ff8a7d4a000 	C:\Windows\System32\rasadhlp.dll
0x00007ff8a5da0000 - 0x00007ff8a5e23000 	C:\WINDOWS\System32\fwpuclnt.dll
0x00007ff895ca0000 - 0x00007ff895ca9000 	C:\Users\nguyen phat dat\.cursor\extensions\redhat.java-1.40.0-win32-x64\jre\21.0.6-win32-x86_64\bin\extnet.dll

dbghelp: loaded successfully - version: 4.0.5 - missing functions: none
symbol engine: initialized successfully - sym options: 0x614 - pdb path: .;c:\Users\nguyen phat dat\.cursor\extensions\redhat.java-1.40.0-win32-x64\jre\21.0.6-win32-x86_64\bin;C:\WINDOWS\SYSTEM32;C:\WINDOWS\WinSxS\amd64_microsoft.windows.common-controls_6595b64144ccf1df_6.0.22621.4830_none_270fe7d773858e80;c:\Users\nguyen phat dat\.cursor\extensions\redhat.java-1.40.0-win32-x64\jre\21.0.6-win32-x86_64\bin\server;C:\Users\nguyen phat dat\AppData\Roaming\Cursor\User\globalStorage\redhat.java\1.40.0\config_win\org.eclipse.equinox.launcher\org.eclipse.equinox.launcher.win32.win32.x86_64_1.2.1200.v20250212-0927;C:\Users\nguyen phat dat\AppData\Local\Temp\jna--71800452

VM Arguments:
jvm_args: --add-modules=ALL-SYSTEM --add-opens=java.base/java.util=ALL-UNNAMED --add-opens=java.base/java.lang=ALL-UNNAMED --add-opens=java.base/sun.nio.fs=ALL-UNNAMED -Declipse.application=org.eclipse.jdt.ls.core.id1 -Dosgi.bundles.defaultStartLevel=4 -Declipse.product=org.eclipse.jdt.ls.core.product -Djava.import.generatesMetadataFilesAtProjectRoot=false -DDetectVMInstallationsJob.disabled=true -Dfile.encoding=utf8 -XX:+UseParallelGC -XX:GCTimeRatio=4 -XX:AdaptiveSizePolicyWeight=90 -Dsun.zip.disableMemoryMapping=true -Xmx1G -Xms100m -Xlog:disable -javaagent:c:\Users\nguyen phat dat\.cursor\extensions\redhat.java-1.40.0-win32-x64\lombok\lombok-1.18.36.jar -XX:+HeapDumpOnOutOfMemoryError -XX:HeapDumpPath=c:\Users\nguyen phat dat\AppData\Roaming\Cursor\User\workspaceStorage\d9761c6cf0865b2f3b179032c507731e\redhat.java -Daether.dependencyCollector.impl=bf 
java_command: c:\Users\nguyen phat dat\.cursor\extensions\redhat.java-1.40.0-win32-x64\server\plugins\org.eclipse.equinox.launcher_1.6.1000.v20250131-0606.jar -configuration c:\Users\nguyen phat dat\AppData\Roaming\Cursor\User\globalStorage\redhat.java\1.40.0\config_win -data c:\Users\nguyen phat dat\AppData\Roaming\Cursor\User\workspaceStorage\d9761c6cf0865b2f3b179032c507731e\redhat.java\jdt_ws --pipe=\\.\pipe\lsp-675eb74a3dcb6f7f2c3ac601fc539f36-sock
java_class_path (initial): c:\Users\nguyen phat dat\.cursor\extensions\redhat.java-1.40.0-win32-x64\server\plugins\org.eclipse.equinox.launcher_1.6.1000.v20250131-0606.jar
Launcher Type: SUN_STANDARD

[Global flags]
    uintx AdaptiveSizePolicyWeight                 = 90                                        {product} {command line}
     intx CICompilerCount                          = 3                                         {product} {ergonomic}
    uintx GCTimeRatio                              = 4                                         {product} {command line}
     bool HeapDumpOnOutOfMemoryError               = true                                   {manageable} {command line}
    ccstr HeapDumpPath                             = c:\Users\nguyen phat dat\AppData\Roaming\Cursor\User\workspaceStorage\d9761c6cf0865b2f3b179032c507731e\redhat.java         {manageable} {command line}
   size_t InitialHeapSize                          = 104857600                                 {product} {command line}
   size_t MaxHeapSize                              = 1073741824                                {product} {command line}
   size_t MaxNewSize                               = 357564416                                 {product} {ergonomic}
   size_t MinHeapDeltaBytes                        = 524288                                    {product} {ergonomic}
   size_t MinHeapSize                              = 104857600                                 {product} {command line}
   size_t NewSize                                  = 34603008                                  {product} {ergonomic}
    uintx NonNMethodCodeHeapSize                   = 5832780                                {pd product} {ergonomic}
    uintx NonProfiledCodeHeapSize                  = 122912730                              {pd product} {ergonomic}
   size_t OldSize                                  = 70254592                                  {product} {ergonomic}
    uintx ProfiledCodeHeapSize                     = 122912730                              {pd product} {ergonomic}
    uintx ReservedCodeCacheSize                    = 251658240                              {pd product} {ergonomic}
     bool SegmentedCodeCache                       = true                                      {product} {ergonomic}
   size_t SoftMaxHeapSize                          = 1073741824                             {manageable} {ergonomic}
     bool UseCompressedOops                        = true                           {product lp64_product} {ergonomic}
     bool UseLargePagesIndividualAllocation        = false                                  {pd product} {ergonomic}
     bool UseParallelGC                            = true                                      {product} {command line}

Logging:
Log output configuration:
 #0: stdout all=off uptime,level,tags foldmultilines=false
 #1: stderr all=off uptime,level,tags foldmultilines=false

Environment Variables:
PATH=d:\dowload\cursor\resources\app\bin;C:\Program Files (x86)\Common Files\Oracle\Java\javapath;C:\Program Files\Common Files\Oracle\Java\javapath;C:\WINDOWS\system32;C:\WINDOWS;C:\WINDOWS\System32\Wbem;C:\WINDOWS\System32\WindowsPowerShell\v1.0\;C:\WINDOWS\System32\OpenSSH\;C:\Program Files\Azure Data Studio\bin;C:\Program Files\nodejs\;C:\Program Files\dotnet\;C:\Program Files (x86)\Microsoft SQL Server\160\Tools\Binn\;C:\Program Files\Microsoft SQL Server\160\Tools\Binn\;C:\Program Files\Microsoft SQL Server\Client SDK\ODBC\170\Tools\Binn\;C:\Program Files\Microsoft SQL Server\160\DTS\Binn\;C:\Program Files (x86)\Microsoft SQL Server\160\DTS\Binn\;D:\dowload\Git\Git\cmd;D:\dowload\Git\Git\bin;C:\Program Files\Microsoft SQL Server\150\Tools\Binn\;D:\dowload\xampp\php;D:\dowload\xampp;D:\dowload\7-Zip;D:\dowload\ffmpeg-7.1-full_build\ffmpeg-7.1-full_build\bin;D:\dowload\laragon\laragon\bin\mysql\mysql-8.0.30-winx64\bin;C:\Users\nguyen phat dat\AppData\Local\Microsoft\WindowsApps;C:\Program Files\Docker\Docker\resources\bin;C:\Users\nguyen phat dat\AppData\Local\Microsoft\WindowsApps;C:\Program Files\Azure Data Studio\bin;C:\Users\nguyen phat dat\AppData\Local\Programs\Microsoft VS Code\bin;D:\dowload\JAVA\IntelliJ IDEA Community Edition 2022.3\bin;;C:\Users\nguyen phat dat\AppData\Roaming\npm;C:\Program Files\nodejs;C:\Users\nguyen phat dat\.dotnet\tools;C:\Program Files\Git\bin;D:\dowload\7-Zip;D:\dowload\cursor\resources\app\bin
USERNAME=nguyen phat dat
OS=Windows_NT
PROCESSOR_IDENTIFIER=Intel64 Family 6 Model 140 Stepping 1, GenuineIntel
TMP=C:\Users\NGUYEN~1\AppData\Local\Temp
TEMP=C:\Users\NGUYEN~1\AppData\Local\Temp




Periodic native trim disabled

---------------  S Y S T E M  ---------------

OS:
 Windows 11 , 64 bit Build 22621 (10.0.22621.4974)
OS uptime: 0 days 9:36 hours
Hyper-V role detected

CPU: total 4 (initial active 4) (2 cores per cpu, 2 threads per core) family 6 model 140 stepping 1 microcode 0x86, cx8, cmov, fxsr, ht, mmx, 3dnowpref, sse, sse2, sse3, ssse3, sse4.1, sse4.2, popcnt, lzcnt, tsc, tscinvbit, avx, avx2, aes, erms, clmul, bmi1, bmi2, adx, avx512f, avx512dq, avx512cd, avx512bw, avx512vl, sha, fma, vzeroupper, avx512_vpopcntdq, avx512_vpclmulqdq, avx512_vaes, avx512_vnni, clflush, clflushopt, clwb, avx512_vbmi2, avx512_vbmi, hv, rdtscp, rdpid, fsrm, gfni, avx512_bitalg, f16c, cet_ibt, cet_ss, avx512_ifma
Processor Information for the first 4 processors :
  Max Mhz: 2995, Current Mhz: 2995, Mhz Limit: 2995

Memory: 4k page, system-wide physical 7886M (296M free)
TotalPageFile size 16670M (AvailPageFile size 0M)
current process WorkingSet (physical memory assigned to process): 79M, peak: 700M
current process commit charge ("private bytes"): 785M, peak: 965M

vm_info: OpenJDK 64-Bit Server VM (21.0.6+7-LTS) for windows-amd64 JRE (21.0.6+7-LTS), built on 2025-01-21T00:00:00Z by "admin" with MS VC++ 17.7 (VS2022)

END.
